Archive member included because of file (symbol)

c:/freescale/kds_3.0.0/toolchain/bin/../lib/gcc/arm-none-eabi/4.8.4/armv6-m\libgcc.a(_udivsi3.o)
                              ./Sources/TEST_FUNCTIONS/io_tpm_test.o (__aeabi_uidiv)
c:/freescale/kds_3.0.0/toolchain/bin/../lib/gcc/arm-none-eabi/4.8.4/armv6-m\libgcc.a(_divsi3.o)
                              ./Sources/MCU_DRIVERS/ASY/io_bluetooth.o (__aeabi_idiv)
c:/freescale/kds_3.0.0/toolchain/bin/../lib/gcc/arm-none-eabi/4.8.4/armv6-m\libgcc.a(_dvmd_tls.o)
                              c:/freescale/kds_3.0.0/toolchain/bin/../lib/gcc/arm-none-eabi/4.8.4/armv6-m\libgcc.a(_udivsi3.o) (__aeabi_idiv0)
c:/freescale/kds_3.0.0/toolchain/bin/../lib/gcc/arm-none-eabi/4.8.4/armv6-m\libgcc.a(_arm_cmpsf2.o)
                              ./Sources/OTHER_FUNCTIONS/io_func_main.o (__aeabi_fcmplt)
c:/freescale/kds_3.0.0/toolchain/bin/../lib/gcc/arm-none-eabi/4.8.4/armv6-m\libgcc.a(eqsf2.o)
                              c:/freescale/kds_3.0.0/toolchain/bin/../lib/gcc/arm-none-eabi/4.8.4/armv6-m\libgcc.a(_arm_cmpsf2.o) (__eqsf2)
c:/freescale/kds_3.0.0/toolchain/bin/../lib/gcc/arm-none-eabi/4.8.4/armv6-m\libgcc.a(gesf2.o)
                              c:/freescale/kds_3.0.0/toolchain/bin/../lib/gcc/arm-none-eabi/4.8.4/armv6-m\libgcc.a(_arm_cmpsf2.o) (__gesf2)
c:/freescale/kds_3.0.0/toolchain/bin/../lib/gcc/arm-none-eabi/4.8.4/armv6-m\libgcc.a(lesf2.o)
                              c:/freescale/kds_3.0.0/toolchain/bin/../lib/gcc/arm-none-eabi/4.8.4/armv6-m\libgcc.a(_arm_cmpsf2.o) (__lesf2)
c:/freescale/kds_3.0.0/toolchain/bin/../lib/gcc/arm-none-eabi/4.8.4/../../../../arm-none-eabi/lib/armv6-m\libg_s.a(lib_a-calloc.o)
                              ./Sources/MCU_DRIVERS/TPM/io_tpm.o (calloc)
c:/freescale/kds_3.0.0/toolchain/bin/../lib/gcc/arm-none-eabi/4.8.4/../../../../arm-none-eabi/lib/armv6-m\libg_s.a(lib_a-exit.o)
                              c:/freescale/kds_3.0.0/toolchain/bin/../lib/gcc/arm-none-eabi/4.8.4/../../../../arm-none-eabi/lib/armv6-m/crt0.o (exit)
c:/freescale/kds_3.0.0/toolchain/bin/../lib/gcc/arm-none-eabi/4.8.4/../../../../arm-none-eabi/lib/armv6-m\libg_s.a(lib_a-impure.o)
                              c:/freescale/kds_3.0.0/toolchain/bin/../lib/gcc/arm-none-eabi/4.8.4/../../../../arm-none-eabi/lib/armv6-m\libg_s.a(lib_a-exit.o) (_global_impure_ptr)
c:/freescale/kds_3.0.0/toolchain/bin/../lib/gcc/arm-none-eabi/4.8.4/../../../../arm-none-eabi/lib/armv6-m\libg_s.a(lib_a-init.o)
                              c:/freescale/kds_3.0.0/toolchain/bin/../lib/gcc/arm-none-eabi/4.8.4/../../../../arm-none-eabi/lib/armv6-m/crt0.o (__libc_init_array)
c:/freescale/kds_3.0.0/toolchain/bin/../lib/gcc/arm-none-eabi/4.8.4/../../../../arm-none-eabi/lib/armv6-m\libg_s.a(lib_a-malloc.o)
                              ./Sources/HW_INTERFACES/STEPPER_MOTOR/io_smc_main.o (malloc)
c:/freescale/kds_3.0.0/toolchain/bin/../lib/gcc/arm-none-eabi/4.8.4/../../../../arm-none-eabi/lib/armv6-m\libg_s.a(lib_a-memset.o)
                              c:/freescale/kds_3.0.0/toolchain/bin/../lib/gcc/arm-none-eabi/4.8.4/../../../../arm-none-eabi/lib/armv6-m/crt0.o (memset)
c:/freescale/kds_3.0.0/toolchain/bin/../lib/gcc/arm-none-eabi/4.8.4/../../../../arm-none-eabi/lib/armv6-m\libg_s.a(lib_a-nano-callocr.o)
                              c:/freescale/kds_3.0.0/toolchain/bin/../lib/gcc/arm-none-eabi/4.8.4/../../../../arm-none-eabi/lib/armv6-m\libg_s.a(lib_a-calloc.o) (_calloc_r)
c:/freescale/kds_3.0.0/toolchain/bin/../lib/gcc/arm-none-eabi/4.8.4/../../../../arm-none-eabi/lib/armv6-m\libg_s.a(lib_a-nano-freer.o)
                              c:/freescale/kds_3.0.0/toolchain/bin/../lib/gcc/arm-none-eabi/4.8.4/../../../../arm-none-eabi/lib/armv6-m\libg_s.a(lib_a-malloc.o) (_free_r)
c:/freescale/kds_3.0.0/toolchain/bin/../lib/gcc/arm-none-eabi/4.8.4/../../../../arm-none-eabi/lib/armv6-m\libg_s.a(lib_a-nano-mallocr.o)
                              c:/freescale/kds_3.0.0/toolchain/bin/../lib/gcc/arm-none-eabi/4.8.4/../../../../arm-none-eabi/lib/armv6-m\libg_s.a(lib_a-malloc.o) (_malloc_r)
c:/freescale/kds_3.0.0/toolchain/bin/../lib/gcc/arm-none-eabi/4.8.4/../../../../arm-none-eabi/lib/armv6-m\libg_s.a(lib_a-sbrkr.o)
                              c:/freescale/kds_3.0.0/toolchain/bin/../lib/gcc/arm-none-eabi/4.8.4/../../../../arm-none-eabi/lib/armv6-m\libg_s.a(lib_a-nano-mallocr.o) (_sbrk_r)
c:/freescale/kds_3.0.0/toolchain/bin/../lib/gcc/arm-none-eabi/4.8.4/../../../../arm-none-eabi/lib/armv6-m\libg_s.a(lib_a-reent.o)
                              c:/freescale/kds_3.0.0/toolchain/bin/../lib/gcc/arm-none-eabi/4.8.4/../../../../arm-none-eabi/lib/armv6-m\libg_s.a(lib_a-sbrkr.o) (errno)
c:/freescale/kds_3.0.0/toolchain/bin/../lib/gcc/arm-none-eabi/4.8.4/../../../../arm-none-eabi/lib/armv6-m\libnosys.a(sbrk.o)
                              c:/freescale/kds_3.0.0/toolchain/bin/../lib/gcc/arm-none-eabi/4.8.4/../../../../arm-none-eabi/lib/armv6-m\libg_s.a(lib_a-sbrkr.o) (_sbrk)
[...]
Memory Configuration

Name             Origin             Length             Attributes
m_interrupts     0x00000000         0x00000100         xr
m_flash_config   0x00000400         0x00000010         xr
m_text           0x00000410         0x0001fbf0         xr
m_data           0x1ffff000         0x00004000         rw
*default*        0x00000000         0xffffffff

Linker script and memory map

LOAD c:/freescale/kds_3.0.0/toolchain/bin/../lib/gcc/arm-none-eabi/4.8.4/armv6-m/crti.o
LOAD c:/freescale/kds_3.0.0/toolchain/bin/../lib/gcc/arm-none-eabi/4.8.4/armv6-m/crtbegin.o
LOAD c:/freescale/kds_3.0.0/toolchain/bin/../lib/gcc/arm-none-eabi/4.8.4/../../../../arm-none-eabi/lib/armv6-m/crt0.o
LOAD ./Sources/TEST_FUNCTIONS/io_adc_test.o
LOAD ./Sources/TEST_FUNCTIONS/io_tpm_test.o
LOAD ./Sources/SYSTEM/SCHEDULER/io_sch_cnf.o
LOAD ./Sources/SYSTEM/SCHEDULER/io_sch_main.o
LOAD ./Sources/SYSTEM/OS/io_os_main.o
LOAD ./Sources/SYSTEM/ERROR_HANDLING/io_traps_main.o
LOAD ./Sources/OTHER_FUNCTIONS/io_func_main.o
LOAD ./Sources/MCU_DRIVERS/TPM/io_tpm.o
LOAD ./Sources/MCU_DRIVERS/TPM/io_tpm_cnf.o
LOAD ./Sources/MCU_DRIVERS/TIMER/io_tim_main.o
LOAD ./Sources/MCU_DRIVERS/PCS/io_pcs.o
LOAD ./Sources/MCU_DRIVERS/PCS/io_pcs_cnf.o
LOAD ./Sources/MCU_DRIVERS/INT/io_int.o
LOAD ./Sources/MCU_DRIVERS/INT/io_int_cnf.o
LOAD ./Sources/MCU_DRIVERS/DIO/io_dio.o
LOAD ./Sources/MCU_DRIVERS/ASY/io_asy.o
LOAD ./Sources/MCU_DRIVERS/ASY/io_bluetooth.o
LOAD ./Sources/MCU_DRIVERS/ASY/io_cnfasy.o
LOAD ./Sources/MCU_DRIVERS/ADC/io_adc.o
LOAD ./Sources/MCU_DRIVERS/ADC/io_adc_cnf.o
LOAD ./Sources/HW_INTERFACES/STEPPER_MOTOR/io_smc_cnf.o
LOAD ./Sources/HW_INTERFACES/STEPPER_MOTOR/io_smc_main.o
LOAD ./Sources/HW_INTERFACES/SENSORS/sensors.o
LOAD ./Sources/HW_INTERFACES/H_BRIDGE/io_hbr_cnf.o
LOAD ./Sources/HW_INTERFACES/H_BRIDGE/io_hbr_main.o
LOAD ./Sources/APPLICATION/ALGO/SPEED_CALC/app_robo_speed_calc.o
LOAD ./Sources/APPLICATION/ALGO/PATH_PLANNER/app_path_planner.o
LOAD ./Sources/APPLICATION/ALGO/DISTANCE_CALC/app_dist_calc.o
LOAD ./Sources/APPLICATION/ALGO/CAR_MOVEMENT/app_robo_car_movement.o
LOAD ./Sources/main.o
LOAD ./Project_Settings/Startup_Code/startup_MKL26Z4.o
LOAD ./Project_Settings/Startup_Code/system_MKL26Z4.o
LOAD c:/freescale/kds_3.0.0/toolchain/bin/../lib/gcc/arm-none-eabi/4.8.4/../../../../arm-none-eabi/lib/armv6-m\libstdc++_s.a
LOAD c:/freescale/kds_3.0.0/toolchain/bin/../lib/gcc/arm-none-eabi/4.8.4/../../../../arm-none-eabi/lib/armv6-m\libm.a
START GROUP
LOAD c:/freescale/kds_3.0.0/toolchain/bin/../lib/gcc/arm-none-eabi/4.8.4/armv6-m\libgcc.a
LOAD c:/freescale/kds_3.0.0/toolchain/bin/../lib/gcc/arm-none-eabi/4.8.4/../../../../arm-none-eabi/lib/armv6-m\libg_s.a
LOAD c:/freescale/kds_3.0.0/toolchain/bin/../lib/gcc/arm-none-eabi/4.8.4/../../../../arm-none-eabi/lib/armv6-m\libc_s.a
END GROUP
START GROUP
LOAD c:/freescale/kds_3.0.0/toolchain/bin/../lib/gcc/arm-none-eabi/4.8.4/armv6-m\libgcc.a
LOAD c:/freescale/kds_3.0.0/toolchain/bin/../lib/gcc/arm-none-eabi/4.8.4/../../../../arm-none-eabi/lib/armv6-m\libc_s.a
LOAD c:/freescale/kds_3.0.0/toolchain/bin/../lib/gcc/arm-none-eabi/4.8.4/../../../../arm-none-eabi/lib/armv6-m\libnosys.a
END GROUP
START GROUP
LOAD c:/freescale/kds_3.0.0/toolchain/bin/../lib/gcc/arm-none-eabi/4.8.4/armv6-m\libgcc.a
LOAD c:/freescale/kds_3.0.0/toolchain/bin/../lib/gcc/arm-none-eabi/4.8.4/../../../../arm-none-eabi/lib/armv6-m\libc_s.a
LOAD c:/freescale/kds_3.0.0/toolchain/bin/../lib/gcc/arm-none-eabi/4.8.4/../../../../arm-none-eabi/lib/armv6-m\libnosys.a
END GROUP
LOAD c:/freescale/kds_3.0.0/toolchain/bin/../lib/gcc/arm-none-eabi/4.8.4/armv6-m/crtend.o
LOAD c:/freescale/kds_3.0.0/toolchain/bin/../lib/gcc/arm-none-eabi/4.8.4/armv6-m/crtn.o
                0x00000400                HEAP_SIZE = DEFINED (__heap_size__)?__heap_size__:0x400
                0x00000400                STACK_SIZE = DEFINED (__stack_size__)?__stack_size__:0x400

.interrupts     0x00000000       0xc0
                0x00000000                __VECTOR_TABLE = .
                0x00000000                . = ALIGN (0x4)
 *(.isr_vector)
 .isr_vector    0x00000000       0xc0 ./Project_Settings/Startup_Code/startup_MKL26Z4.o
                0x00000000                __isr_vector
                0x000000c0                . = ALIGN (0x4)

.flash_config   0x00000400       0x10
                0x00000400                . = ALIGN (0x4)
 *(.FlashConfig)
 .FlashConfig   0x00000400       0x10 ./Project_Settings/Startup_Code/startup_MKL26Z4.o
                0x00000410                . = ALIGN (0x4)

.text           0x00000410     0x4078
                0x00000410                . = ALIGN (0x4)
 *(.text)
 .text          0x00000410       0x60 c:/freescale/kds_3.0.0/toolchain/bin/../lib/gcc/arm-none-eabi/4.8.4/armv6-m/crtbegin.o
 .text          0x00000470       0x78 c:/freescale/kds_3.0.0/toolchain/bin/../lib/gcc/arm-none-eabi/4.8.4/../../../../arm-none-eabi/lib/armv6-m/crt0.o
                0x00000470                _start
                0x00000470                _mainCRTStartup
 .text          0x000004e8       0x34 ./Project_Settings/Startup_Code/startup_MKL26Z4.o
                0x000004e8                Reset_Handler
                0x00000514                Reserved20_IRQHandler
                0x00000514                Reserved45_IRQHandler
                0x00000514                DefaultISR
 .text          0x0000051c       0x9c c:/freescale/kds_3.0.0/toolchain/bin/../lib/gcc/arm-none-eabi/4.8.4/armv6-m\libgcc.a(_udivsi3.o)
                0x0000051c                __aeabi_uidiv
                0x0000051c                __udivsi3
                0x000005a4                __aeabi_uidivmod
 .text          0x000005b8       0xc0 c:/freescale/kds_3.0.0/toolchain/bin/../lib/gcc/arm-none-eabi/4.8.4/armv6-m\libgcc.a(_divsi3.o)
                0x000005b8                __divsi3
                0x000005b8                __aeabi_idiv
                0x00000664                __aeabi_idivmod
 .text          0x00000678        0x4 c:/freescale/kds_3.0.0/toolchain/bin/../lib/gcc/arm-none-eabi/4.8.4/armv6-m\libgcc.a(_dvmd_tls.o)
                0x00000678                __aeabi_idiv0
                0x00000678                __aeabi_ldiv0
 *(.text*)
 .text.Io_Sch_PrjHookTaskBackground
                0x0000067c       0x1c ./Sources/SYSTEM/SCHEDULER/io_sch_cnf.o
 .text.Io_Sch_PrjHookTask1ms
                0x00000698       0x44 ./Sources/SYSTEM/SCHEDULER/io_sch_cnf.o
 .text.Io_Sch_PrjHookTask10ms
                0x000006dc       0x3c ./Sources/SYSTEM/SCHEDULER/io_sch_cnf.o
 .text.Io_Sch_PrjHookTask50ms
                0x00000718       0x1c ./Sources/SYSTEM/SCHEDULER/io_sch_cnf.o
 .text.Io_Sch_PrjHookTask100ms
                0x00000734       0x30 ./Sources/SYSTEM/SCHEDULER/io_sch_cnf.o
 .text.Io_Sch_PrjHookTask1000ms
                0x00000764       0x70 ./Sources/SYSTEM/SCHEDULER/io_sch_cnf.o
 .text.Io_Sch_StartOs
                0x000007d4       0x9c ./Sources/SYSTEM/SCHEDULER/io_sch_main.o
                0x000007d4                Io_Sch_StartOs
 .text.Io_Sch_PeriodicTask
                0x00000870       0x50 ./Sources/SYSTEM/SCHEDULER/io_sch_main.o
                0x00000870                Io_Sch_PeriodicTask
 .text.Io_Os_ForceReset
                0x000008c0        0xc ./Sources/SYSTEM/OS/io_os_main.o
 .text.Io_Os_Init
                0x000008cc       0x50 ./Sources/SYSTEM/OS/io_os_main.o
                0x000008cc                Io_Os_Init
 .text.Io_Os_InsertTask
                0x0000091c       0xbc ./Sources/SYSTEM/OS/io_os_main.o
                0x0000091c                Io_Os_InsertTask
 .text.Io_Os_PriorityHandler
                0x000009d8       0xd8 ./Sources/SYSTEM/OS/io_os_main.o
                0x000009d8                Io_Os_PriorityHandler
 .text.Io_Os_PeriodicHandler
                0x00000ab0       0xc8 ./Sources/SYSTEM/OS/io_os_main.o
                0x00000ab0                Io_Os_PeriodicHandler
 .text.Io_Func_ShlU32
                0x00000b78       0x24 ./Sources/OTHER_FUNCTIONS/io_func_main.o
                0x00000b78                Io_Func_ShlU32
 .text.Io_Func_ShrU32
                0x00000b9c       0x24 ./Sources/OTHER_FUNCTIONS/io_func_main.o
                0x00000b9c                Io_Func_ShrU32
 .text.Io_Tpm_Initialization
                0x00000bc0      0x398 ./Sources/MCU_DRIVERS/TPM/io_tpm.o
                0x00000bc0                Io_Tpm_Initialization
 .text.Io_Tpm_PwmChangeDutycycle
                0x00000f58       0xb0 ./Sources/MCU_DRIVERS/TPM/io_tpm.o
                0x00000f58                Io_Tpm_PwmChangeDutycycle
 .text.Io_Tpm_getTpm
                0x00001008       0x50 ./Sources/MCU_DRIVERS/TPM/io_tpm.o
 .text.Io_Tpm_LimitDutycycle
                0x00001058       0x3c ./Sources/MCU_DRIVERS/TPM/io_tpm.o
 .text.Io_Tpm_LimitPeriod
                0x00001094       0x24 ./Sources/MCU_DRIVERS/TPM/io_tpm.o
 .text.Io_Pcs_Initialization
                0x000010b8      0x190 ./Sources/MCU_DRIVERS/PCS/io_pcs.o
                0x000010b8                Io_Pcs_Initialization
 .text.Io_Pcs_GetInfo
                0x00001248       0xd0 ./Sources/MCU_DRIVERS/PCS/io_pcs.o
                0x00001248                Io_Pcs_GetInfo
 .text.Io_Pcs_Portc_Portd_Isr
                0x00001318       0xfc ./Sources/MCU_DRIVERS/PCS/io_pcs.o
                0x00001318                Io_Pcs_Portc_Portd_Isr
 .text.Io_Int_EnableInterrupts
                0x00001414       0x10 ./Sources/MCU_DRIVERS/INT/io_int.o
                0x00001414                Io_Int_EnableInterrupts
 .text.Io_Int_DisableInterrupts
                0x00001424        0xc ./Sources/MCU_DRIVERS/INT/io_int.o
                0x00001424                Io_Int_DisableInterrupts
 .text.Io_Int_Initialization
                0x00001430      0x100 ./Sources/MCU_DRIVERS/INT/io_int.o
                0x00001430                Io_Int_Initialization
 .text.Io_Int_NVIC_Enable
                0x00001530       0x28 ./Sources/MCU_DRIVERS/INT/io_int.o
                0x00001530                Io_Int_NVIC_Enable
 .text.Io_Int_SetPriority
                0x00001558       0xe8 ./Sources/MCU_DRIVERS/INT/io_int.o
                0x00001558                Io_Int_SetPriority
 .text.Io_Int_Enable_Systick_Interrupt
                0x00001640       0x18 ./Sources/MCU_DRIVERS/INT/io_int.o
                0x00001640                Io_Int_Enable_Systick_Interrupt
 .text.Io_Int_NVIC_ClearPending
                0x00001658       0x28 ./Sources/MCU_DRIVERS/INT/io_int.o
                0x00001658                Io_Int_NVIC_ClearPending
 .text.Io_Int_ProcessHandler
                0x00001680       0x54 ./Sources/MCU_DRIVERS/INT/io_int.o
                0x00001680                Io_Int_ProcessHandler
 .text.Io_Int_Dummy
                0x000016d4        0x8 ./Sources/MCU_DRIVERS/INT/io_int.o
                0x000016d4                Io_Int_Dummy
 .text.NMI_Handler
                0x000016dc       0x14 ./Sources/MCU_DRIVERS/INT/io_int.o
                0x000016dc                NMI_Handler
 .text.HardFault_Handler
                0x000016f0       0x14 ./Sources/MCU_DRIVERS/INT/io_int.o
                0x000016f0                HardFault_Handler
 .text.SVC_Handler
                0x00001704       0x14 ./Sources/MCU_DRIVERS/INT/io_int.o
                0x00001704                SVC_Handler
 .text.PendSV_Handler
                0x00001718       0x14 ./Sources/MCU_DRIVERS/INT/io_int.o
                0x00001718                PendSV_Handler
 .text.SysTick_Handler
                0x0000172c       0x14 ./Sources/MCU_DRIVERS/INT/io_int.o
                0x0000172c                SysTick_Handler
 .text.DMA0_IRQHandler
                0x00001740       0x10 ./Sources/MCU_DRIVERS/INT/io_int.o
                0x00001740                DMA0_IRQHandler
 .text.DMA1_IRQHandler
                0x00001750       0x10 ./Sources/MCU_DRIVERS/INT/io_int.o
                0x00001750                DMA1_IRQHandler
 .text.DMA2_IRQHandler
                0x00001760       0x10 ./Sources/MCU_DRIVERS/INT/io_int.o
                0x00001760                DMA2_IRQHandler
 .text.DMA3_IRQHandler
                0x00001770       0x10 ./Sources/MCU_DRIVERS/INT/io_int.o
                0x00001770                DMA3_IRQHandler
 .text.FTFA_IRQHandler
                0x00001780       0x10 ./Sources/MCU_DRIVERS/INT/io_int.o
                0x00001780                FTFA_IRQHandler
 .text.LVD_LVW_IRQHandler
                0x00001790       0x10 ./Sources/MCU_DRIVERS/INT/io_int.o
                0x00001790                LVD_LVW_IRQHandler
 .text.LLWU_IRQHandler
                0x000017a0       0x10 ./Sources/MCU_DRIVERS/INT/io_int.o
                0x000017a0                LLWU_IRQHandler
 .text.I2C0_IRQHandler
                0x000017b0       0x10 ./Sources/MCU_DRIVERS/INT/io_int.o
                0x000017b0                I2C0_IRQHandler
 .text.I2C1_IRQHandler
                0x000017c0       0x10 ./Sources/MCU_DRIVERS/INT/io_int.o
                0x000017c0                I2C1_IRQHandler
 .text.SPI0_IRQHandler
                0x000017d0       0x10 ./Sources/MCU_DRIVERS/INT/io_int.o
                0x000017d0                SPI0_IRQHandler
 .text.SPI1_IRQHandler
                0x000017e0       0x10 ./Sources/MCU_DRIVERS/INT/io_int.o
                0x000017e0                SPI1_IRQHandler
 .text.UART0_IRQHandler
                0x000017f0       0x10 ./Sources/MCU_DRIVERS/INT/io_int.o
                0x000017f0                UART0_IRQHandler
 .text.UART1_IRQHandler
                0x00001800       0x10 ./Sources/MCU_DRIVERS/INT/io_int.o
                0x00001800                UART1_IRQHandler
 .text.UART2_IRQHandler
                0x00001810       0x10 ./Sources/MCU_DRIVERS/INT/io_int.o
                0x00001810                UART2_IRQHandler
 .text.ADC0_IRQHandler
                0x00001820       0x10 ./Sources/MCU_DRIVERS/INT/io_int.o
                0x00001820                ADC0_IRQHandler
 .text.CMP0_IRQHandler
                0x00001830       0x10 ./Sources/MCU_DRIVERS/INT/io_int.o
                0x00001830                CMP0_IRQHandler
 .text.TPM0_IRQHandler
                0x00001840       0x10 ./Sources/MCU_DRIVERS/INT/io_int.o
                0x00001840                TPM0_IRQHandler
 .text.TPM1_IRQHandler
                0x00001850       0x10 ./Sources/MCU_DRIVERS/INT/io_int.o
                0x00001850                TPM1_IRQHandler
 .text.TPM2_IRQHandler
                0x00001860       0x10 ./Sources/MCU_DRIVERS/INT/io_int.o
                0x00001860                TPM2_IRQHandler
 .text.RTC_IRQHandler
                0x00001870       0x10 ./Sources/MCU_DRIVERS/INT/io_int.o
                0x00001870                RTC_IRQHandler
 .text.RTC_Seconds_IRQHandler
                0x00001880       0x10 ./Sources/MCU_DRIVERS/INT/io_int.o
                0x00001880                RTC_Seconds_IRQHandler
 .text.PIT_IRQHandler
                0x00001890       0x10 ./Sources/MCU_DRIVERS/INT/io_int.o
                0x00001890                PIT_IRQHandler
 .text.I2S0_IRQHandler
                0x000018a0       0x10 ./Sources/MCU_DRIVERS/INT/io_int.o
                0x000018a0                I2S0_IRQHandler
 .text.USB0_IRQHandler
                0x000018b0       0x10 ./Sources/MCU_DRIVERS/INT/io_int.o
                0x000018b0                USB0_IRQHandler
 .text.DAC0_IRQHandler
                0x000018c0       0x10 ./Sources/MCU_DRIVERS/INT/io_int.o
                0x000018c0                DAC0_IRQHandler
 .text.TSI0_IRQHandler
                0x000018d0       0x10 ./Sources/MCU_DRIVERS/INT/io_int.o
                0x000018d0                TSI0_IRQHandler
 .text.MCG_IRQHandler
                0x000018e0       0x10 ./Sources/MCU_DRIVERS/INT/io_int.o
                0x000018e0                MCG_IRQHandler
 .text.LPTMR0_IRQHandler
                0x000018f0       0x10 ./Sources/MCU_DRIVERS/INT/io_int.o
                0x000018f0                LPTMR0_IRQHandler
 .text.PORTA_IRQHandler
                0x00001900       0x10 ./Sources/MCU_DRIVERS/INT/io_int.o
                0x00001900                PORTA_IRQHandler
 .text.PORTC_PORTD_IRQHandler
                0x00001910       0x10 ./Sources/MCU_DRIVERS/INT/io_int.o
                0x00001910                PORTC_PORTD_IRQHandler
 .text.Io_Dio_GetPinLevel
                0x00001920       0xc8 ./Sources/MCU_DRIVERS/DIO/io_dio.o
                0x00001920                Io_Dio_GetPinLevel
 .text.Io_Dio_SetPinLevel
                0x000019e8       0x98 ./Sources/MCU_DRIVERS/DIO/io_dio.o
                0x000019e8                Io_Dio_SetPinLevel
 .text.Io_Asy_Initialization
                0x00001a80       0x64 ./Sources/MCU_DRIVERS/ASY/io_asy.o
                0x00001a80                Io_Asy_Initialization
 .text.Io_Asy_Ch_Initialization
                0x00001ae4      0x320 ./Sources/MCU_DRIVERS/ASY/io_asy.o
                0x00001ae4                Io_Asy_Ch_Initialization
 .text.Io_Asy_SetBaudrate
                0x00001e04      0x12c ./Sources/MCU_DRIVERS/ASY/io_asy.o
                0x00001e04                Io_Asy_SetBaudrate
 .text.Io_Asy_CalculateBaudrate
                0x00001f30       0x30 ./Sources/MCU_DRIVERS/ASY/io_asy.o
                0x00001f30                Io_Asy_CalculateBaudrate
 .text.Io_Asy_Asy0_Isr
                0x00001f60       0x28 ./Sources/MCU_DRIVERS/ASY/io_asy.o
                0x00001f60                Io_Asy_Asy0_Isr
 .text.Io_Asy_Asy1_Isr
                0x00001f88       0x28 ./Sources/MCU_DRIVERS/ASY/io_asy.o
                0x00001f88                Io_Asy_Asy1_Isr
 .text.Io_Asy_Asy2_Isr
                0x00001fb0       0x20 ./Sources/MCU_DRIVERS/ASY/io_asy.o
                0x00001fb0                Io_Asy_Asy2_Isr
 .text.UART1_sendchar
                0x00001fd0       0x3c ./Sources/MCU_DRIVERS/ASY/io_asy.o
                0x00001fd0                UART1_sendchar
 .text.UART0_receivechar
                0x0000200c       0x34 ./Sources/MCU_DRIVERS/ASY/io_asy.o
                0x0000200c                UART0_receivechar
 .text.UART1_receivechar
                0x00002040       0x34 ./Sources/MCU_DRIVERS/ASY/io_asy.o
                0x00002040                UART1_receivechar
 .text.UART2_receivechar
                0x00002074       0x34 ./Sources/MCU_DRIVERS/ASY/io_asy.o
                0x00002074                UART2_receivechar
 .text.mask     0x000020a8       0xf0 ./Sources/MCU_DRIVERS/ASY/io_bluetooth.o
                0x000020a8                mask
 .text.Io_Bluetooth_State
                0x00002198      0x4f4 ./Sources/MCU_DRIVERS/ASY/io_bluetooth.o
                0x00002198                Io_Bluetooth_State
 .text.ASY_TX_Signal
                0x0000268c       0x14 ./Sources/MCU_DRIVERS/ASY/io_cnfasy.o
                0x0000268c                ASY_TX_Signal
 .text.ASY_RX_Signal
                0x000026a0       0x14 ./Sources/MCU_DRIVERS/ASY/io_cnfasy.o
                0x000026a0                ASY_RX_Signal
 .text.ASY_ERR_Signal
                0x000026b4       0x14 ./Sources/MCU_DRIVERS/ASY/io_cnfasy.o
                0x000026b4                ASY_ERR_Signal
 .text.Io_Adc_Initialization
                0x000026c8       0xb0 ./Sources/MCU_DRIVERS/ADC/io_adc.o
                0x000026c8                Io_Adc_Initialization
 .text.Io_Adc_Autoscan
                0x00002778       0x88 ./Sources/MCU_DRIVERS/ADC/io_adc.o
                0x00002778                Io_Adc_Autoscan
 .text.Io_Adc_Isr
                0x00002800       0xd4 ./Sources/MCU_DRIVERS/ADC/io_adc.o
                0x00002800                Io_Adc_Isr
 .text.Io_Adc_GetResult
                0x000028d4       0x94 ./Sources/MCU_DRIVERS/ADC/io_adc.o
                0x000028d4                Io_Adc_GetResult
 .text.Io_Adc_GetResultmV
                0x00002968       0x44 ./Sources/MCU_DRIVERS/ADC/io_adc.o
                0x00002968                Io_Adc_GetResultmV
 .text.Sens_Initialization
                0x000029ac       0xa4 ./Sources/HW_INTERFACES/SENSORS/sensors.o
                0x000029ac                Sens_Initialization
 .text.Sens_GetSensorSample
                0x00002a50       0x3c ./Sources/HW_INTERFACES/SENSORS/sensors.o
                0x00002a50                Sens_GetSensorSample
 .text.Sens_CalculateSamplesMean
                0x00002a8c       0x68 ./Sources/HW_INTERFACES/SENSORS/sensors.o
                0x00002a8c                Sens_CalculateSamplesMean
 .text.Sens_CalculateDistanceCm
                0x00002af4      0x134 ./Sources/HW_INTERFACES/SENSORS/sensors.o
                0x00002af4                Sens_CalculateDistanceCm
 .text.Io_Hbr_Initialization
                0x00002c28       0x6c ./Sources/HW_INTERFACES/H_BRIDGE/io_hbr_main.o
                0x00002c28                Io_Hbr_Initialization
 .text.Io_Hbr_Set_State
                0x00002c94      0x220 ./Sources/HW_INTERFACES/H_BRIDGE/io_hbr_main.o
                0x00002c94                Io_Hbr_Set_State
 .text.Io_Hbr_Get_State
                0x00002eb4      0x1ac ./Sources/HW_INTERFACES/H_BRIDGE/io_hbr_main.o
                0x00002eb4                Io_Hbr_Get_State
 .text.Io_Hbr_Update
                0x00003060      0x184 ./Sources/HW_INTERFACES/H_BRIDGE/io_hbr_main.o
                0x00003060                Io_Hbr_Update
 .text.Algo_Robo_Sc_InitializeSpeedCalc
                0x000031e4       0x4c ./Sources/APPLICATION/ALGO/SPEED_CALC/app_robo_speed_calc.o
                0x000031e4                Algo_Robo_Sc_InitializeSpeedCalc
 .text.Algo_Robo_Pp_InitializePathPlanner
                0x00003230      0x104 ./Sources/APPLICATION/ALGO/PATH_PLANNER/app_path_planner.o
                0x00003230                Algo_Robo_Pp_InitializePathPlanner
 .text.Algo_Robo_Pp_StartParallelParking
                0x00003334       0x4c ./Sources/APPLICATION/ALGO/PATH_PLANNER/app_path_planner.o
                0x00003334                Algo_Robo_Pp_StartParallelParking
 .text.Algo_Robo_Pp_ParallelParkingAlgorithm
                0x00003380       0x54 ./Sources/APPLICATION/ALGO/PATH_PLANNER/app_path_planner.o
                0x00003380                Algo_Robo_Pp_ParallelParkingAlgorithm
 .text.Algo_Robo_Pp_CarDecisionParallelPark
                0x000033d4      0x154 ./Sources/APPLICATION/ALGO/PATH_PLANNER/app_path_planner.o
                0x000033d4                Algo_Robo_Pp_CarDecisionParallelPark
 .text.Algo_Robo_Pp_CarDecisionScheduler
                0x00003528      0x1e8 ./Sources/APPLICATION/ALGO/PATH_PLANNER/app_path_planner.o
                0x00003528                Algo_Robo_Pp_CarDecisionScheduler
 .text.Algo_Robo_Pp_DetermineNextCarState
                0x00003710      0x200 ./Sources/APPLICATION/ALGO/PATH_PLANNER/app_path_planner.o
                0x00003710                Algo_Robo_Pp_DetermineNextCarState
 .text.Algo_Robo_Pp_CalculateRotationTime
                0x00003910       0x34 ./Sources/APPLICATION/ALGO/PATH_PLANNER/app_path_planner.o
                0x00003910                Algo_Robo_Pp_CalculateRotationTime
 .text.Algo_Dc_GetAllSensorsSample
                0x00003944       0x40 ./Sources/APPLICATION/ALGO/DISTANCE_CALC/app_dist_calc.o
                0x00003944                Algo_Dc_GetAllSensorsSample
 .text.Algo_Dc_CalculateSensorsDistances
                0x00003984       0xbc ./Sources/APPLICATION/ALGO/DISTANCE_CALC/app_dist_calc.o
                0x00003984                Algo_Dc_CalculateSensorsDistances
 .text.Algo_Robo_Cm_InitializeCarMovement
                0x00003a40       0x30 ./Sources/APPLICATION/ALGO/CAR_MOVEMENT/app_robo_car_movement.o
                0x00003a40                Algo_Robo_Cm_InitializeCarMovement
 .text.Algo_Robo_Cm_UpdateCarSpeed
                0x00003a70       0x5c ./Sources/APPLICATION/ALGO/CAR_MOVEMENT/app_robo_car_movement.o
                0x00003a70                Algo_Robo_Cm_UpdateCarSpeed
 .text.Algo_Robo_Cm_MoveCarForward
                0x00003acc       0x38 ./Sources/APPLICATION/ALGO/CAR_MOVEMENT/app_robo_car_movement.o
                0x00003acc                Algo_Robo_Cm_MoveCarForward
 .text.Algo_Robo_Cm_MoveCarBackward
                0x00003b04       0x38 ./Sources/APPLICATION/ALGO/CAR_MOVEMENT/app_robo_car_movement.o
                0x00003b04                Algo_Robo_Cm_MoveCarBackward
 .text.Algo_Robo_Cm_RotateCarLeft
                0x00003b3c       0x54 ./Sources/APPLICATION/ALGO/CAR_MOVEMENT/app_robo_car_movement.o
                0x00003b3c                Algo_Robo_Cm_RotateCarLeft
 .text.Algo_Robo_Cm_RotateCarRight
                0x00003b90       0x54 ./Sources/APPLICATION/ALGO/CAR_MOVEMENT/app_robo_car_movement.o
                0x00003b90                Algo_Robo_Cm_RotateCarRight
 .text.Algo_Robo_Cm_StopCar
                0x00003be4       0x2c ./Sources/APPLICATION/ALGO/CAR_MOVEMENT/app_robo_car_movement.o
                0x00003be4                Algo_Robo_Cm_StopCar
 .text.Algo_Robo_Cm_LimitDutycycle
                0x00003c10       0x4c ./Sources/APPLICATION/ALGO/CAR_MOVEMENT/app_robo_car_movement.o
 .text.main     0x00003c5c       0x80 ./Sources/main.o
                0x00003c5c                main
 .text.SystemInit
                0x00003cdc      0x1bc ./Project_Settings/Startup_Code/system_MKL26Z4.o
                0x00003cdc                SystemInit
 .text.calloc   0x00003e98       0x18 c:/freescale/kds_3.0.0/toolchain/bin/../lib/gcc/arm-none-eabi/4.8.4/../../../../arm-none-eabi/lib/armv6-m\libg_s.a(lib_a-calloc.o)
                0x00003e98                calloc
 .text.exit     0x00003eb0       0x2c c:/freescale/kds_3.0.0/toolchain/bin/../lib/gcc/arm-none-eabi/4.8.4/../../../../arm-none-eabi/lib/armv6-m\libg_s.a(lib_a-exit.o)
                0x00003eb0                exit
 .text.__libc_init_array
                0x00003edc       0x4c c:/freescale/kds_3.0.0/toolchain/bin/../lib/gcc/arm-none-eabi/4.8.4/../../../../arm-none-eabi/lib/armv6-m\libg_s.a(lib_a-init.o)
                0x00003edc                __libc_init_array
 .text.memset   0x00003f28       0x10 c:/freescale/kds_3.0.0/toolchain/bin/../lib/gcc/arm-none-eabi/4.8.4/../../../../arm-none-eabi/lib/armv6-m\libg_s.a(lib_a-memset.o)
                0x00003f28                memset
 .text._calloc_r
                0x00003f38       0x1c c:/freescale/kds_3.0.0/toolchain/bin/../lib/gcc/arm-none-eabi/4.8.4/../../../../arm-none-eabi/lib/armv6-m\libg_s.a(lib_a-nano-callocr.o)
                0x00003f38                _calloc_r
 .text._malloc_r
                0x00003f54       0xa8 c:/freescale/kds_3.0.0/toolchain/bin/../lib/gcc/arm-none-eabi/4.8.4/../../../../arm-none-eabi/lib/armv6-m\libg_s.a(lib_a-nano-mallocr.o)
                0x00003f54                _malloc_r
 .text._sbrk_r  0x00003ffc       0x24 c:/freescale/kds_3.0.0/toolchain/bin/../lib/gcc/arm-none-eabi/4.8.4/../../../../arm-none-eabi/lib/armv6-m\libg_s.a(lib_a-sbrkr.o)
                0x00003ffc                _sbrk_r
 .text._sbrk    0x00004020       0x34 c:/freescale/kds_3.0.0/toolchain/bin/../lib/gcc/arm-none-eabi/4.8.4/../../../../arm-none-eabi/lib/armv6-m\libnosys.a(sbrk.o)
                0x00004020                _sbrk
 .text._exit    0x00004054        0x4 c:/freescale/kds_3.0.0/toolchain/bin/../lib/gcc/arm-none-eabi/4.8.4/../../../../arm-none-eabi/lib/armv6-m\libnosys.a(_exit.o)
                0x00004054                _exit
 *(.rodata)
 *(.rodata*)
 .rodata.Io_Sch_OsTasks
                0x00004058       0x30 ./Sources/SYSTEM/SCHEDULER/io_sch_cnf.o
                0x00004058                Io_Sch_OsTasks
 .rodata.Io_Sch_OsConfig
                0x00004088        0x8 ./Sources/SYSTEM/SCHEDULER/io_sch_cnf.o
                0x00004088                Io_Sch_OsConfig
 .rodata.Io_Tpm_Pwm_Ch_Cnf
                0x00004090       0x24 ./Sources/MCU_DRIVERS/TPM/io_tpm_cnf.o
                0x00004090                Io_Tpm_Pwm_Ch_Cnf
 .rodata.Io_Tpm_Dcm_Ch_Cnf
                0x000040b4        0x0 ./Sources/MCU_DRIVERS/TPM/io_tpm_cnf.o
                0x000040b4                Io_Tpm_Dcm_Ch_Cnf
 .rodata.Io_Tpm_Dev_Cnf
                0x000040b4       0x24 ./Sources/MCU_DRIVERS/TPM/io_tpm_cnf.o
                0x000040b4                Io_Tpm_Dev_Cnf
 .rodata.Io_Tpm_Cnf
                0x000040d8       0x18 ./Sources/MCU_DRIVERS/TPM/io_tpm_cnf.o
                0x000040d8                Io_Tpm_Cnf
 .rodata.Io_Pcs_PortTab
                0x000040f0       0x14 ./Sources/MCU_DRIVERS/PCS/io_pcs.o
                0x000040f0                Io_Pcs_PortTab
 .rodata.Io_Pcs_FGPIO
                0x00004104       0x14 ./Sources/MCU_DRIVERS/PCS/io_pcs.o
                0x00004104                Io_Pcs_FGPIO
 .rodata.Io_Pcs_GetInfo
                0x00004118       0x18 ./Sources/MCU_DRIVERS/PCS/io_pcs.o
 .rodata.Io_Pcs_PortCnf
                0x00004130      0x174 ./Sources/MCU_DRIVERS/PCS/io_pcs_cnf.o
                0x00004130                Io_Pcs_PortCnf
 .rodata.Io_Pcs_Cnf
                0x000042a4        0x8 ./Sources/MCU_DRIVERS/PCS/io_pcs_cnf.o
                0x000042a4                Io_Pcs_Cnf
 .rodata.Io_Int_InterruptCnf
                0x000042ac       0x30 ./Sources/MCU_DRIVERS/INT/io_int_cnf.o
                0x000042ac                Io_Int_InterruptCnf
 .rodata.Io_Int_Cnf
                0x000042dc        0x8 ./Sources/MCU_DRIVERS/INT/io_int_cnf.o
                0x000042dc                Io_Int_Cnf
 .rodata.Io_Dio_PortTab
                0x000042e4       0x14 ./Sources/MCU_DRIVERS/DIO/io_dio.o
                0x000042e4                Io_Dio_PortTab
 .rodata.Io_Bluetooth_State
                0x000042f8       0x74 ./Sources/MCU_DRIVERS/ASY/io_bluetooth.o
 .rodata.asy_tx_sig0
                0x0000436c        0x8 ./Sources/MCU_DRIVERS/ASY/io_cnfasy.o
                0x0000436c                asy_tx_sig0
 .rodata.asy_rx_sig0
                0x00004374        0x8 ./Sources/MCU_DRIVERS/ASY/io_cnfasy.o
                0x00004374                asy_rx_sig0
 .rodata.asy_err_sig0
                0x0000437c        0x8 ./Sources/MCU_DRIVERS/ASY/io_cnfasy.o
                0x0000437c                asy_err_sig0
 .rodata.asy_tx_sig1
                0x00004384        0x8 ./Sources/MCU_DRIVERS/ASY/io_cnfasy.o
                0x00004384                asy_tx_sig1
 .rodata.asy_rx_sig1
                0x0000438c        0x8 ./Sources/MCU_DRIVERS/ASY/io_cnfasy.o
                0x0000438c                asy_rx_sig1
 .rodata.asy_err_sig1
                0x00004394        0x8 ./Sources/MCU_DRIVERS/ASY/io_cnfasy.o
                0x00004394                asy_err_sig1
 .rodata.asy_channels
                0x0000439c       0x28 ./Sources/MCU_DRIVERS/ASY/io_cnfasy.o
                0x0000439c                asy_channels
 .rodata.config_asy_device
                0x000043c4        0x8 ./Sources/MCU_DRIVERS/ASY/io_cnfasy.o
                0x000043c4                config_asy_device
 .rodata.config_adc_autoscan_channels
                0x000043cc        0xc ./Sources/MCU_DRIVERS/ADC/io_adc_cnf.o
                0x000043cc                config_adc_autoscan_channels
 .rodata.config_adc_ptr
                0x000043d8        0x8 ./Sources/MCU_DRIVERS/ADC/io_adc_cnf.o
                0x000043d8                config_adc_ptr
 .rodata.Io_Hbr_PortCnf
                0x000043e0       0x18 ./Sources/HW_INTERFACES/H_BRIDGE/io_hbr_cnf.o
                0x000043e0                Io_Hbr_PortCnf
 .rodata.Io_Hbr_Cnf
                0x000043f8        0x8 ./Sources/HW_INTERFACES/H_BRIDGE/io_hbr_cnf.o
                0x000043f8                Io_Hbr_Cnf
 .rodata.Io_Hbr_Set_State
                0x00004400       0x14 ./Sources/HW_INTERFACES/H_BRIDGE/io_hbr_main.o
 .rodata.Algo_Robo_Pp_CarDecisionParallelPark
                0x00004414       0x28 ./Sources/APPLICATION/ALGO/PATH_PLANNER/app_path_planner.o
 .rodata.Algo_Robo_Pp_CarDecisionScheduler
                0x0000443c       0x14 ./Sources/APPLICATION/ALGO/PATH_PLANNER/app_path_planner.o
 .rodata.Algo_Robo_Pp_DetermineNextCarState
                0x00004450       0x18 ./Sources/APPLICATION/ALGO/PATH_PLANNER/app_path_planner.o
 .rodata.str1.1
                0x00004468        0x2 c:/freescale/kds_3.0.0/toolchain/bin/../lib/gcc/arm-none-eabi/4.8.4/../../../../arm-none-eabi/lib/armv6-m\libg_s.a(lib_a-impure.o)
 *fill*         0x0000446a        0x2 
 .rodata._global_impure_ptr
                0x0000446c        0x4 c:/freescale/kds_3.0.0/toolchain/bin/../lib/gcc/arm-none-eabi/4.8.4/../../../../arm-none-eabi/lib/armv6-m\libg_s.a(lib_a-impure.o)
                0x0000446c                _global_impure_ptr
 *(.glue_7)
 .glue_7        0x00000000        0x0 linker stubs
 *(.glue_7t)
 .glue_7t       0x00000000        0x0 linker stubs
 *(.eh_frame)
 .eh_frame      0x00004470        0x0 c:/freescale/kds_3.0.0/toolchain/bin/../lib/gcc/arm-none-eabi/4.8.4/armv6-m/crtbegin.o
 *(.init)
 .init          0x00004470        0x4 c:/freescale/kds_3.0.0/toolchain/bin/../lib/gcc/arm-none-eabi/4.8.4/armv6-m/crti.o
                0x00004470                _init
 .init          0x00004474        0x8 c:/freescale/kds_3.0.0/toolchain/bin/../lib/gcc/arm-none-eabi/4.8.4/armv6-m/crtn.o
 *(.fini)
 .fini          0x0000447c        0x4 c:/freescale/kds_3.0.0/toolchain/bin/../lib/gcc/arm-none-eabi/4.8.4/armv6-m/crti.o
                0x0000447c                _fini
 .fini          0x00004480        0x8 c:/freescale/kds_3.0.0/toolchain/bin/../lib/gcc/arm-none-eabi/4.8.4/armv6-m/crtn.o
                0x00004488                . = ALIGN (0x4)

.vfp11_veneer   0x00004488        0x0
 .vfp11_veneer  0x00000000        0x0 linker stubs

.v4_bx          0x00004488        0x0
 .v4_bx         0x00000000        0x0 linker stubs

.iplt           0x00004488        0x0
 .iplt          0x00000000        0x0 c:/freescale/kds_3.0.0/toolchain/bin/../lib/gcc/arm-none-eabi/4.8.4/armv6-m/crtbegin.o

.ARM.extab
 *(.ARM.extab* .gnu.linkonce.armextab.*)

.ARM            0x00004488        0x8
                0x00004488                __exidx_start = .
 *(.ARM.exidx*)
 .ARM.exidx     0x00004488        0x8 c:/freescale/kds_3.0.0/toolchain/bin/../lib/gcc/arm-none-eabi/4.8.4/../../../../arm-none-eabi/lib/armv6-m/crt0.o
                0x00004490                __exidx_end = .

.rel.dyn        0x00004490        0x0
 .rel.iplt      0x00000000        0x0 c:/freescale/kds_3.0.0/toolchain/bin/../lib/gcc/arm-none-eabi/4.8.4/armv6-m/crtbegin.o

.ctors          0x00004490        0x0
                0x00004490                __CTOR_LIST__ = .
 *crtbegin.o(.ctors)
 *crtbegin?.o(.ctors)
 *(EXCLUDE_FILE(*crtend.o *crtend?.o) .ctors)
 *(SORT(.ctors.*))
 *(.ctors)
                0x00004490                __CTOR_END__ = .

.dtors          0x00004490        0x0
                0x00004490                __DTOR_LIST__ = .
 *crtbegin.o(.dtors)
 *crtbegin?.o(.dtors)
 *(EXCLUDE_FILE(*crtend.o *crtend?.o) .dtors)
 *(SORT(.dtors.*))
 *(.dtors)
                0x00004490                __DTOR_END__ = .

.preinit_array  0x00004490        0x0
                0x00004490                PROVIDE (__preinit_array_start, .)
 *(.preinit_array*)
                0x00004490                PROVIDE (__preinit_array_end, .)

.init_array     0x00004490        0x4
                0x00004490                PROVIDE (__init_array_start, .)
 *(SORT(.init_array.*))
 *(.init_array*)
 .init_array    0x00004490        0x4 c:/freescale/kds_3.0.0/toolchain/bin/../lib/gcc/arm-none-eabi/4.8.4/armv6-m/crtbegin.o
                0x00004494                PROVIDE (__init_array_end, .)

.fini_array     0x00004494        0x4
                0x00004494                PROVIDE (__fini_array_start, .)
 *(SORT(.fini_array.*))
 *(.fini_array*)
 .fini_array    0x00004494        0x4 c:/freescale/kds_3.0.0/toolchain/bin/../lib/gcc/arm-none-eabi/4.8.4/armv6-m/crtbegin.o
                0x00004498                PROVIDE (__fini_array_end, .)
                0x00004498                __etext = .
                0x00004498                __DATA_ROM = .

.mtb            0x1ffff000        0x0
                0x1ffff000                . = ALIGN (0x8)
                0x1ffff000                _mtb_start = .
 *(.mtb_buf)
                0x1ffff000                . = ALIGN (0x8)
                0x1ffff000                _mtb_end = .

.data           0x1ffff000       0x70 load address 0x00004498
                0x1ffff000                . = ALIGN (0x4)
                0x1ffff000                __DATA_RAM = .
                0x1ffff000                __data_start__ = .
 *(.data)
 *(.data*)
 .data.reception
                0x1ffff000        0x8 ./Sources/MCU_DRIVERS/ASY/io_asy.o
                0x1ffff000                reception
 .data.impure_data
                0x1ffff008       0x60 c:/freescale/kds_3.0.0/toolchain/bin/../lib/gcc/arm-none-eabi/4.8.4/../../../../arm-none-eabi/lib/armv6-m\libg_s.a(lib_a-impure.o)
 .data._impure_ptr
                0x1ffff068        0x4 c:/freescale/kds_3.0.0/toolchain/bin/../lib/gcc/arm-none-eabi/4.8.4/../../../../arm-none-eabi/lib/armv6-m\libg_s.a(lib_a-impure.o)
                0x1ffff068                _impure_ptr
 *(.jcr*)
 .jcr           0x1ffff06c        0x0 c:/freescale/kds_3.0.0/toolchain/bin/../lib/gcc/arm-none-eabi/4.8.4/armv6-m/crtbegin.o
 .jcr           0x1ffff06c        0x4 c:/freescale/kds_3.0.0/toolchain/bin/../lib/gcc/arm-none-eabi/4.8.4/armv6-m/crtend.o
                0x1ffff070                . = ALIGN (0x4)
                0x1ffff070                __data_end__ = .
                0x00004508                __DATA_END = (__DATA_ROM + (__data_end__ - __data_start__))

.igot.plt       0x1ffff070        0x0 load address 0x00004508
 .igot.plt      0x00000000        0x0 c:/freescale/kds_3.0.0/toolchain/bin/../lib/gcc/arm-none-eabi/4.8.4/armv6-m/crtbegin.o

.bss            0x1ffff070      0x7d4 load address 0x00004508
                0x1ffff070                . = ALIGN (0x4)
                0x1ffff070                __START_BSS = .
                0x1ffff070                __bss_start__ = .
 *(.bss)
 .bss           0x1ffff070       0x1c c:/freescale/kds_3.0.0/toolchain/bin/../lib/gcc/arm-none-eabi/4.8.4/armv6-m/crtbegin.o
 *(.bss*)
 .bss.s         0x1ffff08c        0x1 ./Sources/SYSTEM/SCHEDULER/io_sch_cnf.o
                0x1ffff08c                s
 .bss.m         0x1ffff08d        0x1 ./Sources/SYSTEM/SCHEDULER/io_sch_cnf.o
                0x1ffff08d                m
 .bss.h         0x1ffff08e        0x1 ./Sources/SYSTEM/SCHEDULER/io_sch_cnf.o
                0x1ffff08e                h
 *fill*         0x1ffff08f        0x1 
 .bss.pozition  0x1ffff090        0x4 ./Sources/MCU_DRIVERS/ASY/io_asy.o
                0x1ffff090                pozition
 .bss.state     0x1ffff094        0x4 ./Sources/MCU_DRIVERS/ASY/io_bluetooth.o
                0x1ffff094                state
 .bss.dutycycle
                0x1ffff098        0x4 ./Sources/MCU_DRIVERS/ASY/io_bluetooth.o
                0x1ffff098                dutycycle
 .bss.wait      0x1ffff09c        0x4 ./Sources/MCU_DRIVERS/ASY/io_bluetooth.o
                0x1ffff09c                wait
 .bss.delaysend
                0x1ffff0a0        0x4 ./Sources/MCU_DRIVERS/ASY/io_bluetooth.o
                0x1ffff0a0                delaysend
 .bss.__malloc_sbrk_start
                0x1ffff0a4        0x4 c:/freescale/kds_3.0.0/toolchain/bin/../lib/gcc/arm-none-eabi/4.8.4/../../../../arm-none-eabi/lib/armv6-m\libg_s.a(lib_a-nano-mallocr.o)
                0x1ffff0a4                __malloc_sbrk_start
 .bss.__malloc_free_list
                0x1ffff0a8        0x4 c:/freescale/kds_3.0.0/toolchain/bin/../lib/gcc/arm-none-eabi/4.8.4/../../../../arm-none-eabi/lib/armv6-m\libg_s.a(lib_a-nano-mallocr.o)
                0x1ffff0a8                __malloc_free_list
 .bss.heap_end.4246
                0x1ffff0ac        0x4 c:/freescale/kds_3.0.0/toolchain/bin/../lib/gcc/arm-none-eabi/4.8.4/../../../../arm-none-eabi/lib/armv6-m\libnosys.a(sbrk.o)
 *(COMMON)
 COMMON         0x1ffff0b0       0x18 ./Sources/SYSTEM/SCHEDULER/io_sch_cnf.o
                0x1ffff0b0                Io_Sch_TaskCounter50ms
                0x1ffff0b4                Io_Sch_TaskCounter10ms
                0x1ffff0b8                Io_Sch_TaskCounter100ms
                0x1ffff0bc                Io_Sch_TaskCounter1000ms
                0x1ffff0c0                Io_Sch_TaskCounter1ms
                0x1ffff0c4                Io_Sch_TaskCounter0ms
 COMMON         0x1ffff0c8       0x10 ./Sources/SYSTEM/SCHEDULER/io_sch_main.o
                0x1ffff0c8                Io_Sch_OsCounter
                0x1ffff0d4                Io_Sch_OsConfigPtr
 COMMON         0x1ffff0d8      0x4ec ./Sources/SYSTEM/OS/io_os_main.o
                0x1ffff0d8                Io_Os_PriorityQueues
                0x1ffff368                Io_Os_PeriodicQueueDepth
                0x1ffff36c                Io_Os_PeriodicQueue
 COMMON         0x1ffff5c4       0x11 ./Sources/MCU_DRIVERS/TPM/io_tpm.o
                0x1ffff5c4                Io_Tpm_Tpm0Used
                0x1ffff5c5                Io_Tpm_Tpm2Used
                0x1ffff5c8                Io_Tpm_PwmChLastDutycycle
                0x1ffff5cc                Io_Tpm_Tpm1Used
                0x1ffff5d0                Io_Tpm_Cnf_Ptr
                0x1ffff5d4                Io_Tpm_Initialized
 *fill*         0x1ffff5d5        0x3 
 COMMON         0x1ffff5d8        0x4 ./Sources/MCU_DRIVERS/PCS/io_pcs.o
                0x1ffff5d8                Io_Pcs_CnfPtr
 COMMON         0x1ffff5dc       0xc4 ./Sources/MCU_DRIVERS/INT/io_int.o
                0x1ffff5dc                Io_Int_CnfPtr
                0x1ffff5e0                array_of_handlers
 COMMON         0x1ffff6a0       0x98 ./Sources/MCU_DRIVERS/ASY/io_asy.o
                0x1ffff6a0                basy_phy_to_log_ch
                0x1ffff6a4                tx_table
                0x1ffff6c4                c
                0x1ffff6c8                basy_ch_info_ptr_int
                0x1ffff6cc                bios_asy_config_device_int
                0x1ffff6d0                BIOS_ASY_channel_table
                0x1ffff718                rx_table
 COMMON         0x1ffff738        0x1 ./Sources/MCU_DRIVERS/ASY/io_bluetooth.o
                0x1ffff738                sensor
 *fill*         0x1ffff739        0x3 
 COMMON         0x1ffff73c       0x20 ./Sources/MCU_DRIVERS/ADC/io_adc.o
                0x1ffff73c                Io_Adc_Data_var
                0x1ffff754                Io_Adc_ConfigPtr
                0x1ffff758                Io_Adc_Data
 COMMON         0x1ffff75c       0x5a ./Sources/HW_INTERFACES/SENSORS/sensors.o
                0x1ffff75c                Sens_sensorSamplesVectorRear
                0x1ffff770                Sens_sensorSamplesVectorRight
                0x1ffff784                Sens_sensorSamplesCounter
                0x1ffff788                Sens_sensorSamplesVectorFront
                0x1ffff79c                Sens_sensorRearDistanceCm
                0x1ffff79d                Sens_sensorFrontDistanceCm
                0x1ffff79e                Sens_sensorRightDistanceCm
                0x1ffff79f                Sens_sensorLeftDistanceCm
                0x1ffff7a0                Sens_sensorSamplesVectorLeft
                0x1ffff7b4                Sens_measurementmV
 *fill*         0x1ffff7b6        0x2 
 COMMON         0x1ffff7b8        0x4 ./Sources/HW_INTERFACES/H_BRIDGE/io_hbr_main.o
                0x1ffff7b8                hbr_config
 COMMON         0x1ffff7bc       0x28 ./Sources/APPLICATION/ALGO/SPEED_CALC/app_robo_speed_calc.o
                0x1ffff7bc                Algo_Robo_Sc_LeftEncoder
                0x1ffff7d0                Algo_Robo_Sc_RightEncoder
 COMMON         0x1ffff7e4       0x4c ./Sources/APPLICATION/ALGO/PATH_PLANNER/app_path_planner.o
                0x1ffff7e4                Algo_Robo_Pp_ParallelParkFlag
                0x1ffff7e6                Algo_Robo_Pp_OptoCarCurrentSpeedMmPerS
                0x1ffff7e8                Algo_Robo_Pp_TimerCarParkedState
                0x1ffff7ec                Algo_Robo_Pp_TimerCarRotateLeft
                0x1ffff7f0                Algo_Robo_Pp_TimerPendingState
                0x1ffff7f4                Algo_Robo_Pp_TimerInitialState
                0x1ffff7f8                Algo_Robo_Pp_MoveBackMm
                0x1ffff7fa                Algo_Robo_Pp_EmpiricCarCurrentSpeedMmPerS
                0x1ffff7fc                Algo_Robo_Pp_TimerParallelParkState
                0x1ffff800                Algo_Robo_Pp_TimerSpotCalcState
                0x1ffff804                Algo_Robo_Pp_TimerCarRotateRight
                0x1ffff808                Algo_Robo_Pp_CarMovement
                0x1ffff80a                Algo_Robo_Pp_MoveForwardMm
                0x1ffff80c                Algo_Robo_Pp_TimerCarMoveForward
                0x1ffff810                Algo_Robo_Pp_TimerDefaultState
                0x1ffff814                Algo_Robo_Pp_TimerCarMoveBackward
                0x1ffff818                Algo_Robo_Pp_SpotLengthMm
                0x1ffff81a                Algo_Robo_Pp_LastCarState
                0x1ffff81c                Algo_Robo_Pp_TimerSpotDetectedState
                0x1ffff820                Algo_Robo_Pp_DistanceLastObstacleRightCm
                0x1ffff821                Algo_Robo_Pp_CarState
                0x1ffff824                Algo_Robo_Pp_TimerCarStopped
                0x1ffff828                Algo_Robo_Pp_LastCarMovement
                0x1ffff829                Algo_Robo_Pp_CarTask
                0x1ffff82c                Algo_Robo_Pp_TimerSpotDetectionState
 COMMON         0x1ffff830       0x10 ./Sources/APPLICATION/ALGO/CAR_MOVEMENT/app_robo_car_movement.o
                0x1ffff830                Algo_Robo_Cm_TimerMoveBackward
                0x1ffff834                Algo_Robo_Cm_TimerRotateRight
                0x1ffff838                Algo_Robo_Cm_TimerMoveForward
                0x1ffff83c                Algo_Robo_Cm_TimerRotateLeft
 COMMON         0x1ffff840        0x4 c:/freescale/kds_3.0.0/toolchain/bin/../lib/gcc/arm-none-eabi/4.8.4/../../../../arm-none-eabi/lib/armv6-m\libg_s.a(lib_a-reent.o)
                0x1ffff840                errno
                0x1ffff844                . = ALIGN (0x4)
                0x1ffff844                __bss_end__ = .
                0x1ffff844                __END_BSS = .

.heap           0x1ffff844      0x404 load address 0x00004cdc
                0x1ffff848                . = ALIGN (0x8)
 *fill*         0x1ffff844        0x4 
                0x1ffff848                __end__ = .
                0x1ffff848                PROVIDE (end, .)
                0x1ffff848                __HeapBase = .
                0x1ffffc48                . = (. + HEAP_SIZE)
 *fill*         0x1ffff848      0x400 
                0x1ffffc48                __HeapLimit = .

.stack          0x1ffffc48      0x400 load address 0x000050e0
                0x1ffffc48                . = ALIGN (0x8)
                0x20000048                . = (. + STACK_SIZE)
 *fill*         0x1ffffc48      0x400 
                0x20003000                __StackTop = (ORIGIN (m_data) + 0x4000)
                0x20002c00                __StackLimit = (__StackTop - STACK_SIZE)
                0x20003000                PROVIDE (__stack, __StackTop)

.ARM.attributes
                0x00000000       0x28
 *(.ARM.attributes)
 .ARM.attributes
                0x00000000       0x1e c:/freescale/kds_3.0.0/toolchain/bin/../lib/gcc/arm-none-eabi/4.8.4/armv6-m/crti.o
 .ARM.attributes
                0x0000001e       0x2c c:/freescale/kds_3.0.0/toolchain/bin/../lib/gcc/arm-none-eabi/4.8.4/armv6-m/crtbegin.o
 .ARM.attributes
                0x0000004a       0x1b c:/freescale/kds_3.0.0/toolchain/bin/../lib/gcc/arm-none-eabi/4.8.4/../../../../arm-none-eabi/lib/armv6-m/crt0.o
 .ARM.attributes
                0x00000065       0x32 ./Sources/SYSTEM/SCHEDULER/io_sch_cnf.o
 .ARM.attributes
                0x00000097       0x32 ./Sources/SYSTEM/SCHEDULER/io_sch_main.o
 .ARM.attributes
                0x000000c9       0x32 ./Sources/SYSTEM/OS/io_os_main.o
 .ARM.attributes
                0x000000fb       0x32 ./Sources/OTHER_FUNCTIONS/io_func_main.o
 .ARM.attributes
                0x0000012d       0x32 ./Sources/MCU_DRIVERS/TPM/io_tpm.o
 .ARM.attributes
                0x0000015f       0x32 ./Sources/MCU_DRIVERS/TPM/io_tpm_cnf.o
 .ARM.attributes
                0x00000191       0x32 ./Sources/MCU_DRIVERS/PCS/io_pcs.o
 .ARM.attributes
                0x000001c3       0x32 ./Sources/MCU_DRIVERS/PCS/io_pcs_cnf.o
 .ARM.attributes
                0x000001f5       0x32 ./Sources/MCU_DRIVERS/INT/io_int.o
 .ARM.attributes
                0x00000227       0x32 ./Sources/MCU_DRIVERS/INT/io_int_cnf.o
 .ARM.attributes
                0x00000259       0x32 ./Sources/MCU_DRIVERS/DIO/io_dio.o
 .ARM.attributes
                0x0000028b       0x32 ./Sources/MCU_DRIVERS/ASY/io_asy.o
 .ARM.attributes
                0x000002bd       0x32 ./Sources/MCU_DRIVERS/ASY/io_bluetooth.o
 .ARM.attributes
                0x000002ef       0x32 ./Sources/MCU_DRIVERS/ASY/io_cnfasy.o
 .ARM.attributes
                0x00000321       0x32 ./Sources/MCU_DRIVERS/ADC/io_adc.o
 .ARM.attributes
                0x00000353       0x32 ./Sources/MCU_DRIVERS/ADC/io_adc_cnf.o
 .ARM.attributes
                0x00000385       0x32 ./Sources/HW_INTERFACES/SENSORS/sensors.o
 .ARM.attributes
                0x000003b7       0x32 ./Sources/HW_INTERFACES/H_BRIDGE/io_hbr_cnf.o
 .ARM.attributes
                0x000003e9       0x32 ./Sources/HW_INTERFACES/H_BRIDGE/io_hbr_main.o
 .ARM.attributes
                0x0000041b       0x32 ./Sources/APPLICATION/ALGO/SPEED_CALC/app_robo_speed_calc.o
 .ARM.attributes
                0x0000044d       0x32 ./Sources/APPLICATION/ALGO/PATH_PLANNER/app_path_planner.o
 .ARM.attributes
                0x0000047f       0x32 ./Sources/APPLICATION/ALGO/DISTANCE_CALC/app_dist_calc.o
 .ARM.attributes
                0x000004b1       0x32 ./Sources/APPLICATION/ALGO/CAR_MOVEMENT/app_robo_car_movement.o
 .ARM.attributes
                0x000004e3       0x32 ./Sources/main.o
 .ARM.attributes
                0x00000515       0x1b ./Project_Settings/Startup_Code/startup_MKL26Z4.o
 .ARM.attributes
                0x00000530       0x32 ./Project_Settings/Startup_Code/system_MKL26Z4.o
 .ARM.attributes
                0x00000562       0x1e c:/freescale/kds_3.0.0/toolchain/bin/../lib/gcc/arm-none-eabi/4.8.4/armv6-m\libgcc.a(_udivsi3.o)
 .ARM.attributes
                0x00000580       0x1e c:/freescale/kds_3.0.0/toolchain/bin/../lib/gcc/arm-none-eabi/4.8.4/armv6-m\libgcc.a(_divsi3.o)
 .ARM.attributes
                0x0000059e       0x1e c:/freescale/kds_3.0.0/toolchain/bin/../lib/gcc/arm-none-eabi/4.8.4/armv6-m\libgcc.a(_dvmd_tls.o)
 .ARM.attributes
                0x000005bc       0x2c c:/freescale/kds_3.0.0/toolchain/bin/../lib/gcc/arm-none-eabi/4.8.4/../../../../arm-none-eabi/lib/armv6-m\libg_s.a(lib_a-calloc.o)
 .ARM.attributes
                0x000005e8       0x2c c:/freescale/kds_3.0.0/toolchain/bin/../lib/gcc/arm-none-eabi/4.8.4/../../../../arm-none-eabi/lib/armv6-m\libg_s.a(lib_a-exit.o)
 .ARM.attributes
                0x00000614       0x2c c:/freescale/kds_3.0.0/toolchain/bin/../lib/gcc/arm-none-eabi/4.8.4/../../../../arm-none-eabi/lib/armv6-m\libg_s.a(lib_a-impure.o)
 .ARM.attributes
                0x00000640       0x2c c:/freescale/kds_3.0.0/toolchain/bin/../lib/gcc/arm-none-eabi/4.8.4/../../../../arm-none-eabi/lib/armv6-m\libg_s.a(lib_a-init.o)
 .ARM.attributes
                0x0000066c       0x2c c:/freescale/kds_3.0.0/toolchain/bin/../lib/gcc/arm-none-eabi/4.8.4/../../../../arm-none-eabi/lib/armv6-m\libg_s.a(lib_a-memset.o)
 .ARM.attributes
                0x00000698       0x2c c:/freescale/kds_3.0.0/toolchain/bin/../lib/gcc/arm-none-eabi/4.8.4/../../../../arm-none-eabi/lib/armv6-m\libg_s.a(lib_a-nano-callocr.o)
 .ARM.attributes
                0x000006c4       0x2c c:/freescale/kds_3.0.0/toolchain/bin/../lib/gcc/arm-none-eabi/4.8.4/../../../../arm-none-eabi/lib/armv6-m\libg_s.a(lib_a-nano-mallocr.o)
 .ARM.attributes
                0x000006f0       0x2c c:/freescale/kds_3.0.0/toolchain/bin/../lib/gcc/arm-none-eabi/4.8.4/../../../../arm-none-eabi/lib/armv6-m\libg_s.a(lib_a-sbrkr.o)
 .ARM.attributes
                0x0000071c       0x2c c:/freescale/kds_3.0.0/toolchain/bin/../lib/gcc/arm-none-eabi/4.8.4/../../../../arm-none-eabi/lib/armv6-m\libg_s.a(lib_a-reent.o)
 .ARM.attributes
                0x00000748       0x2c c:/freescale/kds_3.0.0/toolchain/bin/../lib/gcc/arm-none-eabi/4.8.4/../../../../arm-none-eabi/lib/armv6-m\libnosys.a(sbrk.o)
 .ARM.attributes
                0x00000774       0x2c c:/freescale/kds_3.0.0/toolchain/bin/../lib/gcc/arm-none-eabi/4.8.4/../../../../arm-none-eabi/lib/armv6-m\libnosys.a(_exit.o)
 .ARM.attributes
                0x000007a0       0x2c c:/freescale/kds_3.0.0/toolchain/bin/../lib/gcc/arm-none-eabi/4.8.4/armv6-m/crtend.o
 .ARM.attributes
                0x000007cc       0x1e c:/freescale/kds_3.0.0/toolchain/bin/../lib/gcc/arm-none-eabi/4.8.4/armv6-m/crtn.o
                0x00000001                ASSERT ((__StackLimit >= __HeapLimit), region m_data overflowed with stack and heap)
OUTPUT(KL26_Conti_test.elf elf32-littlearm)

.debug_info     0x00000000     0x6b65
 .debug_info    0x00000000      0x273 ./Sources/SYSTEM/SCHEDULER/io_sch_cnf.o
 .debug_info    0x00000273      0x1ae ./Sources/SYSTEM/SCHEDULER/io_sch_main.o
 .debug_info    0x00000421      0x3b2 ./Sources/SYSTEM/OS/io_os_main.o
 .debug_info    0x000007d3      0x209 ./Sources/OTHER_FUNCTIONS/io_func_main.o
 .debug_info    0x000009dc      0xab3 ./Sources/MCU_DRIVERS/TPM/io_tpm.o
 .debug_info    0x0000148f      0x3a1 ./Sources/MCU_DRIVERS/TPM/io_tpm_cnf.o
 .debug_info    0x00001830      0x726 ./Sources/MCU_DRIVERS/PCS/io_pcs.o
 .debug_info    0x00001f56      0x186 ./Sources/MCU_DRIVERS/PCS/io_pcs_cnf.o
 .debug_info    0x000020dc      0x8b0 ./Sources/MCU_DRIVERS/INT/io_int.o
 .debug_info    0x0000298c      0x248 ./Sources/MCU_DRIVERS/INT/io_int_cnf.o
 .debug_info    0x00002bd4      0x205 ./Sources/MCU_DRIVERS/DIO/io_dio.o
 .debug_info    0x00002dd9      0xe90 ./Sources/MCU_DRIVERS/ASY/io_asy.o
 .debug_info    0x00003c69      0x190 ./Sources/MCU_DRIVERS/ASY/io_bluetooth.o
 .debug_info    0x00003df9      0x64e ./Sources/MCU_DRIVERS/ASY/io_cnfasy.o
 .debug_info    0x00004447      0x688 ./Sources/MCU_DRIVERS/ADC/io_adc.o
 .debug_info    0x00004acf      0x14b ./Sources/MCU_DRIVERS/ADC/io_adc_cnf.o
 .debug_info    0x00004c1a      0x2cc ./Sources/HW_INTERFACES/SENSORS/sensors.o
 .debug_info    0x00004ee6      0x183 ./Sources/HW_INTERFACES/H_BRIDGE/io_hbr_cnf.o
 .debug_info    0x00005069      0x2fa ./Sources/HW_INTERFACES/H_BRIDGE/io_hbr_main.o
 .debug_info    0x00005363      0x239 ./Sources/APPLICATION/ALGO/SPEED_CALC/app_robo_speed_calc.o
 .debug_info    0x0000559c      0x311 ./Sources/APPLICATION/ALGO/PATH_PLANNER/app_path_planner.o
 .debug_info    0x000058ad      0x207 ./Sources/APPLICATION/ALGO/DISTANCE_CALC/app_dist_calc.o
 .debug_info    0x00005ab4      0x22b ./Sources/APPLICATION/ALGO/CAR_MOVEMENT/app_robo_car_movement.o
 .debug_info    0x00005cdf      0x75d ./Sources/main.o
 .debug_info    0x0000643c       0xc4 ./Project_Settings/Startup_Code/startup_MKL26Z4.o
 .debug_info    0x00006500      0x665 ./Project_Settings/Startup_Code/system_MKL26Z4.o

.debug_abbrev   0x00000000     0x1b50
 .debug_abbrev  0x00000000       0xe0 ./Sources/SYSTEM/SCHEDULER/io_sch_cnf.o
 .debug_abbrev  0x000000e0       0xe4 ./Sources/SYSTEM/SCHEDULER/io_sch_main.o
 .debug_abbrev  0x000001c4      0x112 ./Sources/SYSTEM/OS/io_os_main.o
 .debug_abbrev  0x000002d6       0xb9 ./Sources/OTHER_FUNCTIONS/io_func_main.o
 .debug_abbrev  0x0000038f      0x1f0 ./Sources/MCU_DRIVERS/TPM/io_tpm.o
 .debug_abbrev  0x0000057f       0xde ./Sources/MCU_DRIVERS/TPM/io_tpm_cnf.o
 .debug_abbrev  0x0000065d      0x1b7 ./Sources/MCU_DRIVERS/PCS/io_pcs.o
 .debug_abbrev  0x00000814       0x96 ./Sources/MCU_DRIVERS/PCS/io_pcs_cnf.o
 .debug_abbrev  0x000008aa      0x1fe ./Sources/MCU_DRIVERS/INT/io_int.o
 .debug_abbrev  0x00000aa8       0xa6 ./Sources/MCU_DRIVERS/INT/io_int_cnf.o
 .debug_abbrev  0x00000b4e      0x100 ./Sources/MCU_DRIVERS/DIO/io_dio.o
 .debug_abbrev  0x00000c4e      0x2b3 ./Sources/MCU_DRIVERS/ASY/io_asy.o
 .debug_abbrev  0x00000f01       0xc0 ./Sources/MCU_DRIVERS/ASY/io_bluetooth.o
 .debug_abbrev  0x00000fc1      0x160 ./Sources/MCU_DRIVERS/ASY/io_cnfasy.o
 .debug_abbrev  0x00001121      0x1af ./Sources/MCU_DRIVERS/ADC/io_adc.o
 .debug_abbrev  0x000012d0       0x87 ./Sources/MCU_DRIVERS/ADC/io_adc_cnf.o
 .debug_abbrev  0x00001357       0xd4 ./Sources/HW_INTERFACES/SENSORS/sensors.o
 .debug_abbrev  0x0000142b       0x87 ./Sources/HW_INTERFACES/H_BRIDGE/io_hbr_cnf.o
 .debug_abbrev  0x000014b2      0x101 ./Sources/HW_INTERFACES/H_BRIDGE/io_hbr_main.o
 .debug_abbrev  0x000015b3       0xd3 ./Sources/APPLICATION/ALGO/SPEED_CALC/app_robo_speed_calc.o
 .debug_abbrev  0x00001686       0xde ./Sources/APPLICATION/ALGO/PATH_PLANNER/app_path_planner.o
 .debug_abbrev  0x00001764       0xc5 ./Sources/APPLICATION/ALGO/DISTANCE_CALC/app_dist_calc.o
 .debug_abbrev  0x00001829       0xde ./Sources/APPLICATION/ALGO/CAR_MOVEMENT/app_robo_car_movement.o
 .debug_abbrev  0x00001907      0x114 ./Sources/main.o
 .debug_abbrev  0x00001a1b       0x14 ./Project_Settings/Startup_Code/startup_MKL26Z4.o
 .debug_abbrev  0x00001a2f      0x121 ./Project_Settings/Startup_Code/system_MKL26Z4.o

.debug_aranges  0x00000000      0x7d8
 .debug_aranges
                0x00000000       0x48 ./Sources/SYSTEM/SCHEDULER/io_sch_cnf.o
 .debug_aranges
                0x00000048       0x28 ./Sources/SYSTEM/SCHEDULER/io_sch_main.o
 .debug_aranges
                0x00000070       0x58 ./Sources/SYSTEM/OS/io_os_main.o
 .debug_aranges
                0x000000c8       0x48 ./Sources/OTHER_FUNCTIONS/io_func_main.o
 .debug_aranges
                0x00000110       0x80 ./Sources/MCU_DRIVERS/TPM/io_tpm.o
 .debug_aranges
                0x00000190       0x18 ./Sources/MCU_DRIVERS/TPM/io_tpm_cnf.o
 .debug_aranges
                0x000001a8       0x40 ./Sources/MCU_DRIVERS/PCS/io_pcs.o
 .debug_aranges
                0x000001e8       0x18 ./Sources/MCU_DRIVERS/PCS/io_pcs_cnf.o
 .debug_aranges
                0x00000200      0x198 ./Sources/MCU_DRIVERS/INT/io_int.o
 .debug_aranges
                0x00000398       0x18 ./Sources/MCU_DRIVERS/INT/io_int_cnf.o
 .debug_aranges
                0x000003b0       0x28 ./Sources/MCU_DRIVERS/DIO/io_dio.o
 .debug_aranges
                0x000003d8       0xf0 ./Sources/MCU_DRIVERS/ASY/io_asy.o
 .debug_aranges
                0x000004c8       0x28 ./Sources/MCU_DRIVERS/ASY/io_bluetooth.o
 .debug_aranges
                0x000004f0       0x50 ./Sources/MCU_DRIVERS/ASY/io_cnfasy.o
 .debug_aranges
                0x00000540       0x48 ./Sources/MCU_DRIVERS/ADC/io_adc.o
 .debug_aranges
                0x00000588       0x18 ./Sources/MCU_DRIVERS/ADC/io_adc_cnf.o
 .debug_aranges
                0x000005a0       0x48 ./Sources/HW_INTERFACES/SENSORS/sensors.o
 .debug_aranges
                0x000005e8       0x18 ./Sources/HW_INTERFACES/H_BRIDGE/io_hbr_cnf.o
 .debug_aranges
                0x00000600       0x48 ./Sources/HW_INTERFACES/H_BRIDGE/io_hbr_main.o
 .debug_aranges
                0x00000648       0x38 ./Sources/APPLICATION/ALGO/SPEED_CALC/app_robo_speed_calc.o
 .debug_aranges
                0x00000680       0x50 ./Sources/APPLICATION/ALGO/PATH_PLANNER/app_path_planner.o
 .debug_aranges
                0x000006d0       0x40 ./Sources/APPLICATION/ALGO/DISTANCE_CALC/app_dist_calc.o
 .debug_aranges
                0x00000710       0x60 ./Sources/APPLICATION/ALGO/CAR_MOVEMENT/app_robo_car_movement.o
 .debug_aranges
                0x00000770       0x20 ./Sources/main.o
 .debug_aranges
                0x00000790       0x20 ./Project_Settings/Startup_Code/startup_MKL26Z4.o
 .debug_aranges
                0x000007b0       0x28 ./Project_Settings/Startup_Code/system_MKL26Z4.o

.debug_ranges   0x00000000      0x600
 .debug_ranges  0x00000000       0x38 ./Sources/SYSTEM/SCHEDULER/io_sch_cnf.o
 .debug_ranges  0x00000038       0x18 ./Sources/SYSTEM/SCHEDULER/io_sch_main.o
 .debug_ranges  0x00000050       0x48 ./Sources/SYSTEM/OS/io_os_main.o
 .debug_ranges  0x00000098       0x38 ./Sources/OTHER_FUNCTIONS/io_func_main.o
 .debug_ranges  0x000000d0       0x70 ./Sources/MCU_DRIVERS/TPM/io_tpm.o
 .debug_ranges  0x00000140       0x30 ./Sources/MCU_DRIVERS/PCS/io_pcs.o
 .debug_ranges  0x00000170      0x188 ./Sources/MCU_DRIVERS/INT/io_int.o
 .debug_ranges  0x000002f8       0x18 ./Sources/MCU_DRIVERS/DIO/io_dio.o
 .debug_ranges  0x00000310       0xe0 ./Sources/MCU_DRIVERS/ASY/io_asy.o
 .debug_ranges  0x000003f0       0x18 ./Sources/MCU_DRIVERS/ASY/io_bluetooth.o
 .debug_ranges  0x00000408       0x40 ./Sources/MCU_DRIVERS/ASY/io_cnfasy.o
 .debug_ranges  0x00000448       0x38 ./Sources/MCU_DRIVERS/ADC/io_adc.o
 .debug_ranges  0x00000480       0x38 ./Sources/HW_INTERFACES/SENSORS/sensors.o
 .debug_ranges  0x000004b8       0x38 ./Sources/HW_INTERFACES/H_BRIDGE/io_hbr_main.o
 .debug_ranges  0x000004f0       0x28 ./Sources/APPLICATION/ALGO/SPEED_CALC/app_robo_speed_calc.o
 .debug_ranges  0x00000518       0x40 ./Sources/APPLICATION/ALGO/PATH_PLANNER/app_path_planner.o
 .debug_ranges  0x00000558       0x30 ./Sources/APPLICATION/ALGO/DISTANCE_CALC/app_dist_calc.o
 .debug_ranges  0x00000588       0x50 ./Sources/APPLICATION/ALGO/CAR_MOVEMENT/app_robo_car_movement.o
 .debug_ranges  0x000005d8       0x10 ./Sources/main.o
 .debug_ranges  0x000005e8       0x18 ./Project_Settings/Startup_Code/system_MKL26Z4.o

.debug_macro    0x00000000     0x2f73
 .debug_macro   0x00000000      0x288 ./Sources/SYSTEM/SCHEDULER/io_sch_cnf.o
 .debug_macro   0x00000288       0x34 ./Sources/SYSTEM/SCHEDULER/io_sch_cnf.o
 .debug_macro   0x000002bc      0x1a2 ./Sources/SYSTEM/SCHEDULER/io_sch_cnf.o
 .debug_macro   0x0000045e       0x1c ./Sources/SYSTEM/SCHEDULER/io_sch_cnf.o
 .debug_macro   0x0000047a       0x2e ./Sources/SYSTEM/SCHEDULER/io_sch_cnf.o
 .debug_macro   0x000004a8       0xee ./Sources/SYSTEM/SCHEDULER/io_sch_cnf.o
 .debug_macro   0x00000596       0x46 ./Sources/SYSTEM/SCHEDULER/io_sch_cnf.o
 .debug_macro   0x000005dc       0x7c ./Sources/SYSTEM/SCHEDULER/io_sch_cnf.o
 .debug_macro   0x00000658       0x3a ./Sources/SYSTEM/SCHEDULER/io_sch_cnf.o
 .debug_macro   0x00000692       0x22 ./Sources/SYSTEM/SCHEDULER/io_sch_cnf.o
 .debug_macro   0x000006b4       0x4c ./Sources/SYSTEM/SCHEDULER/io_sch_cnf.o
 .debug_macro   0x00000700       0x16 ./Sources/SYSTEM/SCHEDULER/io_sch_cnf.o
 .debug_macro   0x00000716       0xbe ./Sources/SYSTEM/SCHEDULER/io_sch_cnf.o
 .debug_macro   0x000007d4       0x10 ./Sources/SYSTEM/SCHEDULER/io_sch_cnf.o
 .debug_macro   0x000007e4       0xd5 ./Sources/SYSTEM/SCHEDULER/io_sch_main.o
 .debug_macro   0x000008b9      0x175 ./Sources/SYSTEM/OS/io_os_main.o
 .debug_macro   0x00000a2e       0x3a ./Sources/SYSTEM/OS/io_os_main.o
 .debug_macro   0x00000a68       0xca ./Sources/OTHER_FUNCTIONS/io_func_main.o
 .debug_macro   0x00000b32       0x10 ./Sources/OTHER_FUNCTIONS/io_func_main.o
 .debug_macro   0x00000b42      0x208 ./Sources/MCU_DRIVERS/TPM/io_tpm.o
 .debug_macro   0x00000d4a       0x58 ./Sources/MCU_DRIVERS/TPM/io_tpm.o
 .debug_macro   0x00000da2       0x35 ./Sources/MCU_DRIVERS/TPM/io_tpm.o
 .debug_macro   0x00000dd7       0xa3 ./Sources/MCU_DRIVERS/TPM/io_tpm.o
 .debug_macro   0x00000e7a       0x16 ./Sources/MCU_DRIVERS/TPM/io_tpm.o
 .debug_macro   0x00000e90      0x10e ./Sources/MCU_DRIVERS/TPM/io_tpm.o
 .debug_macro   0x00000f9e       0x7f ./Sources/MCU_DRIVERS/TPM/io_tpm.o
 .debug_macro   0x0000101d       0x4a ./Sources/MCU_DRIVERS/TPM/io_tpm.o
 .debug_macro   0x00001067       0x52 ./Sources/MCU_DRIVERS/TPM/io_tpm.o
 .debug_macro   0x000010b9       0x16 ./Sources/MCU_DRIVERS/TPM/io_tpm.o
 .debug_macro   0x000010cf       0x43 ./Sources/MCU_DRIVERS/TPM/io_tpm.o
 .debug_macro   0x00001112      0x180 ./Sources/MCU_DRIVERS/TPM/io_tpm.o
 .debug_macro   0x00001292       0x22 ./Sources/MCU_DRIVERS/TPM/io_tpm.o
 .debug_macro   0x000012b4      0x20f ./Sources/MCU_DRIVERS/TPM/io_tpm.o
 .debug_macro   0x000014c3       0xd9 ./Sources/MCU_DRIVERS/TPM/io_tpm_cnf.o
 .debug_macro   0x0000159c      0x188 ./Sources/MCU_DRIVERS/PCS/io_pcs.o
 .debug_macro   0x00001724       0xd9 ./Sources/MCU_DRIVERS/PCS/io_pcs_cnf.o
 .debug_macro   0x000017fd      0x15e ./Sources/MCU_DRIVERS/INT/io_int.o
 .debug_macro   0x0000195b      0x15e ./Sources/MCU_DRIVERS/INT/io_int_cnf.o
 .debug_macro   0x00001ab9       0xfa ./Sources/MCU_DRIVERS/DIO/io_dio.o
 .debug_macro   0x00001bb3      0x179 ./Sources/MCU_DRIVERS/ASY/io_asy.o
 .debug_macro   0x00001d2c      0x19f ./Sources/MCU_DRIVERS/ASY/io_bluetooth.o
 .debug_macro   0x00001ecb      0x15b ./Sources/MCU_DRIVERS/ASY/io_cnfasy.o
 .debug_macro   0x00002026      0x19b ./Sources/MCU_DRIVERS/ADC/io_adc.o
 .debug_macro   0x000021c1       0xda ./Sources/MCU_DRIVERS/ADC/io_adc_cnf.o
 .debug_macro   0x0000229b       0xed ./Sources/HW_INTERFACES/SENSORS/sensors.o
 .debug_macro   0x00002388      0x16f ./Sources/HW_INTERFACES/H_BRIDGE/io_hbr_cnf.o
 .debug_macro   0x000024f7      0x1c7 ./Sources/HW_INTERFACES/H_BRIDGE/io_hbr_main.o
 .debug_macro   0x000026be       0xff ./Sources/APPLICATION/ALGO/SPEED_CALC/app_robo_speed_calc.o
 .debug_macro   0x000027bd      0x172 ./Sources/APPLICATION/ALGO/PATH_PLANNER/app_path_planner.o
 .debug_macro   0x0000292f      0x169 ./Sources/APPLICATION/ALGO/DISTANCE_CALC/app_dist_calc.o
 .debug_macro   0x00002a98      0x172 ./Sources/APPLICATION/ALGO/CAR_MOVEMENT/app_robo_car_movement.o
 .debug_macro   0x00002c0a      0x29f ./Sources/main.o
 .debug_macro   0x00002ea9       0x7e ./Project_Settings/Startup_Code/system_MKL26Z4.o
 .debug_macro   0x00002f27       0x4c ./Project_Settings/Startup_Code/system_MKL26Z4.o

.debug_line     0x00000000     0x6e5d
 .debug_line    0x00000000      0x6ab ./Sources/SYSTEM/SCHEDULER/io_sch_cnf.o
 .debug_line    0x000006ab      0x2d1 ./Sources/SYSTEM/SCHEDULER/io_sch_main.o
 .debug_line    0x0000097c      0x4f7 ./Sources/SYSTEM/OS/io_os_main.o
 .debug_line    0x00000e73      0x2df ./Sources/OTHER_FUNCTIONS/io_func_main.o
 .debug_line    0x00001152      0x5d6 ./Sources/MCU_DRIVERS/TPM/io_tpm.o
 .debug_line    0x00001728      0x27a ./Sources/MCU_DRIVERS/TPM/io_tpm_cnf.o
 .debug_line    0x000019a2      0x4ca ./Sources/MCU_DRIVERS/PCS/io_pcs.o
 .debug_line    0x00001e6c      0x27a ./Sources/MCU_DRIVERS/PCS/io_pcs_cnf.o
 .debug_line    0x000020e6      0x73d ./Sources/MCU_DRIVERS/INT/io_int.o
 .debug_line    0x00002823      0x393 ./Sources/MCU_DRIVERS/INT/io_int_cnf.o
 .debug_line    0x00002bb6      0x2f6 ./Sources/MCU_DRIVERS/DIO/io_dio.o
 .debug_line    0x00002eac      0x776 ./Sources/MCU_DRIVERS/ASY/io_asy.o
 .debug_line    0x00003622      0x508 ./Sources/MCU_DRIVERS/ASY/io_bluetooth.o
 .debug_line    0x00003b2a      0x424 ./Sources/MCU_DRIVERS/ASY/io_cnfasy.o
 .debug_line    0x00003f4e      0x475 ./Sources/MCU_DRIVERS/ADC/io_adc.o
 .debug_line    0x000043c3      0x27a ./Sources/MCU_DRIVERS/ADC/io_adc_cnf.o
 .debug_line    0x0000463d      0x377 ./Sources/HW_INTERFACES/SENSORS/sensors.o
 .debug_line    0x000049b4      0x394 ./Sources/HW_INTERFACES/H_BRIDGE/io_hbr_cnf.o
 .debug_line    0x00004d48      0x55d ./Sources/HW_INTERFACES/H_BRIDGE/io_hbr_main.o
 .debug_line    0x000052a5      0x363 ./Sources/APPLICATION/ALGO/SPEED_CALC/app_robo_speed_calc.o
 .debug_line    0x00005608      0x5b1 ./Sources/APPLICATION/ALGO/PATH_PLANNER/app_path_planner.o
 .debug_line    0x00005bb9      0x480 ./Sources/APPLICATION/ALGO/DISTANCE_CALC/app_dist_calc.o
 .debug_line    0x00006039      0x4f0 ./Sources/APPLICATION/ALGO/CAR_MOVEMENT/app_robo_car_movement.o
 .debug_line    0x00006529      0x62b ./Sources/main.o
 .debug_line    0x00006b54       0x7b ./Project_Settings/Startup_Code/startup_MKL26Z4.o
 .debug_line    0x00006bcf      0x28e ./Project_Settings/Startup_Code/system_MKL26Z4.o

.debug_str      0x00000000    0x4080c
 .debug_str     0x00000000    0x3c85b ./Sources/SYSTEM/SCHEDULER/io_sch_cnf.o
                              0x3cc92 (size before relaxing)
 .debug_str     0x0003c85b       0x7d ./Sources/SYSTEM/SCHEDULER/io_sch_main.o
                              0x34f4c (size before relaxing)
 .debug_str     0x0003c8d8      0x1e6 ./Sources/SYSTEM/OS/io_os_main.o
                              0x3adfa (size before relaxing)
 .debug_str     0x0003cabe       0xf3 ./Sources/OTHER_FUNCTIONS/io_func_main.o
                              0x34efe (size before relaxing)
 .debug_str     0x0003cbb1     0x1ae7 ./Sources/MCU_DRIVERS/TPM/io_tpm.o
                              0x3cbec (size before relaxing)
 .debug_str     0x0003e698       0x53 ./Sources/MCU_DRIVERS/TPM/io_tpm_cnf.o
                              0x36170 (size before relaxing)
 .debug_str     0x0003e6eb      0x2b6 ./Sources/MCU_DRIVERS/PCS/io_pcs.o
                              0x3b235 (size before relaxing)
 .debug_str     0x0003e9a1       0x42 ./Sources/MCU_DRIVERS/PCS/io_pcs_cnf.o
                              0x38d15 (size before relaxing)
 .debug_str     0x0003e9e3      0x531 ./Sources/MCU_DRIVERS/INT/io_int.o
                              0x3b241 (size before relaxing)
 .debug_str     0x0003ef14       0x47 ./Sources/MCU_DRIVERS/INT/io_int_cnf.o
                              0x3ade3 (size before relaxing)
 .debug_str     0x0003ef5b       0x53 ./Sources/MCU_DRIVERS/DIO/io_dio.o
                              0x38d46 (size before relaxing)
 .debug_str     0x0003efae      0x663 ./Sources/MCU_DRIVERS/ASY/io_asy.o
                              0x3adac (size before relaxing)
 .debug_str     0x0003f611       0xf0 ./Sources/MCU_DRIVERS/ASY/io_bluetooth.o
                              0x3adab (size before relaxing)
 .debug_str     0x0003f701      0x126 ./Sources/MCU_DRIVERS/ASY/io_cnfasy.o
                              0x3a9b2 (size before relaxing)
 .debug_str     0x0003f827      0x322 ./Sources/MCU_DRIVERS/ADC/io_adc.o
                              0x3b4e5 (size before relaxing)
 .debug_str     0x0003fb49       0x54 ./Sources/MCU_DRIVERS/ADC/io_adc_cnf.o
                              0x3549d (size before relaxing)
 .debug_str     0x0003fb9d      0x1a1 ./Sources/HW_INTERFACES/SENSORS/sensors.o
                              0x356fb (size before relaxing)
 .debug_str     0x0003fd3e       0xd3 ./Sources/HW_INTERFACES/H_BRIDGE/io_hbr_cnf.o
                              0x3ac9c (size before relaxing)
 .debug_str     0x0003fe11       0xe8 ./Sources/HW_INTERFACES/H_BRIDGE/io_hbr_main.o
                              0x3c05a (size before relaxing)
 .debug_str     0x0003fef9      0x172 ./Sources/APPLICATION/ALGO/SPEED_CALC/app_robo_speed_calc.o
                              0x368e4 (size before relaxing)
 .debug_str     0x0004006b      0x3fb ./Sources/APPLICATION/ALGO/PATH_PLANNER/app_path_planner.o
                              0x36f69 (size before relaxing)
 .debug_str     0x00040466       0xea ./Sources/APPLICATION/ALGO/DISTANCE_CALC/app_dist_calc.o
                              0x39e38 (size before relaxing)
 .debug_str     0x00040550      0x1af ./Sources/APPLICATION/ALGO/CAR_MOVEMENT/app_robo_car_movement.o
                              0x36cd9 (size before relaxing)
 .debug_str     0x000406ff       0x17 ./Sources/main.o
                              0x3d0a9 (size before relaxing)
 .debug_str     0x00040716       0xf6 ./Project_Settings/Startup_Code/system_MKL26Z4.o
                              0x34bf5 (size before relaxing)

.comment        0x00000000       0x70
 .comment       0x00000000       0x70 ./Sources/SYSTEM/SCHEDULER/io_sch_cnf.o
                                 0x71 (size before relaxing)
 .comment       0x00000000       0x71 ./Sources/SYSTEM/SCHEDULER/io_sch_main.o
 .comment       0x00000000       0x71 ./Sources/SYSTEM/OS/io_os_main.o
 .comment       0x00000000       0x71 ./Sources/OTHER_FUNCTIONS/io_func_main.o
 .comment       0x00000000       0x71 ./Sources/MCU_DRIVERS/TPM/io_tpm.o
 .comment       0x00000000       0x71 ./Sources/MCU_DRIVERS/TPM/io_tpm_cnf.o
 .comment       0x00000000       0x71 ./Sources/MCU_DRIVERS/PCS/io_pcs.o
 .comment       0x00000000       0x71 ./Sources/MCU_DRIVERS/PCS/io_pcs_cnf.o
 .comment       0x00000000       0x71 ./Sources/MCU_DRIVERS/INT/io_int.o
 .comment       0x00000000       0x71 ./Sources/MCU_DRIVERS/INT/io_int_cnf.o
 .comment       0x00000000       0x71 ./Sources/MCU_DRIVERS/DIO/io_dio.o
 .comment       0x00000000       0x71 ./Sources/MCU_DRIVERS/ASY/io_asy.o
 .comment       0x00000000       0x71 ./Sources/MCU_DRIVERS/ASY/io_bluetooth.o
 .comment       0x00000000       0x71 ./Sources/MCU_DRIVERS/ASY/io_cnfasy.o
 .comment       0x00000000       0x71 ./Sources/MCU_DRIVERS/ADC/io_adc.o
 .comment       0x00000000       0x71 ./Sources/MCU_DRIVERS/ADC/io_adc_cnf.o
 .comment       0x00000000       0x71 ./Sources/HW_INTERFACES/SENSORS/sensors.o
 .comment       0x00000000       0x71 ./Sources/HW_INTERFACES/H_BRIDGE/io_hbr_cnf.o
 .comment       0x00000000       0x71 ./Sources/HW_INTERFACES/H_BRIDGE/io_hbr_main.o
 .comment       0x00000000       0x71 ./Sources/APPLICATION/ALGO/SPEED_CALC/app_robo_speed_calc.o
 .comment       0x00000000       0x71 ./Sources/APPLICATION/ALGO/PATH_PLANNER/app_path_planner.o
 .comment       0x00000000       0x71 ./Sources/APPLICATION/ALGO/DISTANCE_CALC/app_dist_calc.o
 .comment       0x00000000       0x71 ./Sources/APPLICATION/ALGO/CAR_MOVEMENT/app_robo_car_movement.o
 .comment       0x00000000       0x71 ./Sources/main.o
 .comment       0x00000000       0x71 ./Project_Settings/Startup_Code/system_MKL26Z4.o

.debug_frame    0x00000000     0x17a0
 .debug_frame   0x00000000       0xb8 ./Sources/SYSTEM/SCHEDULER/io_sch_cnf.o
 .debug_frame   0x000000b8       0x50 ./Sources/SYSTEM/SCHEDULER/io_sch_main.o
 .debug_frame   0x00000108      0x10c ./Sources/SYSTEM/OS/io_os_main.o
 .debug_frame   0x00000214       0xd0 ./Sources/OTHER_FUNCTIONS/io_func_main.o
 .debug_frame   0x000002e4      0x1a4 ./Sources/MCU_DRIVERS/TPM/io_tpm.o
 .debug_frame   0x00000488       0xb0 ./Sources/MCU_DRIVERS/PCS/io_pcs.o
 .debug_frame   0x00000538      0x574 ./Sources/MCU_DRIVERS/INT/io_int.o
 .debug_frame   0x00000aac       0x50 ./Sources/MCU_DRIVERS/DIO/io_dio.o
 .debug_frame   0x00000afc      0x370 ./Sources/MCU_DRIVERS/ASY/io_asy.o
 .debug_frame   0x00000e6c       0x4c ./Sources/MCU_DRIVERS/ASY/io_bluetooth.o
 .debug_frame   0x00000eb8       0xf0 ./Sources/MCU_DRIVERS/ASY/io_cnfasy.o
 .debug_frame   0x00000fa8       0xcc ./Sources/MCU_DRIVERS/ADC/io_adc.o
 .debug_frame   0x00001074       0xd0 ./Sources/HW_INTERFACES/SENSORS/sensors.o
 .debug_frame   0x00001144       0xd0 ./Sources/HW_INTERFACES/H_BRIDGE/io_hbr_main.o
 .debug_frame   0x00001214       0x8c ./Sources/APPLICATION/ALGO/SPEED_CALC/app_robo_speed_calc.o
 .debug_frame   0x000012a0       0xdc ./Sources/APPLICATION/ALGO/PATH_PLANNER/app_path_planner.o
 .debug_frame   0x0000137c       0xa0 ./Sources/APPLICATION/ALGO/DISTANCE_CALC/app_dist_calc.o
 .debug_frame   0x0000141c      0x124 ./Sources/APPLICATION/ALGO/CAR_MOVEMENT/app_robo_car_movement.o
 .debug_frame   0x00001540       0x2c ./Sources/main.o
 .debug_frame   0x0000156c       0x4c ./Project_Settings/Startup_Code/system_MKL26Z4.o
 .debug_frame   0x000015b8       0x20 c:/freescale/kds_3.0.0/toolchain/bin/../lib/gcc/arm-none-eabi/4.8.4/armv6-m\libgcc.a(_udivsi3.o)
 .debug_frame   0x000015d8       0x20 c:/freescale/kds_3.0.0/toolchain/bin/../lib/gcc/arm-none-eabi/4.8.4/armv6-m\libgcc.a(_divsi3.o)
 .debug_frame   0x000015f8       0x28 c:/freescale/kds_3.0.0/toolchain/bin/../lib/gcc/arm-none-eabi/4.8.4/../../../../arm-none-eabi/lib/armv6-m\libg_s.a(lib_a-calloc.o)
 .debug_frame   0x00001620       0x28 c:/freescale/kds_3.0.0/toolchain/bin/../lib/gcc/arm-none-eabi/4.8.4/../../../../arm-none-eabi/lib/armv6-m\libg_s.a(lib_a-exit.o)
 .debug_frame   0x00001648       0x2c c:/freescale/kds_3.0.0/toolchain/bin/../lib/gcc/arm-none-eabi/4.8.4/../../../../arm-none-eabi/lib/armv6-m\libg_s.a(lib_a-init.o)
 .debug_frame   0x00001674       0x20 c:/freescale/kds_3.0.0/toolchain/bin/../lib/gcc/arm-none-eabi/4.8.4/../../../../arm-none-eabi/lib/armv6-m\libg_s.a(lib_a-memset.o)
 .debug_frame   0x00001694       0x2c c:/freescale/kds_3.0.0/toolchain/bin/../lib/gcc/arm-none-eabi/4.8.4/../../../../arm-none-eabi/lib/armv6-m\libg_s.a(lib_a-nano-callocr.o)
 .debug_frame   0x000016c0       0x2c c:/freescale/kds_3.0.0/toolchain/bin/../lib/gcc/arm-none-eabi/4.8.4/../../../../arm-none-eabi/lib/armv6-m\libg_s.a(lib_a-nano-mallocr.o)
 .debug_frame   0x000016ec       0x2c c:/freescale/kds_3.0.0/toolchain/bin/../lib/gcc/arm-none-eabi/4.8.4/../../../../arm-none-eabi/lib/armv6-m\libg_s.a(lib_a-sbrkr.o)
 .debug_frame   0x00001718       0x48 c:/freescale/kds_3.0.0/toolchain/bin/../lib/gcc/arm-none-eabi/4.8.4/../../../../arm-none-eabi/lib/armv6-m\libg_s.a(lib_a-reent.o)
 .debug_frame   0x00001760       0x20 c:/freescale/kds_3.0.0/toolchain/bin/../lib/gcc/arm-none-eabi/4.8.4/../../../../arm-none-eabi/lib/armv6-m\libnosys.a(sbrk.o)
 .debug_frame   0x00001780       0x20 c:/freescale/kds_3.0.0/toolchain/bin/../lib/gcc/arm-none-eabi/4.8.4/../../../../arm-none-eabi/lib/armv6-m\libnosys.a(_exit.o)
