Archive member included because of file (symbol)

d:/programe/kinetis studio ide/toolchain/bin/../lib/gcc/arm-none-eabi/4.8.4/armv6-m\libgcc.a(_udivsi3.o)
                              ./Sources/MCU_drivers/Tpm/io_tpm.o (__aeabi_uidiv)
d:/programe/kinetis studio ide/toolchain/bin/../lib/gcc/arm-none-eabi/4.8.4/armv6-m\libgcc.a(_divsi3.o)
                              ./Sources/HW_drivers/Sensors/Proximity/io_sens_ir.o (__aeabi_idiv)
d:/programe/kinetis studio ide/toolchain/bin/../lib/gcc/arm-none-eabi/4.8.4/armv6-m\libgcc.a(_dvmd_tls.o)
                              d:/programe/kinetis studio ide/toolchain/bin/../lib/gcc/arm-none-eabi/4.8.4/armv6-m\libgcc.a(_udivsi3.o) (__aeabi_idiv0)
d:/programe/kinetis studio ide/toolchain/bin/../lib/gcc/arm-none-eabi/4.8.4/armv6-m\libgcc.a(_arm_cmpsf2.o)
                              ./Sources/Other_functions/io_func.o (__aeabi_fcmplt)
d:/programe/kinetis studio ide/toolchain/bin/../lib/gcc/arm-none-eabi/4.8.4/armv6-m\libgcc.a(_fixunsdfsi.o)
                              ./Sources/MCU_drivers/Tpm/io_tpm.o (__aeabi_d2uiz)
d:/programe/kinetis studio ide/toolchain/bin/../lib/gcc/arm-none-eabi/4.8.4/armv6-m\libgcc.a(eqsf2.o)
                              d:/programe/kinetis studio ide/toolchain/bin/../lib/gcc/arm-none-eabi/4.8.4/armv6-m\libgcc.a(_arm_cmpsf2.o) (__eqsf2)
d:/programe/kinetis studio ide/toolchain/bin/../lib/gcc/arm-none-eabi/4.8.4/armv6-m\libgcc.a(gesf2.o)
                              d:/programe/kinetis studio ide/toolchain/bin/../lib/gcc/arm-none-eabi/4.8.4/armv6-m\libgcc.a(_arm_cmpsf2.o) (__gesf2)
d:/programe/kinetis studio ide/toolchain/bin/../lib/gcc/arm-none-eabi/4.8.4/armv6-m\libgcc.a(lesf2.o)
                              d:/programe/kinetis studio ide/toolchain/bin/../lib/gcc/arm-none-eabi/4.8.4/armv6-m\libgcc.a(_arm_cmpsf2.o) (__lesf2)
d:/programe/kinetis studio ide/toolchain/bin/../lib/gcc/arm-none-eabi/4.8.4/armv6-m\libgcc.a(divdf3.o)
                              ./Sources/MCU_drivers/Tpm/io_tpm.o (__aeabi_ddiv)
d:/programe/kinetis studio ide/toolchain/bin/../lib/gcc/arm-none-eabi/4.8.4/armv6-m\libgcc.a(muldf3.o)
                              ./Sources/MCU_drivers/Tpm/io_tpm.o (__aeabi_dmul)
d:/programe/kinetis studio ide/toolchain/bin/../lib/gcc/arm-none-eabi/4.8.4/armv6-m\libgcc.a(subdf3.o)
                              d:/programe/kinetis studio ide/toolchain/bin/../lib/gcc/arm-none-eabi/4.8.4/armv6-m\libgcc.a(_fixunsdfsi.o) (__aeabi_dsub)
d:/programe/kinetis studio ide/toolchain/bin/../lib/gcc/arm-none-eabi/4.8.4/armv6-m\libgcc.a(fixdfsi.o)
                              d:/programe/kinetis studio ide/toolchain/bin/../lib/gcc/arm-none-eabi/4.8.4/armv6-m\libgcc.a(_fixunsdfsi.o) (__aeabi_d2iz)
d:/programe/kinetis studio ide/toolchain/bin/../lib/gcc/arm-none-eabi/4.8.4/armv6-m\libgcc.a(floatsidf.o)
                              ./Sources/MCU_drivers/Tpm/io_tpm.o (__aeabi_i2d)
d:/programe/kinetis studio ide/toolchain/bin/../lib/gcc/arm-none-eabi/4.8.4/armv6-m\libgcc.a(floatunsidf.o)
                              ./Sources/MCU_drivers/Tpm/io_tpm.o (__aeabi_ui2d)
d:/programe/kinetis studio ide/toolchain/bin/../lib/gcc/arm-none-eabi/4.8.4/armv6-m\libgcc.a(_arm_cmpdf2.o)
                              d:/programe/kinetis studio ide/toolchain/bin/../lib/gcc/arm-none-eabi/4.8.4/armv6-m\libgcc.a(_fixunsdfsi.o) (__aeabi_dcmpge)
d:/programe/kinetis studio ide/toolchain/bin/../lib/gcc/arm-none-eabi/4.8.4/armv6-m\libgcc.a(_clzsi2.o)
                              d:/programe/kinetis studio ide/toolchain/bin/../lib/gcc/arm-none-eabi/4.8.4/armv6-m\libgcc.a(divdf3.o) (__clzsi2)
d:/programe/kinetis studio ide/toolchain/bin/../lib/gcc/arm-none-eabi/4.8.4/armv6-m\libgcc.a(eqdf2.o)
                              d:/programe/kinetis studio ide/toolchain/bin/../lib/gcc/arm-none-eabi/4.8.4/armv6-m\libgcc.a(_arm_cmpdf2.o) (__eqdf2)
d:/programe/kinetis studio ide/toolchain/bin/../lib/gcc/arm-none-eabi/4.8.4/armv6-m\libgcc.a(gedf2.o)
                              d:/programe/kinetis studio ide/toolchain/bin/../lib/gcc/arm-none-eabi/4.8.4/armv6-m\libgcc.a(_arm_cmpdf2.o) (__gedf2)
d:/programe/kinetis studio ide/toolchain/bin/../lib/gcc/arm-none-eabi/4.8.4/armv6-m\libgcc.a(ledf2.o)
                              d:/programe/kinetis studio ide/toolchain/bin/../lib/gcc/arm-none-eabi/4.8.4/armv6-m\libgcc.a(_arm_cmpdf2.o) (__ledf2)
d:/programe/kinetis studio ide/toolchain/bin/../lib/gcc/arm-none-eabi/4.8.4/../../../../arm-none-eabi/lib/armv6-m\libg_s.a(lib_a-calloc.o)
                              ./Sources/MCU_drivers/Tpm/io_tpm.o (calloc)
d:/programe/kinetis studio ide/toolchain/bin/../lib/gcc/arm-none-eabi/4.8.4/../../../../arm-none-eabi/lib/armv6-m\libg_s.a(lib_a-exit.o)
                              d:/programe/kinetis studio ide/toolchain/bin/../lib/gcc/arm-none-eabi/4.8.4/../../../../arm-none-eabi/lib/armv6-m/crt0.o (exit)
d:/programe/kinetis studio ide/toolchain/bin/../lib/gcc/arm-none-eabi/4.8.4/../../../../arm-none-eabi/lib/armv6-m\libg_s.a(lib_a-impure.o)
[...]
Memory Configuration

Name             Origin             Length             Attributes
m_interrupts     0x00000000         0x00000100         xr
m_flash_config   0x00000400         0x00000010         xr
m_text           0x00000410         0x0001fbf0         xr
m_data           0x1ffff000         0x00004000         rw
*default*        0x00000000         0xffffffff

Linker script and memory map

LOAD d:/programe/kinetis studio ide/toolchain/bin/../lib/gcc/arm-none-eabi/4.8.4/armv6-m/crti.o
LOAD d:/programe/kinetis studio ide/toolchain/bin/../lib/gcc/arm-none-eabi/4.8.4/armv6-m/crtbegin.o
LOAD d:/programe/kinetis studio ide/toolchain/bin/../lib/gcc/arm-none-eabi/4.8.4/../../../../arm-none-eabi/lib/armv6-m/crt0.o
LOAD ./Sources/System/Scheduler/io_sch.o
LOAD ./Sources/System/Scheduler/io_sch_cnf.o
LOAD ./Sources/System/Os/io_os.o
LOAD ./Sources/System/Error_handling/io_traps.o
LOAD ./Sources/Other_functions/io_func.o
LOAD ./Sources/MCU_drivers/Wdt/io_wdt.o
LOAD ./Sources/MCU_drivers/Tpm/io_tpm.o
LOAD ./Sources/MCU_drivers/Tpm/io_tpm_cnf.o
LOAD ./Sources/MCU_drivers/Timer/io_tim.o
LOAD ./Sources/MCU_drivers/Pcs/io_pcs.o
LOAD ./Sources/MCU_drivers/Pcs/io_pcs_cnf.o
LOAD ./Sources/MCU_drivers/Int/io_int.o
LOAD ./Sources/MCU_drivers/Int/io_int_cnf.o
LOAD ./Sources/MCU_drivers/I2c/io_i2c.o
LOAD ./Sources/MCU_drivers/I2c/io_i2c_cnf.o
LOAD ./Sources/MCU_drivers/Dio/io_dio.o
LOAD ./Sources/MCU_drivers/Asy/io_asy.o
LOAD ./Sources/MCU_drivers/Asy/io_asy_cnf.o
LOAD ./Sources/MCU_drivers/Adc/io_adc.o
LOAD ./Sources/MCU_drivers/Adc/io_adc_cnf.o
LOAD ./Sources/HW_drivers/Stepper_motor/io_smc.o
LOAD ./Sources/HW_drivers/Stepper_motor/io_smc_cnf.o
LOAD ./Sources/HW_drivers/Sensors/Proximity/io_sens_ir.o
LOAD ./Sources/HW_drivers/Sensors/Accel_Magnet/FX0S8700.o
LOAD ./Sources/HW_drivers/H-bridge/ti8833/io_hbr_cnf_ti8833.o
LOAD ./Sources/HW_drivers/H-bridge/ti8833/io_hbr_ti8833.o
LOAD ./Sources/Application/Speed_calc/app_robo_speed_calc.o
LOAD ./Sources/Application/Path_planner/app_robo_path_planner.o
LOAD ./Sources/Application/Distance_calc/app_robo_dist_calc.o
LOAD ./Sources/Application/Car_movement/app_robo_car_movement.o
LOAD ./Sources/Application/Bluetooth/io_bluetooth.o
LOAD ./Sources/main.o
LOAD ./Project_Settings/Startup_Code/startup_MKL26Z4.o
LOAD ./Project_Settings/Startup_Code/system_MKL26Z4.o
LOAD d:/programe/kinetis studio ide/toolchain/bin/../lib/gcc/arm-none-eabi/4.8.4/../../../../arm-none-eabi/lib/armv6-m\libstdc++_s.a
LOAD d:/programe/kinetis studio ide/toolchain/bin/../lib/gcc/arm-none-eabi/4.8.4/../../../../arm-none-eabi/lib/armv6-m\libm.a
START GROUP
LOAD d:/programe/kinetis studio ide/toolchain/bin/../lib/gcc/arm-none-eabi/4.8.4/armv6-m\libgcc.a
LOAD d:/programe/kinetis studio ide/toolchain/bin/../lib/gcc/arm-none-eabi/4.8.4/../../../../arm-none-eabi/lib/armv6-m\libg_s.a
LOAD d:/programe/kinetis studio ide/toolchain/bin/../lib/gcc/arm-none-eabi/4.8.4/../../../../arm-none-eabi/lib/armv6-m\libc_s.a
END GROUP
START GROUP
LOAD d:/programe/kinetis studio ide/toolchain/bin/../lib/gcc/arm-none-eabi/4.8.4/armv6-m\libgcc.a
LOAD d:/programe/kinetis studio ide/toolchain/bin/../lib/gcc/arm-none-eabi/4.8.4/../../../../arm-none-eabi/lib/armv6-m\libc_s.a
LOAD d:/programe/kinetis studio ide/toolchain/bin/../lib/gcc/arm-none-eabi/4.8.4/../../../../arm-none-eabi/lib/armv6-m\libnosys.a
END GROUP
START GROUP
LOAD d:/programe/kinetis studio ide/toolchain/bin/../lib/gcc/arm-none-eabi/4.8.4/armv6-m\libgcc.a
LOAD d:/programe/kinetis studio ide/toolchain/bin/../lib/gcc/arm-none-eabi/4.8.4/../../../../arm-none-eabi/lib/armv6-m\libc_s.a
LOAD d:/programe/kinetis studio ide/toolchain/bin/../lib/gcc/arm-none-eabi/4.8.4/../../../../arm-none-eabi/lib/armv6-m\libnosys.a
END GROUP
LOAD d:/programe/kinetis studio ide/toolchain/bin/../lib/gcc/arm-none-eabi/4.8.4/armv6-m/crtend.o
LOAD d:/programe/kinetis studio ide/toolchain/bin/../lib/gcc/arm-none-eabi/4.8.4/armv6-m/crtn.o
                0x00000400                HEAP_SIZE = DEFINED (__heap_size__)?__heap_size__:0x400
                0x00000400                STACK_SIZE = DEFINED (__stack_size__)?__stack_size__:0x400

.interrupts     0x00000000       0xc0
                0x00000000                __VECTOR_TABLE = .
                0x00000000                . = ALIGN (0x4)
 *(.isr_vector)
 .isr_vector    0x00000000       0xc0 ./Project_Settings/Startup_Code/startup_MKL26Z4.o
                0x00000000                __isr_vector
                0x000000c0                . = ALIGN (0x4)

.flash_config   0x00000400       0x10
                0x00000400                . = ALIGN (0x4)
 *(.FlashConfig)
 .FlashConfig   0x00000400       0x10 ./Project_Settings/Startup_Code/startup_MKL26Z4.o
                0x00000410                . = ALIGN (0x4)

.text           0x00000410     0x6238
                0x00000410                . = ALIGN (0x4)
 *(.text)
 .text          0x00000410       0x60 d:/programe/kinetis studio ide/toolchain/bin/../lib/gcc/arm-none-eabi/4.8.4/armv6-m/crtbegin.o
 .text          0x00000470       0x78 d:/programe/kinetis studio ide/toolchain/bin/../lib/gcc/arm-none-eabi/4.8.4/../../../../arm-none-eabi/lib/armv6-m/crt0.o
                0x00000470                _start
                0x00000470                _mainCRTStartup
 .text          0x000004e8       0x48 ./Project_Settings/Startup_Code/startup_MKL26Z4.o
                0x000004e8                Reset_Handler
                0x00000528                Reserved20_IRQHandler
                0x00000528                LLW_IRQHandler
                0x00000528                Reserved45_IRQHandler
                0x00000528                DefaultISR
 .text          0x00000530       0x9c d:/programe/kinetis studio ide/toolchain/bin/../lib/gcc/arm-none-eabi/4.8.4/armv6-m\libgcc.a(_udivsi3.o)
                0x00000530                __aeabi_uidiv
                0x00000530                __udivsi3
                0x000005b8                __aeabi_uidivmod
 .text          0x000005cc       0xc0 d:/programe/kinetis studio ide/toolchain/bin/../lib/gcc/arm-none-eabi/4.8.4/armv6-m\libgcc.a(_divsi3.o)
                0x000005cc                __divsi3
                0x000005cc                __aeabi_idiv
                0x00000678                __aeabi_idivmod
 .text          0x0000068c        0x4 d:/programe/kinetis studio ide/toolchain/bin/../lib/gcc/arm-none-eabi/4.8.4/armv6-m\libgcc.a(_dvmd_tls.o)
                0x0000068c                __aeabi_idiv0
                0x0000068c                __aeabi_ldiv0
 .text          0x00000690       0x40 d:/programe/kinetis studio ide/toolchain/bin/../lib/gcc/arm-none-eabi/4.8.4/armv6-m\libgcc.a(_fixunsdfsi.o)
                0x00000690                __aeabi_d2uiz
                0x00000690                __fixunsdfsi
 .text          0x000006d0      0x648 d:/programe/kinetis studio ide/toolchain/bin/../lib/gcc/arm-none-eabi/4.8.4/armv6-m\libgcc.a(divdf3.o)
                0x000006d0                __aeabi_ddiv
 .text          0x00000d18      0x520 d:/programe/kinetis studio ide/toolchain/bin/../lib/gcc/arm-none-eabi/4.8.4/armv6-m\libgcc.a(muldf3.o)
                0x00000d18                __aeabi_dmul
 .text          0x00001238      0x668 d:/programe/kinetis studio ide/toolchain/bin/../lib/gcc/arm-none-eabi/4.8.4/armv6-m\libgcc.a(subdf3.o)
                0x00001238                __aeabi_dsub
 .text          0x000018a0       0x68 d:/programe/kinetis studio ide/toolchain/bin/../lib/gcc/arm-none-eabi/4.8.4/armv6-m\libgcc.a(fixdfsi.o)
                0x000018a0                __aeabi_d2iz
 .text          0x00001908       0x7c d:/programe/kinetis studio ide/toolchain/bin/../lib/gcc/arm-none-eabi/4.8.4/armv6-m\libgcc.a(floatsidf.o)
                0x00001908                __aeabi_i2d
 .text          0x00001984       0x68 d:/programe/kinetis studio ide/toolchain/bin/../lib/gcc/arm-none-eabi/4.8.4/armv6-m\libgcc.a(floatunsidf.o)
                0x00001984                __aeabi_ui2d
 .text          0x000019ec       0x7c d:/programe/kinetis studio ide/toolchain/bin/../lib/gcc/arm-none-eabi/4.8.4/armv6-m\libgcc.a(_arm_cmpdf2.o)
                0x000019ec                __aeabi_cdrcmple
                0x000019fc                __aeabi_cdcmple
                0x000019fc                __aeabi_cdcmpeq
                0x00001a0c                __aeabi_dcmpeq
                0x00001a18                __aeabi_dcmplt
                0x00001a2c                __aeabi_dcmple
                0x00001a40                __aeabi_dcmpgt
                0x00001a54                __aeabi_dcmpge
 .text          0x00001a68       0x3c d:/programe/kinetis studio ide/toolchain/bin/../lib/gcc/arm-none-eabi/4.8.4/armv6-m\libgcc.a(_clzsi2.o)
                0x00001a68                __clzsi2
 .text          0x00001aa4       0x94 d:/programe/kinetis studio ide/toolchain/bin/../lib/gcc/arm-none-eabi/4.8.4/armv6-m\libgcc.a(eqdf2.o)
                0x00001aa4                __nedf2
                0x00001aa4                __eqdf2
 .text          0x00001b38       0xfc d:/programe/kinetis studio ide/toolchain/bin/../lib/gcc/arm-none-eabi/4.8.4/armv6-m\libgcc.a(gedf2.o)
                0x00001b38                __gedf2
                0x00001b38                __gtdf2
 .text          0x00001c34       0xfc d:/programe/kinetis studio ide/toolchain/bin/../lib/gcc/arm-none-eabi/4.8.4/armv6-m\libgcc.a(ledf2.o)
                0x00001c34                __ledf2
                0x00001c34                __ltdf2
 *(.text*)
 .text.Io_Sch_StartOs
                0x00001d30       0x9c ./Sources/System/Scheduler/io_sch.o
                0x00001d30                Io_Sch_StartOs
 .text.Io_Sch_PeriodicTask
                0x00001dcc       0x50 ./Sources/System/Scheduler/io_sch.o
                0x00001dcc                Io_Sch_PeriodicTask
 .text.Io_Sch_PrjHookTaskBackground
                0x00001e1c       0x1c ./Sources/System/Scheduler/io_sch_cnf.o
 .text.Io_Sch_PrjHookTask1ms
                0x00001e38       0x1c ./Sources/System/Scheduler/io_sch_cnf.o
 .text.Io_Sch_PrjHookTask10ms
                0x00001e54       0x40 ./Sources/System/Scheduler/io_sch_cnf.o
 .text.Io_Sch_PrjHookTask50ms
                0x00001e94       0x1c ./Sources/System/Scheduler/io_sch_cnf.o
 .text.Io_Sch_PrjHookTask100ms
                0x00001eb0       0x1c ./Sources/System/Scheduler/io_sch_cnf.o
 .text.Io_Sch_PrjHookTask200ms
                0x00001ecc       0x20 ./Sources/System/Scheduler/io_sch_cnf.o
 .text.Io_Sch_PrjHookTask1000ms
                0x00001eec       0x18 ./Sources/System/Scheduler/io_sch_cnf.o
 .text.Io_Os_ForceReset
                0x00001f04        0xc ./Sources/System/Os/io_os.o
 .text.Io_Os_Init
                0x00001f10       0x50 ./Sources/System/Os/io_os.o
                0x00001f10                Io_Os_Init
 .text.Io_Os_InsertTask
                0x00001f60       0xbc ./Sources/System/Os/io_os.o
                0x00001f60                Io_Os_InsertTask
 .text.Io_Os_PriorityHandler
                0x0000201c       0xd8 ./Sources/System/Os/io_os.o
                0x0000201c                Io_Os_PriorityHandler
 .text.Io_Os_PeriodicHandler
                0x000020f4       0xc8 ./Sources/System/Os/io_os.o
                0x000020f4                Io_Os_PeriodicHandler
 .text.Io_Func_ShlU32
                0x000021bc       0x24 ./Sources/Other_functions/io_func.o
                0x000021bc                Io_Func_ShlU32
 .text.Io_Func_ShrU32
                0x000021e0       0x24 ./Sources/Other_functions/io_func.o
                0x000021e0                Io_Func_ShrU32
 .text.Io_Wdt_Init
                0x00002204       0x18 ./Sources/MCU_drivers/Wdt/io_wdt.o
                0x00002204                Io_Wdt_Init
 .text.Io_Wdt_Service
                0x0000221c       0x28 ./Sources/MCU_drivers/Wdt/io_wdt.o
                0x0000221c                Io_Wdt_Service
 .text.Io_Tpm_Initialization
                0x00002244      0x60c ./Sources/MCU_drivers/Tpm/io_tpm.o
                0x00002244                Io_Tpm_Initialization
 .text.Io_Tpm_PwmChangeDutycycle
                0x00002850       0xb0 ./Sources/MCU_drivers/Tpm/io_tpm.o
                0x00002850                Io_Tpm_PwmChangeDutycycle
 .text.Io_Tpm_getTpm
                0x00002900       0x50 ./Sources/MCU_drivers/Tpm/io_tpm.o
 .text.Io_Tpm_LimitDutycycle
                0x00002950       0x3c ./Sources/MCU_drivers/Tpm/io_tpm.o
 .text.Io_Tpm_LimitPeriod
                0x0000298c       0x24 ./Sources/MCU_drivers/Tpm/io_tpm.o
 .text.Io_Tpm_ProcessPeriod
                0x000029b0       0x80 ./Sources/MCU_drivers/Tpm/io_tpm.o
 .text.Io_Tpm_ProcessDutyCycle
                0x00002a30       0x38 ./Sources/MCU_drivers/Tpm/io_tpm.o
 .text.Io_Tpm_Porcess_InputCapture
                0x00002a68      0x140 ./Sources/MCU_drivers/Tpm/io_tpm.o
                0x00002a68                Io_Tpm_Porcess_InputCapture
 .text.Io_Tpm_Tpm0Isr
                0x00002ba8      0x134 ./Sources/MCU_drivers/Tpm/io_tpm.o
                0x00002ba8                Io_Tpm_Tpm0Isr
 .text.Io_Pcs_Initialization
                0x00002cdc      0x1c4 ./Sources/MCU_drivers/Pcs/io_pcs.o
                0x00002cdc                Io_Pcs_Initialization
 .text.Io_Pcs_GetPinInfo
                0x00002ea0       0xd0 ./Sources/MCU_drivers/Pcs/io_pcs.o
                0x00002ea0                Io_Pcs_GetPinInfo
 .text.Io_Pcs_Portc_Portd_Isr
                0x00002f70       0xc4 ./Sources/MCU_drivers/Pcs/io_pcs.o
                0x00002f70                Io_Pcs_Portc_Portd_Isr
 .text.Io_Int_EnableInterrupts
                0x00003034       0x10 ./Sources/MCU_drivers/Int/io_int.o
                0x00003034                Io_Int_EnableInterrupts
 .text.Io_Int_DisableInterrupts
                0x00003044        0xc ./Sources/MCU_drivers/Int/io_int.o
                0x00003044                Io_Int_DisableInterrupts
 .text.Io_Int_Initialization
                0x00003050      0x100 ./Sources/MCU_drivers/Int/io_int.o
                0x00003050                Io_Int_Initialization
 .text.Io_Int_NVIC_Enable
                0x00003150       0x28 ./Sources/MCU_drivers/Int/io_int.o
                0x00003150                Io_Int_NVIC_Enable
 .text.Io_Int_SetPriority
                0x00003178       0xe8 ./Sources/MCU_drivers/Int/io_int.o
                0x00003178                Io_Int_SetPriority
 .text.Io_Int_Enable_OS
                0x00003260       0x18 ./Sources/MCU_drivers/Int/io_int.o
                0x00003260                Io_Int_Enable_OS
 .text.Io_Int_NVIC_ClearPending
                0x00003278       0x28 ./Sources/MCU_drivers/Int/io_int.o
                0x00003278                Io_Int_NVIC_ClearPending
 .text.Io_Int_ProcessHandler
                0x000032a0       0x5c ./Sources/MCU_drivers/Int/io_int.o
                0x000032a0                Io_Int_ProcessHandler
 .text.Io_Int_Dummy
                0x000032fc        0x8 ./Sources/MCU_drivers/Int/io_int.o
                0x000032fc                Io_Int_Dummy
 .text.NMI_Handler
                0x00003304       0x14 ./Sources/MCU_drivers/Int/io_int.o
                0x00003304                NMI_Handler
 .text.HardFault_Handler
                0x00003318       0x14 ./Sources/MCU_drivers/Int/io_int.o
                0x00003318                HardFault_Handler
 .text.SVC_Handler
                0x0000332c       0x14 ./Sources/MCU_drivers/Int/io_int.o
                0x0000332c                SVC_Handler
 .text.PendSV_Handler
                0x00003340       0x14 ./Sources/MCU_drivers/Int/io_int.o
                0x00003340                PendSV_Handler
 .text.SysTick_Handler
                0x00003354       0x14 ./Sources/MCU_drivers/Int/io_int.o
                0x00003354                SysTick_Handler
 .text.DMA0_IRQHandler
                0x00003368       0x10 ./Sources/MCU_drivers/Int/io_int.o
                0x00003368                DMA0_IRQHandler
 .text.DMA1_IRQHandler
                0x00003378       0x10 ./Sources/MCU_drivers/Int/io_int.o
                0x00003378                DMA1_IRQHandler
 .text.DMA2_IRQHandler
                0x00003388       0x10 ./Sources/MCU_drivers/Int/io_int.o
                0x00003388                DMA2_IRQHandler
 .text.DMA3_IRQHandler
                0x00003398       0x10 ./Sources/MCU_drivers/Int/io_int.o
                0x00003398                DMA3_IRQHandler
 .text.FTFA_IRQHandler
                0x000033a8       0x10 ./Sources/MCU_drivers/Int/io_int.o
                0x000033a8                FTFA_IRQHandler
 .text.LVD_LVW_IRQHandler
                0x000033b8       0x10 ./Sources/MCU_drivers/Int/io_int.o
                0x000033b8                LVD_LVW_IRQHandler
 .text.I2C0_IRQHandler
                0x000033c8       0x10 ./Sources/MCU_drivers/Int/io_int.o
                0x000033c8                I2C0_IRQHandler
 .text.I2C1_IRQHandler
                0x000033d8       0x10 ./Sources/MCU_drivers/Int/io_int.o
                0x000033d8                I2C1_IRQHandler
 .text.SPI0_IRQHandler
                0x000033e8       0x10 ./Sources/MCU_drivers/Int/io_int.o
                0x000033e8                SPI0_IRQHandler
 .text.SPI1_IRQHandler
                0x000033f8       0x10 ./Sources/MCU_drivers/Int/io_int.o
                0x000033f8                SPI1_IRQHandler
 .text.UART0_IRQHandler
                0x00003408       0x10 ./Sources/MCU_drivers/Int/io_int.o
                0x00003408                UART0_IRQHandler
 .text.UART1_IRQHandler
                0x00003418       0x10 ./Sources/MCU_drivers/Int/io_int.o
                0x00003418                UART1_IRQHandler
 .text.UART2_IRQHandler
                0x00003428       0x10 ./Sources/MCU_drivers/Int/io_int.o
                0x00003428                UART2_IRQHandler
 .text.ADC0_IRQHandler
                0x00003438       0x10 ./Sources/MCU_drivers/Int/io_int.o
                0x00003438                ADC0_IRQHandler
 .text.CMP0_IRQHandler
                0x00003448       0x10 ./Sources/MCU_drivers/Int/io_int.o
                0x00003448                CMP0_IRQHandler
 .text.TPM0_IRQHandler
                0x00003458       0x10 ./Sources/MCU_drivers/Int/io_int.o
                0x00003458                TPM0_IRQHandler
 .text.TPM1_IRQHandler
                0x00003468       0x10 ./Sources/MCU_drivers/Int/io_int.o
                0x00003468                TPM1_IRQHandler
 .text.TPM2_IRQHandler
                0x00003478       0x10 ./Sources/MCU_drivers/Int/io_int.o
                0x00003478                TPM2_IRQHandler
 .text.RTC_IRQHandler
                0x00003488       0x10 ./Sources/MCU_drivers/Int/io_int.o
                0x00003488                RTC_IRQHandler
 .text.RTC_Seconds_IRQHandler
                0x00003498       0x10 ./Sources/MCU_drivers/Int/io_int.o
                0x00003498                RTC_Seconds_IRQHandler
 .text.PIT_IRQHandler
                0x000034a8       0x10 ./Sources/MCU_drivers/Int/io_int.o
                0x000034a8                PIT_IRQHandler
 .text.I2S0_IRQHandler
                0x000034b8       0x10 ./Sources/MCU_drivers/Int/io_int.o
                0x000034b8                I2S0_IRQHandler
 .text.USB0_IRQHandler
                0x000034c8       0x10 ./Sources/MCU_drivers/Int/io_int.o
                0x000034c8                USB0_IRQHandler
 .text.DAC0_IRQHandler
                0x000034d8       0x10 ./Sources/MCU_drivers/Int/io_int.o
                0x000034d8                DAC0_IRQHandler
 .text.TSI0_IRQHandler
                0x000034e8       0x10 ./Sources/MCU_drivers/Int/io_int.o
                0x000034e8                TSI0_IRQHandler
 .text.MCG_IRQHandler
                0x000034f8       0x10 ./Sources/MCU_drivers/Int/io_int.o
                0x000034f8                MCG_IRQHandler
 .text.LPTMR0_IRQHandler
                0x00003508       0x10 ./Sources/MCU_drivers/Int/io_int.o
                0x00003508                LPTMR0_IRQHandler
 .text.PORTA_IRQHandler
                0x00003518       0x10 ./Sources/MCU_drivers/Int/io_int.o
                0x00003518                PORTA_IRQHandler
 .text.PORTC_PORTD_IRQHandler
                0x00003528       0x10 ./Sources/MCU_drivers/Int/io_int.o
                0x00003528                PORTC_PORTD_IRQHandler
 .text.Io_Dio_SetPinLevel
                0x00003538       0x98 ./Sources/MCU_drivers/Dio/io_dio.o
                0x00003538                Io_Dio_SetPinLevel
 .text.Io_Dio_GetPinLevel
                0x000035d0       0xd0 ./Sources/MCU_drivers/Dio/io_dio.o
                0x000035d0                Io_Dio_GetPinLevel
 .text.Io_Asy_Initialization
                0x000036a0       0x64 ./Sources/MCU_drivers/Asy/io_asy.o
                0x000036a0                Io_Asy_Initialization
 .text.Io_Asy_Ch_Initialization
                0x00003704      0x400 ./Sources/MCU_drivers/Asy/io_asy.o
                0x00003704                Io_Asy_Ch_Initialization
 .text.Io_Asy_Start
                0x00003b04      0x194 ./Sources/MCU_drivers/Asy/io_asy.o
                0x00003b04                Io_Asy_Start
 .text.Io_Asy_TxData
                0x00003c98      0x1b4 ./Sources/MCU_drivers/Asy/io_asy.o
                0x00003c98                Io_Asy_TxData
 .text.Io_Asy_RxData
                0x00003e4c       0xfc ./Sources/MCU_drivers/Asy/io_asy.o
                0x00003e4c                Io_Asy_RxData
 .text.Io_Asy_SetBaudrate
                0x00003f48      0x12c ./Sources/MCU_drivers/Asy/io_asy.o
                0x00003f48                Io_Asy_SetBaudrate
 .text.Io_Asy_CalculateBaudrate
                0x00004074       0x30 ./Sources/MCU_drivers/Asy/io_asy.o
                0x00004074                Io_Asy_CalculateBaudrate
 .text.Io_Asy_Asy0_Isr
                0x000040a4       0x18 ./Sources/MCU_drivers/Asy/io_asy.o
                0x000040a4                Io_Asy_Asy0_Isr
 .text.Io_Asy_Asy1_Isr
                0x000040bc       0x18 ./Sources/MCU_drivers/Asy/io_asy.o
                0x000040bc                Io_Asy_Asy1_Isr
 .text.Io_Asy_Asy2_Isr
                0x000040d4       0x18 ./Sources/MCU_drivers/Asy/io_asy.o
                0x000040d4                Io_Asy_Asy2_Isr
 .text.ASY_TX_Signal
                0x000040ec       0x14 ./Sources/MCU_drivers/Asy/io_asy_cnf.o
                0x000040ec                ASY_TX_Signal
 .text.ASY_RX_Signal
                0x00004100       0x14 ./Sources/MCU_drivers/Asy/io_asy_cnf.o
                0x00004100                ASY_RX_Signal
 .text.ASY_ERR_Signal
                0x00004114       0x14 ./Sources/MCU_drivers/Asy/io_asy_cnf.o
                0x00004114                ASY_ERR_Signal
 .text.Io_Adc_Initialization
                0x00004128       0xb0 ./Sources/MCU_drivers/Adc/io_adc.o
                0x00004128                Io_Adc_Initialization
 .text.Io_Adc_Autoscan
                0x000041d8       0x88 ./Sources/MCU_drivers/Adc/io_adc.o
                0x000041d8                Io_Adc_Autoscan
 .text.Io_Adc_Isr
                0x00004260       0xd4 ./Sources/MCU_drivers/Adc/io_adc.o
                0x00004260                Io_Adc_Isr
 .text.Io_Adc_GetResult
                0x00004334       0x94 ./Sources/MCU_drivers/Adc/io_adc.o
                0x00004334                Io_Adc_GetResult
 .text.Io_Adc_GetResultmV
                0x000043c8       0x44 ./Sources/MCU_drivers/Adc/io_adc.o
                0x000043c8                Io_Adc_GetResultmV
 .text.Io_Sens_Initialization
                0x0000440c      0x160 ./Sources/HW_drivers/Sensors/Proximity/io_sens_ir.o
                0x0000440c                Io_Sens_Initialization
 .text.Io_Sens_GetSensorSample
                0x0000456c       0x3c ./Sources/HW_drivers/Sensors/Proximity/io_sens_ir.o
                0x0000456c                Io_Sens_GetSensorSample
 .text.Io_Sens_CalculateSamplesMean
                0x000045a8       0x78 ./Sources/HW_drivers/Sensors/Proximity/io_sens_ir.o
                0x000045a8                Io_Sens_CalculateSamplesMean
 .text.Io_Sens_CalculateDistanceCm
                0x00004620      0x17c ./Sources/HW_drivers/Sensors/Proximity/io_sens_ir.o
                0x00004620                Io_Sens_CalculateDistanceCm
 .text.Io_Hbr_Drv8833_Initialization
                0x0000479c       0x90 ./Sources/HW_drivers/H-bridge/ti8833/io_hbr_ti8833.o
                0x0000479c                Io_Hbr_Drv8833_Initialization
 .text.Io_Hbr_Drv8833_Update
                0x0000482c      0x14c ./Sources/HW_drivers/H-bridge/ti8833/io_hbr_ti8833.o
                0x0000482c                Io_Hbr_Drv8833_Update
 .text.Io_Hbr_Drv8833_Set_State
                0x00004978      0x1f0 ./Sources/HW_drivers/H-bridge/ti8833/io_hbr_ti8833.o
                0x00004978                Io_Hbr_Drv8833_Set_State
 .text.Io_Hbr_Drv8833_Get_State
                0x00004b68       0x4c ./Sources/HW_drivers/H-bridge/ti8833/io_hbr_ti8833.o
                0x00004b68                Io_Hbr_Drv8833_Get_State
 .text.Algo_Robo_Sc_InitializeSpeedCalc
                0x00004bb4       0x34 ./Sources/Application/Speed_calc/app_robo_speed_calc.o
                0x00004bb4                Algo_Robo_Sc_InitializeSpeedCalc
 .text.Algo_Robo_Pp_InitializePathPlanner
                0x00004be8      0x104 ./Sources/Application/Path_planner/app_robo_path_planner.o
                0x00004be8                Algo_Robo_Pp_InitializePathPlanner
 .text.Algo_Robo_Pp_StartParallelParking
                0x00004cec       0x4c ./Sources/Application/Path_planner/app_robo_path_planner.o
                0x00004cec                Algo_Robo_Pp_StartParallelParking
 .text.Algo_Robo_Pp_ParallelParkingAlgorithm
                0x00004d38       0x54 ./Sources/Application/Path_planner/app_robo_path_planner.o
                0x00004d38                Algo_Robo_Pp_ParallelParkingAlgorithm
 .text.Algo_Robo_Pp_CarDecisionParallelPark
                0x00004d8c      0x148 ./Sources/Application/Path_planner/app_robo_path_planner.o
                0x00004d8c                Algo_Robo_Pp_CarDecisionParallelPark
 .text.Algo_Robo_Pp_CarDecisionScheduler
                0x00004ed4      0x1ac ./Sources/Application/Path_planner/app_robo_path_planner.o
                0x00004ed4                Algo_Robo_Pp_CarDecisionScheduler
 .text.Algo_Robo_Pp_DetermineNextCarState
                0x00005080      0x200 ./Sources/Application/Path_planner/app_robo_path_planner.o
                0x00005080                Algo_Robo_Pp_DetermineNextCarState
 .text.Algo_Robo_Pp_CalculateRotationTime
                0x00005280       0x54 ./Sources/Application/Path_planner/app_robo_path_planner.o
                0x00005280                Algo_Robo_Pp_CalculateRotationTime
 .text.Algo_Robo_Dc_CalculateSideDistanceCovered
                0x000052d4       0x50 ./Sources/Application/Distance_calc/app_robo_dist_calc.o
                0x000052d4                Algo_Robo_Dc_CalculateSideDistanceCovered
 .text.Algo_Robo_Dc_CalculateCarDistanceCovered
                0x00005324       0x38 ./Sources/Application/Distance_calc/app_robo_dist_calc.o
                0x00005324                Algo_Robo_Dc_CalculateCarDistanceCovered
 .text.Algo_Dc_GetAllSensorsSample
                0x0000535c       0x40 ./Sources/Application/Distance_calc/app_robo_dist_calc.o
                0x0000535c                Algo_Dc_GetAllSensorsSample
 .text.Algo_Dc_CalculateSensorsDistances
                0x0000539c       0xc4 ./Sources/Application/Distance_calc/app_robo_dist_calc.o
                0x0000539c                Algo_Dc_CalculateSensorsDistances
 .text.Algo_Robo_Cm_InitializeCarMovement
                0x00005460       0x30 ./Sources/Application/Car_movement/app_robo_car_movement.o
                0x00005460                Algo_Robo_Cm_InitializeCarMovement
 .text.Algo_Robo_Cm_UpdateCarSpeed
                0x00005490       0x58 ./Sources/Application/Car_movement/app_robo_car_movement.o
                0x00005490                Algo_Robo_Cm_UpdateCarSpeed
 .text.Algo_Robo_Cm_MoveCarForward
                0x000054e8       0x38 ./Sources/Application/Car_movement/app_robo_car_movement.o
                0x000054e8                Algo_Robo_Cm_MoveCarForward
 .text.Algo_Robo_Cm_MoveCarBackward
                0x00005520       0x38 ./Sources/Application/Car_movement/app_robo_car_movement.o
                0x00005520                Algo_Robo_Cm_MoveCarBackward
 .text.Algo_Robo_Cm_RotateCarLeft
                0x00005558       0x64 ./Sources/Application/Car_movement/app_robo_car_movement.o
                0x00005558                Algo_Robo_Cm_RotateCarLeft
 .text.Algo_Robo_Cm_RotateCarRight
                0x000055bc       0x64 ./Sources/Application/Car_movement/app_robo_car_movement.o
                0x000055bc                Algo_Robo_Cm_RotateCarRight
 .text.Algo_Robo_Cm_StopCar
                0x00005620       0x24 ./Sources/Application/Car_movement/app_robo_car_movement.o
                0x00005620                Algo_Robo_Cm_StopCar
 .text.Algo_Robo_Cm_LimitDutycycle
                0x00005644       0x4c ./Sources/Application/Car_movement/app_robo_car_movement.o
 .text.mask     0x00005690       0xf0 ./Sources/Application/Bluetooth/io_bluetooth.o
                0x00005690                mask
 .text.Io_Bluetooth_State
                0x00005780      0x548 ./Sources/Application/Bluetooth/io_bluetooth.o
                0x00005780                Io_Bluetooth_State
 .text.main     0x00005cc8       0x84 ./Sources/main.o
                0x00005cc8                main
 .text.SystemInit
                0x00005d4c      0x1b0 ./Project_Settings/Startup_Code/system_MKL26Z4.o
                0x00005d4c                SystemInit
 .text.calloc   0x00005efc       0x18 d:/programe/kinetis studio ide/toolchain/bin/../lib/gcc/arm-none-eabi/4.8.4/../../../../arm-none-eabi/lib/armv6-m\libg_s.a(lib_a-calloc.o)
                0x00005efc                calloc
 .text.exit     0x00005f14       0x2c d:/programe/kinetis studio ide/toolchain/bin/../lib/gcc/arm-none-eabi/4.8.4/../../../../arm-none-eabi/lib/armv6-m\libg_s.a(lib_a-exit.o)
                0x00005f14                exit
 .text.__libc_init_array
                0x00005f40       0x4c d:/programe/kinetis studio ide/toolchain/bin/../lib/gcc/arm-none-eabi/4.8.4/../../../../arm-none-eabi/lib/armv6-m\libg_s.a(lib_a-init.o)
                0x00005f40                __libc_init_array
 .text.malloc   0x00005f8c       0x14 d:/programe/kinetis studio ide/toolchain/bin/../lib/gcc/arm-none-eabi/4.8.4/../../../../arm-none-eabi/lib/armv6-m\libg_s.a(lib_a-malloc.o)
                0x00005f8c                malloc
 .text.memset   0x00005fa0       0x10 d:/programe/kinetis studio ide/toolchain/bin/../lib/gcc/arm-none-eabi/4.8.4/../../../../arm-none-eabi/lib/armv6-m\libg_s.a(lib_a-memset.o)
                0x00005fa0                memset
 .text._calloc_r
                0x00005fb0       0x1c d:/programe/kinetis studio ide/toolchain/bin/../lib/gcc/arm-none-eabi/4.8.4/../../../../arm-none-eabi/lib/armv6-m\libg_s.a(lib_a-nano-callocr.o)
                0x00005fb0                _calloc_r
 .text._malloc_r
                0x00005fcc       0xa8 d:/programe/kinetis studio ide/toolchain/bin/../lib/gcc/arm-none-eabi/4.8.4/../../../../arm-none-eabi/lib/armv6-m\libg_s.a(lib_a-nano-mallocr.o)
                0x00005fcc                _malloc_r
 .text._sbrk_r  0x00006074       0x24 d:/programe/kinetis studio ide/toolchain/bin/../lib/gcc/arm-none-eabi/4.8.4/../../../../arm-none-eabi/lib/armv6-m\libg_s.a(lib_a-sbrkr.o)
                0x00006074                _sbrk_r
 .text._sbrk    0x00006098       0x34 d:/programe/kinetis studio ide/toolchain/bin/../lib/gcc/arm-none-eabi/4.8.4/../../../../arm-none-eabi/lib/armv6-m\libnosys.a(sbrk.o)
                0x00006098                _sbrk
 .text._exit    0x000060cc        0x4 d:/programe/kinetis studio ide/toolchain/bin/../lib/gcc/arm-none-eabi/4.8.4/../../../../arm-none-eabi/lib/armv6-m\libnosys.a(_exit.o)
                0x000060cc                _exit
 *(.rodata)
 .rodata        0x000060d0       0x40 d:/programe/kinetis studio ide/toolchain/bin/../lib/gcc/arm-none-eabi/4.8.4/armv6-m\libgcc.a(divdf3.o)
 .rodata        0x00006110       0x40 d:/programe/kinetis studio ide/toolchain/bin/../lib/gcc/arm-none-eabi/4.8.4/armv6-m\libgcc.a(muldf3.o)
 *(.rodata*)
 .rodata.Io_Sch_OsTasks
                0x00006150       0x38 ./Sources/System/Scheduler/io_sch_cnf.o
                0x00006150                Io_Sch_OsTasks
 .rodata.Io_Sch_OsConfig
                0x00006188        0x8 ./Sources/System/Scheduler/io_sch_cnf.o
                0x00006188                Io_Sch_OsConfig
 .rodata.Io_Tpm_Pwm_Ch_Cnf
                0x00006190       0x18 ./Sources/MCU_drivers/Tpm/io_tpm_cnf.o
                0x00006190                Io_Tpm_Pwm_Ch_Cnf
 .rodata.Io_Tpm_Dcm_Ch_Cnf
                0x000061a8       0x30 ./Sources/MCU_drivers/Tpm/io_tpm_cnf.o
                0x000061a8                Io_Tpm_Dcm_Ch_Cnf
 .rodata.Io_Tpm_Dev_Cnf
                0x000061d8       0x24 ./Sources/MCU_drivers/Tpm/io_tpm_cnf.o
                0x000061d8                Io_Tpm_Dev_Cnf
 .rodata.Io_Tpm_Cnf
                0x000061fc       0x18 ./Sources/MCU_drivers/Tpm/io_tpm_cnf.o
                0x000061fc                Io_Tpm_Cnf
 .rodata.Io_Pcs_PortTab
                0x00006214       0x14 ./Sources/MCU_drivers/Pcs/io_pcs.o
                0x00006214                Io_Pcs_PortTab
 .rodata.Io_Pcs_FGPIO
                0x00006228       0x14 ./Sources/MCU_drivers/Pcs/io_pcs.o
                0x00006228                Io_Pcs_FGPIO
 .rodata.Io_Pcs_GetPinInfo
                0x0000623c       0x18 ./Sources/MCU_drivers/Pcs/io_pcs.o
 .rodata.Io_Pcs_PortCnf
                0x00006254      0x18c ./Sources/MCU_drivers/Pcs/io_pcs_cnf.o
                0x00006254                Io_Pcs_PortCnf
 .rodata.Io_Pcs_Cnf
                0x000063e0        0x8 ./Sources/MCU_drivers/Pcs/io_pcs_cnf.o
                0x000063e0                Io_Pcs_Cnf
 .rodata.Io_Int_InterruptCnf
                0x000063e8       0x38 ./Sources/MCU_drivers/Int/io_int_cnf.o
                0x000063e8                Io_Int_InterruptCnf
 .rodata.Io_Int_Cnf
                0x00006420        0x8 ./Sources/MCU_drivers/Int/io_int_cnf.o
                0x00006420                Io_Int_Cnf
 .rodata.Io_Dio_PortTab
                0x00006428       0x14 ./Sources/MCU_drivers/Dio/io_dio.o
                0x00006428                Io_Dio_PortTab
 .rodata.asy_tx_sig0
                0x0000643c        0x8 ./Sources/MCU_drivers/Asy/io_asy_cnf.o
                0x0000643c                asy_tx_sig0
 .rodata.asy_rx_sig0
                0x00006444        0x8 ./Sources/MCU_drivers/Asy/io_asy_cnf.o
                0x00006444                asy_rx_sig0
 .rodata.asy_err_sig0
                0x0000644c        0x8 ./Sources/MCU_drivers/Asy/io_asy_cnf.o
                0x0000644c                asy_err_sig0
 .rodata.asy_tx_sig1
                0x00006454        0x8 ./Sources/MCU_drivers/Asy/io_asy_cnf.o
                0x00006454                asy_tx_sig1
 .rodata.asy_rx_sig1
                0x0000645c        0x8 ./Sources/MCU_drivers/Asy/io_asy_cnf.o
                0x0000645c                asy_rx_sig1
 .rodata.asy_err_sig1
                0x00006464        0x8 ./Sources/MCU_drivers/Asy/io_asy_cnf.o
                0x00006464                asy_err_sig1
 .rodata.asy_channels
                0x0000646c       0x28 ./Sources/MCU_drivers/Asy/io_asy_cnf.o
                0x0000646c                asy_channels
 .rodata.config_asy_device
                0x00006494        0x8 ./Sources/MCU_drivers/Asy/io_asy_cnf.o
                0x00006494                config_asy_device
 .rodata.config_adc_autoscan_channels
                0x0000649c       0x10 ./Sources/MCU_drivers/Adc/io_adc_cnf.o
                0x0000649c                config_adc_autoscan_channels
 .rodata.config_adc_ptr
                0x000064ac        0x8 ./Sources/MCU_drivers/Adc/io_adc_cnf.o
                0x000064ac                config_adc_ptr
 .rodata.Io_Hbr_Drv8833_PortCnf
                0x000064b4       0x10 ./Sources/HW_drivers/H-bridge/ti8833/io_hbr_cnf_ti8833.o
                0x000064b4                Io_Hbr_Drv8833_PortCnf
 .rodata.Io_Hbr_Drv8833_Cnf
                0x000064c4        0x8 ./Sources/HW_drivers/H-bridge/ti8833/io_hbr_cnf_ti8833.o
                0x000064c4                Io_Hbr_Drv8833_Cnf
 .rodata.Io_Hbr_Drv8833_Set_State
                0x000064cc       0x18 ./Sources/HW_drivers/H-bridge/ti8833/io_hbr_ti8833.o
 .rodata.Algo_Robo_Pp_CarDecisionParallelPark
                0x000064e4       0x28 ./Sources/Application/Path_planner/app_robo_path_planner.o
 .rodata.Algo_Robo_Pp_CarDecisionScheduler
                0x0000650c       0x14 ./Sources/Application/Path_planner/app_robo_path_planner.o
 .rodata.Algo_Robo_Pp_DetermineNextCarState
                0x00006520       0x18 ./Sources/Application/Path_planner/app_robo_path_planner.o
 .rodata.Algo_Robo_Pp_CalculateRotationTime
                0x00006538       0x7c ./Sources/Application/Path_planner/app_robo_path_planner.o
 .rodata.Io_Bluetooth_State
                0x000065b4       0x74 ./Sources/Application/Bluetooth/io_bluetooth.o
 .rodata.str1.1
                0x00006628        0x2 d:/programe/kinetis studio ide/toolchain/bin/../lib/gcc/arm-none-eabi/4.8.4/../../../../arm-none-eabi/lib/armv6-m\libg_s.a(lib_a-impure.o)
 *fill*         0x0000662a        0x2 
 .rodata._global_impure_ptr
                0x0000662c        0x4 d:/programe/kinetis studio ide/toolchain/bin/../lib/gcc/arm-none-eabi/4.8.4/../../../../arm-none-eabi/lib/armv6-m\libg_s.a(lib_a-impure.o)
                0x0000662c                _global_impure_ptr
 *(.glue_7)
 .glue_7        0x00000000        0x0 linker stubs
 *(.glue_7t)
 .glue_7t       0x00000000        0x0 linker stubs
 *(.eh_frame)
 .eh_frame      0x00006630        0x0 d:/programe/kinetis studio ide/toolchain/bin/../lib/gcc/arm-none-eabi/4.8.4/armv6-m/crtbegin.o
 *(.init)
 .init          0x00006630        0x4 d:/programe/kinetis studio ide/toolchain/bin/../lib/gcc/arm-none-eabi/4.8.4/armv6-m/crti.o
                0x00006630                _init
 .init          0x00006634        0x8 d:/programe/kinetis studio ide/toolchain/bin/../lib/gcc/arm-none-eabi/4.8.4/armv6-m/crtn.o
 *(.fini)
 .fini          0x0000663c        0x4 d:/programe/kinetis studio ide/toolchain/bin/../lib/gcc/arm-none-eabi/4.8.4/armv6-m/crti.o
                0x0000663c                _fini
 .fini          0x00006640        0x8 d:/programe/kinetis studio ide/toolchain/bin/../lib/gcc/arm-none-eabi/4.8.4/armv6-m/crtn.o
                0x00006648                . = ALIGN (0x4)

.vfp11_veneer   0x00006648        0x0
 .vfp11_veneer  0x00000000        0x0 linker stubs

.v4_bx          0x00006648        0x0
 .v4_bx         0x00000000        0x0 linker stubs

.iplt           0x00006648        0x0
 .iplt          0x00000000        0x0 d:/programe/kinetis studio ide/toolchain/bin/../lib/gcc/arm-none-eabi/4.8.4/armv6-m/crtbegin.o

.ARM.extab
 *(.ARM.extab* .gnu.linkonce.armextab.*)

.ARM            0x00006648        0x8
                0x00006648                __exidx_start = .
 *(.ARM.exidx*)
 .ARM.exidx     0x00006648        0x8 d:/programe/kinetis studio ide/toolchain/bin/../lib/gcc/arm-none-eabi/4.8.4/../../../../arm-none-eabi/lib/armv6-m/crt0.o
                0x00006650                __exidx_end = .

.rel.dyn        0x00006650        0x0
 .rel.iplt      0x00000000        0x0 d:/programe/kinetis studio ide/toolchain/bin/../lib/gcc/arm-none-eabi/4.8.4/armv6-m/crtbegin.o

.ctors          0x00006650        0x0
                0x00006650                __CTOR_LIST__ = .
 *crtbegin.o(.ctors)
 *crtbegin?.o(.ctors)
 *(EXCLUDE_FILE(*crtend.o *crtend?.o) .ctors)
 *(SORT(.ctors.*))
 *(.ctors)
                0x00006650                __CTOR_END__ = .

.dtors          0x00006650        0x0
                0x00006650                __DTOR_LIST__ = .
 *crtbegin.o(.dtors)
 *crtbegin?.o(.dtors)
 *(EXCLUDE_FILE(*crtend.o *crtend?.o) .dtors)
 *(SORT(.dtors.*))
 *(.dtors)
                0x00006650                __DTOR_END__ = .

.preinit_array  0x00006650        0x0
                0x00006650                PROVIDE (__preinit_array_start, .)
 *(.preinit_array*)
                0x00006650                PROVIDE (__preinit_array_end, .)

.init_array     0x00006650        0x4
                0x00006650                PROVIDE (__init_array_start, .)
 *(SORT(.init_array.*))
 *(.init_array*)
 .init_array    0x00006650        0x4 d:/programe/kinetis studio ide/toolchain/bin/../lib/gcc/arm-none-eabi/4.8.4/armv6-m/crtbegin.o
                0x00006654                PROVIDE (__init_array_end, .)

.fini_array     0x00006654        0x4
                0x00006654                PROVIDE (__fini_array_start, .)
 *(SORT(.fini_array.*))
 *(.fini_array*)
 .fini_array    0x00006654        0x4 d:/programe/kinetis studio ide/toolchain/bin/../lib/gcc/arm-none-eabi/4.8.4/armv6-m/crtbegin.o
                0x00006658                PROVIDE (__fini_array_end, .)
                0x00006658                __etext = .
                0x00006658                __DATA_ROM = .

.mtb            0x1ffff000        0x0
                0x1ffff000                . = ALIGN (0x8)
                0x1ffff000                _mtb_start = .
 *(.mtb_buf)
                0x1ffff000                . = ALIGN (0x8)
                0x1ffff000                _mtb_end = .

.data           0x1ffff000       0x70 load address 0x00006658
                0x1ffff000                . = ALIGN (0x4)
                0x1ffff000                __DATA_RAM = .
                0x1ffff000                __data_start__ = .
 *(.data)
 *(.data*)
 .data.reception
                0x1ffff000        0x8 ./Sources/MCU_drivers/Asy/io_asy.o
                0x1ffff000                reception
 .data.impure_data
                0x1ffff008       0x60 d:/programe/kinetis studio ide/toolchain/bin/../lib/gcc/arm-none-eabi/4.8.4/../../../../arm-none-eabi/lib/armv6-m\libg_s.a(lib_a-impure.o)
 .data._impure_ptr
                0x1ffff068        0x4 d:/programe/kinetis studio ide/toolchain/bin/../lib/gcc/arm-none-eabi/4.8.4/../../../../arm-none-eabi/lib/armv6-m\libg_s.a(lib_a-impure.o)
                0x1ffff068                _impure_ptr
 *(.jcr*)
 .jcr           0x1ffff06c        0x0 d:/programe/kinetis studio ide/toolchain/bin/../lib/gcc/arm-none-eabi/4.8.4/armv6-m/crtbegin.o
 .jcr           0x1ffff06c        0x4 d:/programe/kinetis studio ide/toolchain/bin/../lib/gcc/arm-none-eabi/4.8.4/armv6-m/crtend.o
                0x1ffff070                . = ALIGN (0x4)
                0x1ffff070                __data_end__ = .
                0x000066c8                __DATA_END = (__DATA_ROM + (__data_end__ - __data_start__))

.igot.plt       0x1ffff070        0x0 load address 0x000066c8
 .igot.plt      0x00000000        0x0 d:/programe/kinetis studio ide/toolchain/bin/../lib/gcc/arm-none-eabi/4.8.4/armv6-m/crtbegin.o

.bss            0x1ffff070      0x82c load address 0x000066c8
                0x1ffff070                . = ALIGN (0x4)
                0x1ffff070                __START_BSS = .
                0x1ffff070                __bss_start__ = .
 *(.bss)
 .bss           0x1ffff070       0x1c d:/programe/kinetis studio ide/toolchain/bin/../lib/gcc/arm-none-eabi/4.8.4/armv6-m/crtbegin.o
 *(.bss*)
 .bss.state     0x1ffff08c        0x4 ./Sources/Application/Bluetooth/io_bluetooth.o
                0x1ffff08c                state
 .bss.dutycycle
                0x1ffff090        0x4 ./Sources/Application/Bluetooth/io_bluetooth.o
                0x1ffff090                dutycycle
 .bss.wait      0x1ffff094        0x4 ./Sources/Application/Bluetooth/io_bluetooth.o
                0x1ffff094                wait
 .bss.delaysend
                0x1ffff098        0x4 ./Sources/Application/Bluetooth/io_bluetooth.o
                0x1ffff098                delaysend
 .bss.__malloc_sbrk_start
                0x1ffff09c        0x4 d:/programe/kinetis studio ide/toolchain/bin/../lib/gcc/arm-none-eabi/4.8.4/../../../../arm-none-eabi/lib/armv6-m\libg_s.a(lib_a-nano-mallocr.o)
                0x1ffff09c                __malloc_sbrk_start
 .bss.__malloc_free_list
                0x1ffff0a0        0x4 d:/programe/kinetis studio ide/toolchain/bin/../lib/gcc/arm-none-eabi/4.8.4/../../../../arm-none-eabi/lib/armv6-m\libg_s.a(lib_a-nano-mallocr.o)
                0x1ffff0a0                __malloc_free_list
 .bss.heap_end.4246
                0x1ffff0a4        0x4 d:/programe/kinetis studio ide/toolchain/bin/../lib/gcc/arm-none-eabi/4.8.4/../../../../arm-none-eabi/lib/armv6-m\libnosys.a(sbrk.o)
 *(COMMON)
 COMMON         0x1ffff0a8       0x14 ./Sources/System/Scheduler/io_sch.o
                0x1ffff0a8                Io_Sch_OsCounter
                0x1ffff0b8                Io_Sch_OsConfigPtr
 COMMON         0x1ffff0bc       0x1c ./Sources/System/Scheduler/io_sch_cnf.o
                0x1ffff0bc                Io_Sch_TaskCounter50ms
                0x1ffff0c0                Io_Sch_TaskCounter200ms
                0x1ffff0c4                Io_Sch_TaskCounter10ms
                0x1ffff0c8                Io_Sch_TaskCounter100ms
                0x1ffff0cc                Io_Sch_TaskCounter1000ms
                0x1ffff0d0                Io_Sch_TaskCounter1ms
                0x1ffff0d4                Io_Sch_TaskCounter0ms
 COMMON         0x1ffff0d8      0x4ec ./Sources/System/Os/io_os.o
                0x1ffff0d8                Io_Os_PriorityQueues
                0x1ffff368                Io_Os_PeriodicQueueDepth
                0x1ffff36c                Io_Os_PeriodicQueue
 COMMON         0x1ffff5c4       0x5d ./Sources/MCU_drivers/Tpm/io_tpm.o
                0x1ffff5c4                Io_Tpm_Tpm0Used
                0x1ffff5c8                Io_Tpm_Dcm_Channels
                0x1ffff610                Io_Tpm_Tpm2Used
                0x1ffff614                Io_Tpm_PwmChLastDutycycle
                0x1ffff618                Io_Tpm_Tpm1Used
                0x1ffff61c                Io_Tpm_Cnf_Ptr
                0x1ffff620                Io_Tpm_Initialized
 *fill*         0x1ffff621        0x3 
 COMMON         0x1ffff624        0x4 ./Sources/MCU_drivers/Pcs/io_pcs.o
                0x1ffff624                Io_Pcs_CnfPtr
 COMMON         0x1ffff628       0xc4 ./Sources/MCU_drivers/Int/io_int.o
                0x1ffff628                Io_Int_CnfPtr
                0x1ffff62c                array_of_handlers
 COMMON         0x1ffff6ec       0x78 ./Sources/MCU_drivers/Asy/io_asy.o
                0x1ffff6ec                basy_phy_to_log_ch
                0x1ffff6f0                Io_Asy_channel_table
                0x1ffff738                io_asy_config_device_int
                0x1ffff73c                tx_table
                0x1ffff74c                Io_Asy_ch_info_ptr_int
                0x1ffff750                c
                0x1ffff754                rx_table
 COMMON         0x1ffff764       0x20 ./Sources/MCU_drivers/Adc/io_adc.o
                0x1ffff764                Io_Adc_Data_var
                0x1ffff77c                Io_Adc_ConfigPtr
                0x1ffff780                Io_Adc_Data
 COMMON         0x1ffff784       0x8e ./Sources/HW_drivers/Sensors/Proximity/io_sens_ir.o
                0x1ffff784                Io_Sens_sensorRearDistanceMm
                0x1ffff788                Io_Sens_sensorSamplesVectorRight
                0x1ffff79c                Io_Sens_measurementmV
                0x1ffff7a0                Io_Sens_USONIC_sensorSamplesVectorRight
                0x1ffff7a6                Io_Sens_sensorLeftDistanceCm
                0x1ffff7a8                Io_Sens_sensorSamplesVectorFront
                0x1ffff7bc                Io_Sens_sensorRightDistanceCm
                0x1ffff7be                Io_Sens_sensorRightDistanceMm
                0x1ffff7c0                Io_Sens_sensorSamplesVectorLeft
                0x1ffff7d4                Io_Sens_sensorSamplesVectorRear
                0x1ffff7e8                Io_Sens_sensorSamplesCounter
                0x1ffff7e9                Io_Sens_USONIC_sensorRearDistanceCm
                0x1ffff7ea                Io_Sens_USONIC_sensorFrontDistanceCm
                0x1ffff7eb                Io_Sens_USONIC_sensorRightDistanceCm
                0x1ffff7ec                Io_Sens_USONIC_sensorSamplesVectorLeft
                0x1ffff7f2                Io_Sens_sensorRearDistanceCm
                0x1ffff7f4                delay
                0x1ffff7f8                Io_Sens_sensorLeftDistanceMm
                0x1ffff7fa                Io_Sens_USONIC_sensorSamplesCounter
                0x1ffff7fc                Io_Sens_sensorFrontDistanceMm
                0x1ffff800                Io_Sens_USONIC_sensorSamplesVectorRear
                0x1ffff806                Io_Sens_USONIC_sensorLeftDistanceCm
                0x1ffff808                Io_Sens_measurementuS
                0x1ffff80a                Io_Sens_sensorFrontDistanceCm
                0x1ffff80c                Io_Sens_USONIC_sensorSamplesVectorFront
 *fill*         0x1ffff812        0x2 
 COMMON         0x1ffff814        0x8 ./Sources/HW_drivers/H-bridge/ti8833/io_hbr_ti8833.o
                0x1ffff814                hbr_drv8833_config
                0x1ffff818                hbr_drv8833_state
 COMMON         0x1ffff81c       0x18 ./Sources/Application/Speed_calc/app_robo_speed_calc.o
                0x1ffff81c                Algo_Robo_Sc_LeftEncoder
                0x1ffff828                Algo_Robo_Sc_RightEncoder
 COMMON         0x1ffff834       0x50 ./Sources/Application/Path_planner/app_robo_path_planner.o
                0x1ffff834                Algo_Robo_Pp_ParallelParkFlag
                0x1ffff836                Algo_Robo_Pp_CoveredDistanceCm
                0x1ffff838                Algo_Robo_Pp_TimerCarParkedState
                0x1ffff83c                Algo_Robo_Pp_TimerCarRotateLeft
                0x1ffff840                Algo_Robo_Pp_TimerPendingState
                0x1ffff844                Algo_Robo_Pp_TimerInitialState
                0x1ffff848                Algo_Robo_Pp_MoveForwardCm
                0x1ffff84a                Algo_Robo_Pp_CarCurrentSpeedCmPerS
                0x1ffff84c                Algo_Robo_Pp_SpotLengthCm
                0x1ffff84e                Algo_Robo_Pp_MoveBackCm
                0x1ffff850                Algo_Robo_Pp_TimerParallelParkState
                0x1ffff854                Algo_Robo_Pp_TimerSpotCalcState
                0x1ffff858                Algo_Robo_Pp_TimerCarRotateRight
                0x1ffff85c                Algo_Robo_Pp_CarMovement
                0x1ffff860                Algo_Robo_Pp_TimerCarMoveForward
                0x1ffff864                Algo_Robo_Pp_TimerDefaultState
                0x1ffff868                Algo_Robo_Pp_TimerCarMoveBackward
                0x1ffff86c                Algo_Robo_Pp_LastCarState
                0x1ffff870                Algo_Robo_Pp_TimerSpotDetectedState
                0x1ffff874                Algo_Robo_Pp_DistanceLastObstacleRightCm
                0x1ffff875                Algo_Robo_Pp_CarState
                0x1ffff878                Algo_Robo_Pp_TimerCarStopped
                0x1ffff87c                Algo_Robo_Pp_LastCarMovement
                0x1ffff87d                Algo_Robo_Pp_CarTask
                0x1ffff880                Algo_Robo_Pp_TimerSpotDetectionState
 COMMON         0x1ffff884       0x10 ./Sources/Application/Car_movement/app_robo_car_movement.o
                0x1ffff884                Algo_Robo_Cm_TimerMoveBackward
                0x1ffff888                Algo_Robo_Cm_TimerRotateRight
                0x1ffff88c                Algo_Robo_Cm_TimerMoveForward
                0x1ffff890                Algo_Robo_Cm_TimerRotateLeft
 COMMON         0x1ffff894        0x1 ./Sources/Application/Bluetooth/io_bluetooth.o
                0x1ffff894                sensor
 *fill*         0x1ffff895        0x3 
 COMMON         0x1ffff898        0x4 d:/programe/kinetis studio ide/toolchain/bin/../lib/gcc/arm-none-eabi/4.8.4/../../../../arm-none-eabi/lib/armv6-m\libg_s.a(lib_a-reent.o)
                0x1ffff898                errno
                0x1ffff89c                . = ALIGN (0x4)
                0x1ffff89c                __bss_end__ = .
                0x1ffff89c                __END_BSS = .

.heap           0x1ffff89c      0x404 load address 0x00006ef4
                0x1ffff8a0                . = ALIGN (0x8)
 *fill*         0x1ffff89c        0x4 
                0x1ffff8a0                __end__ = .
                0x1ffff8a0                PROVIDE (end, .)
                0x1ffff8a0                __HeapBase = .
                0x1ffffca0                . = (. + HEAP_SIZE)
 *fill*         0x1ffff8a0      0x400 
                0x1ffffca0                __HeapLimit = .

.stack          0x1ffffca0      0x400 load address 0x000072f8
                0x1ffffca0                . = ALIGN (0x8)
                0x200000a0                . = (. + STACK_SIZE)
 *fill*         0x1ffffca0      0x400 
                0x20003000                __StackTop = (ORIGIN (m_data) + 0x4000)
                0x20002c00                __StackLimit = (__StackTop - STACK_SIZE)
                0x20003000                PROVIDE (__stack, __StackTop)

.ARM.attributes
                0x00000000       0x28
 *(.ARM.attributes)
 .ARM.attributes
                0x00000000       0x1e d:/programe/kinetis studio ide/toolchain/bin/../lib/gcc/arm-none-eabi/4.8.4/armv6-m/crti.o
 .ARM.attributes
                0x0000001e       0x2c d:/programe/kinetis studio ide/toolchain/bin/../lib/gcc/arm-none-eabi/4.8.4/armv6-m/crtbegin.o
 .ARM.attributes
                0x0000004a       0x1b d:/programe/kinetis studio ide/toolchain/bin/../lib/gcc/arm-none-eabi/4.8.4/../../../../arm-none-eabi/lib/armv6-m/crt0.o
 .ARM.attributes
                0x00000065       0x32 ./Sources/System/Scheduler/io_sch.o
 .ARM.attributes
                0x00000097       0x32 ./Sources/System/Scheduler/io_sch_cnf.o
 .ARM.attributes
                0x000000c9       0x32 ./Sources/System/Os/io_os.o
 .ARM.attributes
                0x000000fb       0x32 ./Sources/Other_functions/io_func.o
 .ARM.attributes
                0x0000012d       0x32 ./Sources/MCU_drivers/Wdt/io_wdt.o
 .ARM.attributes
                0x0000015f       0x32 ./Sources/MCU_drivers/Tpm/io_tpm.o
 .ARM.attributes
                0x00000191       0x32 ./Sources/MCU_drivers/Tpm/io_tpm_cnf.o
 .ARM.attributes
                0x000001c3       0x32 ./Sources/MCU_drivers/Pcs/io_pcs.o
 .ARM.attributes
                0x000001f5       0x32 ./Sources/MCU_drivers/Pcs/io_pcs_cnf.o
 .ARM.attributes
                0x00000227       0x32 ./Sources/MCU_drivers/Int/io_int.o
 .ARM.attributes
                0x00000259       0x32 ./Sources/MCU_drivers/Int/io_int_cnf.o
 .ARM.attributes
                0x0000028b       0x32 ./Sources/MCU_drivers/Dio/io_dio.o
 .ARM.attributes
                0x000002bd       0x32 ./Sources/MCU_drivers/Asy/io_asy.o
 .ARM.attributes
                0x000002ef       0x32 ./Sources/MCU_drivers/Asy/io_asy_cnf.o
 .ARM.attributes
                0x00000321       0x32 ./Sources/MCU_drivers/Adc/io_adc.o
 .ARM.attributes
                0x00000353       0x32 ./Sources/MCU_drivers/Adc/io_adc_cnf.o
 .ARM.attributes
                0x00000385       0x32 ./Sources/HW_drivers/Sensors/Proximity/io_sens_ir.o
 .ARM.attributes
                0x000003b7       0x32 ./Sources/HW_drivers/H-bridge/ti8833/io_hbr_cnf_ti8833.o
 .ARM.attributes
                0x000003e9       0x32 ./Sources/HW_drivers/H-bridge/ti8833/io_hbr_ti8833.o
 .ARM.attributes
                0x0000041b       0x32 ./Sources/Application/Speed_calc/app_robo_speed_calc.o
 .ARM.attributes
                0x0000044d       0x32 ./Sources/Application/Path_planner/app_robo_path_planner.o
 .ARM.attributes
                0x0000047f       0x32 ./Sources/Application/Distance_calc/app_robo_dist_calc.o
 .ARM.attributes
                0x000004b1       0x32 ./Sources/Application/Car_movement/app_robo_car_movement.o
 .ARM.attributes
                0x000004e3       0x32 ./Sources/Application/Bluetooth/io_bluetooth.o
 .ARM.attributes
                0x00000515       0x32 ./Sources/main.o
 .ARM.attributes
                0x00000547       0x1b ./Project_Settings/Startup_Code/startup_MKL26Z4.o
 .ARM.attributes
                0x00000562       0x32 ./Project_Settings/Startup_Code/system_MKL26Z4.o
 .ARM.attributes
                0x00000594       0x1e d:/programe/kinetis studio ide/toolchain/bin/../lib/gcc/arm-none-eabi/4.8.4/armv6-m\libgcc.a(_udivsi3.o)
 .ARM.attributes
                0x000005b2       0x1e d:/programe/kinetis studio ide/toolchain/bin/../lib/gcc/arm-none-eabi/4.8.4/armv6-m\libgcc.a(_divsi3.o)
 .ARM.attributes
                0x000005d0       0x1e d:/programe/kinetis studio ide/toolchain/bin/../lib/gcc/arm-none-eabi/4.8.4/armv6-m\libgcc.a(_dvmd_tls.o)
 .ARM.attributes
                0x000005ee       0x2c d:/programe/kinetis studio ide/toolchain/bin/../lib/gcc/arm-none-eabi/4.8.4/armv6-m\libgcc.a(_fixunsdfsi.o)
 .ARM.attributes
                0x0000061a       0x2c d:/programe/kinetis studio ide/toolchain/bin/../lib/gcc/arm-none-eabi/4.8.4/armv6-m\libgcc.a(divdf3.o)
 .ARM.attributes
                0x00000646       0x2c d:/programe/kinetis studio ide/toolchain/bin/../lib/gcc/arm-none-eabi/4.8.4/armv6-m\libgcc.a(muldf3.o)
 .ARM.attributes
                0x00000672       0x2c d:/programe/kinetis studio ide/toolchain/bin/../lib/gcc/arm-none-eabi/4.8.4/armv6-m\libgcc.a(subdf3.o)
 .ARM.attributes
                0x0000069e       0x2c d:/programe/kinetis studio ide/toolchain/bin/../lib/gcc/arm-none-eabi/4.8.4/armv6-m\libgcc.a(fixdfsi.o)
 .ARM.attributes
                0x000006ca       0x2c d:/programe/kinetis studio ide/toolchain/bin/../lib/gcc/arm-none-eabi/4.8.4/armv6-m\libgcc.a(floatsidf.o)
 .ARM.attributes
                0x000006f6       0x2c d:/programe/kinetis studio ide/toolchain/bin/../lib/gcc/arm-none-eabi/4.8.4/armv6-m\libgcc.a(floatunsidf.o)
 .ARM.attributes
                0x00000722       0x1e d:/programe/kinetis studio ide/toolchain/bin/../lib/gcc/arm-none-eabi/4.8.4/armv6-m\libgcc.a(_arm_cmpdf2.o)
 .ARM.attributes
                0x00000740       0x1e d:/programe/kinetis studio ide/toolchain/bin/../lib/gcc/arm-none-eabi/4.8.4/armv6-m\libgcc.a(_clzsi2.o)
 .ARM.attributes
                0x0000075e       0x2c d:/programe/kinetis studio ide/toolchain/bin/../lib/gcc/arm-none-eabi/4.8.4/armv6-m\libgcc.a(eqdf2.o)
 .ARM.attributes
                0x0000078a       0x2c d:/programe/kinetis studio ide/toolchain/bin/../lib/gcc/arm-none-eabi/4.8.4/armv6-m\libgcc.a(gedf2.o)
 .ARM.attributes
                0x000007b6       0x2c d:/programe/kinetis studio ide/toolchain/bin/../lib/gcc/arm-none-eabi/4.8.4/armv6-m\libgcc.a(ledf2.o)
 .ARM.attributes
                0x000007e2       0x2c d:/programe/kinetis studio ide/toolchain/bin/../lib/gcc/arm-none-eabi/4.8.4/../../../../arm-none-eabi/lib/armv6-m\libg_s.a(lib_a-calloc.o)
 .ARM.attributes
                0x0000080e       0x2c d:/programe/kinetis studio ide/toolchain/bin/../lib/gcc/arm-none-eabi/4.8.4/../../../../arm-none-eabi/lib/armv6-m\libg_s.a(lib_a-exit.o)
 .ARM.attributes
                0x0000083a       0x2c d:/programe/kinetis studio ide/toolchain/bin/../lib/gcc/arm-none-eabi/4.8.4/../../../../arm-none-eabi/lib/armv6-m\libg_s.a(lib_a-impure.o)
 .ARM.attributes
                0x00000866       0x2c d:/programe/kinetis studio ide/toolchain/bin/../lib/gcc/arm-none-eabi/4.8.4/../../../../arm-none-eabi/lib/armv6-m\libg_s.a(lib_a-init.o)
 .ARM.attributes
                0x00000892       0x2c d:/programe/kinetis studio ide/toolchain/bin/../lib/gcc/arm-none-eabi/4.8.4/../../../../arm-none-eabi/lib/armv6-m\libg_s.a(lib_a-malloc.o)
 .ARM.attributes
                0x000008be       0x2c d:/programe/kinetis studio ide/toolchain/bin/../lib/gcc/arm-none-eabi/4.8.4/../../../../arm-none-eabi/lib/armv6-m\libg_s.a(lib_a-memset.o)
 .ARM.attributes
                0x000008ea       0x2c d:/programe/kinetis studio ide/toolchain/bin/../lib/gcc/arm-none-eabi/4.8.4/../../../../arm-none-eabi/lib/armv6-m\libg_s.a(lib_a-nano-callocr.o)
 .ARM.attributes
                0x00000916       0x2c d:/programe/kinetis studio ide/toolchain/bin/../lib/gcc/arm-none-eabi/4.8.4/../../../../arm-none-eabi/lib/armv6-m\libg_s.a(lib_a-nano-mallocr.o)
 .ARM.attributes
                0x00000942       0x2c d:/programe/kinetis studio ide/toolchain/bin/../lib/gcc/arm-none-eabi/4.8.4/../../../../arm-none-eabi/lib/armv6-m\libg_s.a(lib_a-sbrkr.o)
 .ARM.attributes
                0x0000096e       0x2c d:/programe/kinetis studio ide/toolchain/bin/../lib/gcc/arm-none-eabi/4.8.4/../../../../arm-none-eabi/lib/armv6-m\libg_s.a(lib_a-reent.o)
 .ARM.attributes
                0x0000099a       0x2c d:/programe/kinetis studio ide/toolchain/bin/../lib/gcc/arm-none-eabi/4.8.4/../../../../arm-none-eabi/lib/armv6-m\libnosys.a(sbrk.o)
 .ARM.attributes
                0x000009c6       0x2c d:/programe/kinetis studio ide/toolchain/bin/../lib/gcc/arm-none-eabi/4.8.4/../../../../arm-none-eabi/lib/armv6-m\libnosys.a(_exit.o)
 .ARM.attributes
                0x000009f2       0x2c d:/programe/kinetis studio ide/toolchain/bin/../lib/gcc/arm-none-eabi/4.8.4/armv6-m/crtend.o
 .ARM.attributes
                0x00000a1e       0x1e d:/programe/kinetis studio ide/toolchain/bin/../lib/gcc/arm-none-eabi/4.8.4/armv6-m/crtn.o
                0x00000001                ASSERT ((__StackLimit >= __HeapLimit), region m_data overflowed with stack and heap)
OUTPUT(FRDM KL26Z platform.elf elf32-littlearm)

.debug_info     0x00000000     0x7133
 .debug_info    0x00000000      0x1ae ./Sources/System/Scheduler/io_sch.o
 .debug_info    0x000001ae      0x268 ./Sources/System/Scheduler/io_sch_cnf.o
 .debug_info    0x00000416      0x3b2 ./Sources/System/Os/io_os.o
 .debug_info    0x000007c8      0x209 ./Sources/Other_functions/io_func.o
 .debug_info    0x000009d1      0x2de ./Sources/MCU_drivers/Wdt/io_wdt.o
 .debug_info    0x00000caf      0xda2 ./Sources/MCU_drivers/Tpm/io_tpm.o
 .debug_info    0x00001a51      0x3dc ./Sources/MCU_drivers/Tpm/io_tpm_cnf.o
 .debug_info    0x00001e2d      0x700 ./Sources/MCU_drivers/Pcs/io_pcs.o
 .debug_info    0x0000252d      0x186 ./Sources/MCU_drivers/Pcs/io_pcs_cnf.o
 .debug_info    0x000026b3      0x8b0 ./Sources/MCU_drivers/Int/io_int.o
 .debug_info    0x00002f63      0x248 ./Sources/MCU_drivers/Int/io_int_cnf.o
 .debug_info    0x000031ab      0x227 ./Sources/MCU_drivers/Dio/io_dio.o
 .debug_info    0x000033d2      0xe29 ./Sources/MCU_drivers/Asy/io_asy.o
 .debug_info    0x000041fb      0x64e ./Sources/MCU_drivers/Asy/io_asy_cnf.o
 .debug_info    0x00004849      0x68f ./Sources/MCU_drivers/Adc/io_adc.o
 .debug_info    0x00004ed8      0x14b ./Sources/MCU_drivers/Adc/io_adc_cnf.o
 .debug_info    0x00005023      0x471 ./Sources/HW_drivers/Sensors/Proximity/io_sens_ir.o
 .debug_info    0x00005494      0x161 ./Sources/HW_drivers/H-bridge/ti8833/io_hbr_cnf_ti8833.o
 .debug_info    0x000055f5      0x253 ./Sources/HW_drivers/H-bridge/ti8833/io_hbr_ti8833.o
 .debug_info    0x00005848      0x171 ./Sources/Application/Speed_calc/app_robo_speed_calc.o
 .debug_info    0x000059b9      0x311 ./Sources/Application/Path_planner/app_robo_path_planner.o
 .debug_info    0x00005cca      0x1fa ./Sources/Application/Distance_calc/app_robo_dist_calc.o
 .debug_info    0x00005ec4      0x24a ./Sources/Application/Car_movement/app_robo_car_movement.o
 .debug_info    0x0000610e      0x190 ./Sources/Application/Bluetooth/io_bluetooth.o
 .debug_info    0x0000629e      0x797 ./Sources/main.o
 .debug_info    0x00006a35       0x99 ./Project_Settings/Startup_Code/startup_MKL26Z4.o
 .debug_info    0x00006ace      0x665 ./Project_Settings/Startup_Code/system_MKL26Z4.o

.debug_abbrev   0x00000000     0x1d06
 .debug_abbrev  0x00000000       0xe4 ./Sources/System/Scheduler/io_sch.o
 .debug_abbrev  0x000000e4       0xcf ./Sources/System/Scheduler/io_sch_cnf.o
 .debug_abbrev  0x000001b3      0x112 ./Sources/System/Os/io_os.o
 .debug_abbrev  0x000002c5       0xb9 ./Sources/Other_functions/io_func.o
 .debug_abbrev  0x0000037e       0xcb ./Sources/MCU_drivers/Wdt/io_wdt.o
 .debug_abbrev  0x00000449      0x230 ./Sources/MCU_drivers/Tpm/io_tpm.o
 .debug_abbrev  0x00000679       0xea ./Sources/MCU_drivers/Tpm/io_tpm_cnf.o
 .debug_abbrev  0x00000763      0x1c6 ./Sources/MCU_drivers/Pcs/io_pcs.o
 .debug_abbrev  0x00000929       0x96 ./Sources/MCU_drivers/Pcs/io_pcs_cnf.o
 .debug_abbrev  0x000009bf      0x1fe ./Sources/MCU_drivers/Int/io_int.o
 .debug_abbrev  0x00000bbd       0xa6 ./Sources/MCU_drivers/Int/io_int_cnf.o
 .debug_abbrev  0x00000c63      0x118 ./Sources/MCU_drivers/Dio/io_dio.o
 .debug_abbrev  0x00000d7b      0x2af ./Sources/MCU_drivers/Asy/io_asy.o
 .debug_abbrev  0x0000102a      0x160 ./Sources/MCU_drivers/Asy/io_asy_cnf.o
 .debug_abbrev  0x0000118a      0x1e9 ./Sources/MCU_drivers/Adc/io_adc.o
 .debug_abbrev  0x00001373       0x87 ./Sources/MCU_drivers/Adc/io_adc_cnf.o
 .debug_abbrev  0x000013fa      0x11d ./Sources/HW_drivers/Sensors/Proximity/io_sens_ir.o
 .debug_abbrev  0x00001517       0x87 ./Sources/HW_drivers/H-bridge/ti8833/io_hbr_cnf_ti8833.o
 .debug_abbrev  0x0000159e       0xdc ./Sources/HW_drivers/H-bridge/ti8833/io_hbr_ti8833.o
 .debug_abbrev  0x0000167a       0xc4 ./Sources/Application/Speed_calc/app_robo_speed_calc.o
 .debug_abbrev  0x0000173e       0xf6 ./Sources/Application/Path_planner/app_robo_path_planner.o
 .debug_abbrev  0x00001834       0xc5 ./Sources/Application/Distance_calc/app_robo_dist_calc.o
 .debug_abbrev  0x000018f9       0xde ./Sources/Application/Car_movement/app_robo_car_movement.o
 .debug_abbrev  0x000019d7       0xc0 ./Sources/Application/Bluetooth/io_bluetooth.o
 .debug_abbrev  0x00001a97      0x13a ./Sources/main.o
 .debug_abbrev  0x00001bd1       0x14 ./Project_Settings/Startup_Code/startup_MKL26Z4.o
 .debug_abbrev  0x00001be5      0x121 ./Project_Settings/Startup_Code/system_MKL26Z4.o

.debug_aranges  0x00000000      0x850
 .debug_aranges
                0x00000000       0x28 ./Sources/System/Scheduler/io_sch.o
 .debug_aranges
                0x00000028       0x50 ./Sources/System/Scheduler/io_sch_cnf.o
 .debug_aranges
                0x00000078       0x58 ./Sources/System/Os/io_os.o
 .debug_aranges
                0x000000d0       0x48 ./Sources/Other_functions/io_func.o
 .debug_aranges
                0x00000118       0x38 ./Sources/MCU_drivers/Wdt/io_wdt.o
 .debug_aranges
                0x00000150       0xb8 ./Sources/MCU_drivers/Tpm/io_tpm.o
 .debug_aranges
                0x00000208       0x18 ./Sources/MCU_drivers/Tpm/io_tpm_cnf.o
 .debug_aranges
                0x00000220       0x40 ./Sources/MCU_drivers/Pcs/io_pcs.o
 .debug_aranges
                0x00000260       0x18 ./Sources/MCU_drivers/Pcs/io_pcs_cnf.o
 .debug_aranges
                0x00000278      0x198 ./Sources/MCU_drivers/Int/io_int.o
 .debug_aranges
                0x00000410       0x18 ./Sources/MCU_drivers/Int/io_int_cnf.o
 .debug_aranges
                0x00000428       0x38 ./Sources/MCU_drivers/Dio/io_dio.o
 .debug_aranges
                0x00000460       0xf0 ./Sources/MCU_drivers/Asy/io_asy.o
 .debug_aranges
                0x00000550       0x50 ./Sources/MCU_drivers/Asy/io_asy_cnf.o
 .debug_aranges
                0x000005a0       0x48 ./Sources/MCU_drivers/Adc/io_adc.o
 .debug_aranges
                0x000005e8       0x18 ./Sources/MCU_drivers/Adc/io_adc_cnf.o
 .debug_aranges
                0x00000600       0x50 ./Sources/HW_drivers/Sensors/Proximity/io_sens_ir.o
 .debug_aranges
                0x00000650       0x18 ./Sources/HW_drivers/H-bridge/ti8833/io_hbr_cnf_ti8833.o
 .debug_aranges
                0x00000668       0x38 ./Sources/HW_drivers/H-bridge/ti8833/io_hbr_ti8833.o
 .debug_aranges
                0x000006a0       0x30 ./Sources/Application/Speed_calc/app_robo_speed_calc.o
 .debug_aranges
                0x000006d0       0x50 ./Sources/Application/Path_planner/app_robo_path_planner.o
 .debug_aranges
                0x00000720       0x40 ./Sources/Application/Distance_calc/app_robo_dist_calc.o
 .debug_aranges
                0x00000760       0x60 ./Sources/Application/Car_movement/app_robo_car_movement.o
 .debug_aranges
                0x000007c0       0x28 ./Sources/Application/Bluetooth/io_bluetooth.o
 .debug_aranges
                0x000007e8       0x20 ./Sources/main.o
 .debug_aranges
                0x00000808       0x20 ./Project_Settings/Startup_Code/startup_MKL26Z4.o
 .debug_aranges
                0x00000828       0x28 ./Project_Settings/Startup_Code/system_MKL26Z4.o

.debug_ranges   0x00000000      0x668
 .debug_ranges  0x00000000       0x18 ./Sources/System/Scheduler/io_sch.o
 .debug_ranges  0x00000018       0x40 ./Sources/System/Scheduler/io_sch_cnf.o
 .debug_ranges  0x00000058       0x48 ./Sources/System/Os/io_os.o
 .debug_ranges  0x000000a0       0x38 ./Sources/Other_functions/io_func.o
 .debug_ranges  0x000000d8       0x28 ./Sources/MCU_drivers/Wdt/io_wdt.o
 .debug_ranges  0x00000100       0xa8 ./Sources/MCU_drivers/Tpm/io_tpm.o
 .debug_ranges  0x000001a8       0x30 ./Sources/MCU_drivers/Pcs/io_pcs.o
 .debug_ranges  0x000001d8      0x188 ./Sources/MCU_drivers/Int/io_int.o
 .debug_ranges  0x00000360       0x28 ./Sources/MCU_drivers/Dio/io_dio.o
 .debug_ranges  0x00000388       0xe0 ./Sources/MCU_drivers/Asy/io_asy.o
 .debug_ranges  0x00000468       0x40 ./Sources/MCU_drivers/Asy/io_asy_cnf.o
 .debug_ranges  0x000004a8       0x38 ./Sources/MCU_drivers/Adc/io_adc.o
 .debug_ranges  0x000004e0       0x40 ./Sources/HW_drivers/Sensors/Proximity/io_sens_ir.o
 .debug_ranges  0x00000520       0x28 ./Sources/HW_drivers/H-bridge/ti8833/io_hbr_ti8833.o
 .debug_ranges  0x00000548       0x20 ./Sources/Application/Speed_calc/app_robo_speed_calc.o
 .debug_ranges  0x00000568       0x40 ./Sources/Application/Path_planner/app_robo_path_planner.o
 .debug_ranges  0x000005a8       0x30 ./Sources/Application/Distance_calc/app_robo_dist_calc.o
 .debug_ranges  0x000005d8       0x50 ./Sources/Application/Car_movement/app_robo_car_movement.o
 .debug_ranges  0x00000628       0x18 ./Sources/Application/Bluetooth/io_bluetooth.o
 .debug_ranges  0x00000640       0x10 ./Sources/main.o
 .debug_ranges  0x00000650       0x18 ./Project_Settings/Startup_Code/system_MKL26Z4.o

.debug_macro    0x00000000     0xaffb
 .debug_macro   0x00000000       0xd5 ./Sources/System/Scheduler/io_sch.o
 .debug_macro   0x000000d5      0x802 ./Sources/System/Scheduler/io_sch.o
 .debug_macro   0x000008d7       0x16 ./Sources/System/Scheduler/io_sch.o
 .debug_macro   0x000008ed       0x16 ./Sources/System/Scheduler/io_sch.o
 .debug_macro   0x00000903       0x44 ./Sources/System/Scheduler/io_sch.o
 .debug_macro   0x00000947      0x209 ./Sources/System/Scheduler/io_sch.o
 .debug_macro   0x00000b50       0x3a ./Sources/System/Scheduler/io_sch.o
 .debug_macro   0x00000b8a       0x3a ./Sources/System/Scheduler/io_sch.o
 .debug_macro   0x00000bc4       0x1f ./Sources/System/Scheduler/io_sch.o
 .debug_macro   0x00000be3      0x250 ./Sources/System/Scheduler/io_sch.o
 .debug_macro   0x00000e33       0xd1 ./Sources/System/Scheduler/io_sch.o
 .debug_macro   0x00000f04     0x5e22 ./Sources/System/Scheduler/io_sch.o
 .debug_macro   0x00006d26       0x58 ./Sources/System/Scheduler/io_sch.o
 .debug_macro   0x00006d7e       0x52 ./Sources/System/Scheduler/io_sch.o
 .debug_macro   0x00006dd0       0x3a ./Sources/System/Scheduler/io_sch.o
 .debug_macro   0x00006e0a       0x82 ./Sources/System/Scheduler/io_sch.o
 .debug_macro   0x00006e8c      0x2e6 ./Sources/System/Scheduler/io_sch_cnf.o
 .debug_macro   0x00007172       0x34 ./Sources/System/Scheduler/io_sch_cnf.o
 .debug_macro   0x000071a6       0x10 ./Sources/System/Scheduler/io_sch_cnf.o
 .debug_macro   0x000071b6      0x136 ./Sources/System/Scheduler/io_sch_cnf.o
 .debug_macro   0x000072ec      0x2df ./Sources/System/Scheduler/io_sch_cnf.o
 .debug_macro   0x000075cb      0x539 ./Sources/System/Scheduler/io_sch_cnf.o
 .debug_macro   0x00007b04      0x23f ./Sources/System/Scheduler/io_sch_cnf.o
 .debug_macro   0x00007d43       0x2e ./Sources/System/Scheduler/io_sch_cnf.o
 .debug_macro   0x00007d71      0x196 ./Sources/System/Scheduler/io_sch_cnf.o
 .debug_macro   0x00007f07       0x16 ./Sources/System/Scheduler/io_sch_cnf.o
 .debug_macro   0x00007f1d       0x16 ./Sources/System/Scheduler/io_sch_cnf.o
 .debug_macro   0x00007f33       0xee ./Sources/System/Scheduler/io_sch_cnf.o
 .debug_macro   0x00008021      0x13d ./Sources/System/Scheduler/io_sch_cnf.o
 .debug_macro   0x0000815e       0x28 ./Sources/System/Scheduler/io_sch_cnf.o
 .debug_macro   0x00008186       0x40 ./Sources/System/Scheduler/io_sch_cnf.o
 .debug_macro   0x000081c6       0x1c ./Sources/System/Scheduler/io_sch_cnf.o
 .debug_macro   0x000081e2       0x2e ./Sources/System/Scheduler/io_sch_cnf.o
 .debug_macro   0x00008210       0x6a ./Sources/System/Scheduler/io_sch_cnf.o
 .debug_macro   0x0000827a       0x82 ./Sources/System/Scheduler/io_sch_cnf.o
 .debug_macro   0x000082fc       0x64 ./Sources/System/Scheduler/io_sch_cnf.o
 .debug_macro   0x00008360       0x4c ./Sources/System/Scheduler/io_sch_cnf.o
 .debug_macro   0x000083ac       0x10 ./Sources/System/Scheduler/io_sch_cnf.o
 .debug_macro   0x000083bc       0x1c ./Sources/System/Scheduler/io_sch_cnf.o
 .debug_macro   0x000083d8       0xca ./Sources/System/Scheduler/io_sch_cnf.o
 .debug_macro   0x000084a2      0x194 ./Sources/System/Os/io_os.o
 .debug_macro   0x00008636       0xca ./Sources/Other_functions/io_func.o
 .debug_macro   0x00008700      0x190 ./Sources/MCU_drivers/Wdt/io_wdt.o
 .debug_macro   0x00008890      0x227 ./Sources/MCU_drivers/Tpm/io_tpm.o
 .debug_macro   0x00008ab7       0x58 ./Sources/MCU_drivers/Tpm/io_tpm.o
 .debug_macro   0x00008b0f       0x35 ./Sources/MCU_drivers/Tpm/io_tpm.o
 .debug_macro   0x00008b44       0xa3 ./Sources/MCU_drivers/Tpm/io_tpm.o
 .debug_macro   0x00008be7       0x16 ./Sources/MCU_drivers/Tpm/io_tpm.o
 .debug_macro   0x00008bfd      0x10e ./Sources/MCU_drivers/Tpm/io_tpm.o
 .debug_macro   0x00008d0b       0x7f ./Sources/MCU_drivers/Tpm/io_tpm.o
 .debug_macro   0x00008d8a       0x4a ./Sources/MCU_drivers/Tpm/io_tpm.o
 .debug_macro   0x00008dd4       0x52 ./Sources/MCU_drivers/Tpm/io_tpm.o
 .debug_macro   0x00008e26       0x16 ./Sources/MCU_drivers/Tpm/io_tpm.o
 .debug_macro   0x00008e3c       0x43 ./Sources/MCU_drivers/Tpm/io_tpm.o
 .debug_macro   0x00008e7f      0x180 ./Sources/MCU_drivers/Tpm/io_tpm.o
 .debug_macro   0x00008fff       0x22 ./Sources/MCU_drivers/Tpm/io_tpm.o
 .debug_macro   0x00009021      0x20f ./Sources/MCU_drivers/Tpm/io_tpm.o
 .debug_macro   0x00009230       0xfb ./Sources/MCU_drivers/Tpm/io_tpm_cnf.o
 .debug_macro   0x0000932b      0x1e5 ./Sources/MCU_drivers/Pcs/io_pcs.o
 .debug_macro   0x00009510       0xd9 ./Sources/MCU_drivers/Pcs/io_pcs_cnf.o
 .debug_macro   0x000095e9      0x17d ./Sources/MCU_drivers/Int/io_int.o
 .debug_macro   0x00009766      0x17d ./Sources/MCU_drivers/Int/io_int_cnf.o
 .debug_macro   0x000098e3       0xfa ./Sources/MCU_drivers/Dio/io_dio.o
 .debug_macro   0x000099dd      0x194 ./Sources/MCU_drivers/Asy/io_asy.o
 .debug_macro   0x00009b71      0x16e ./Sources/MCU_drivers/Asy/io_asy_cnf.o
 .debug_macro   0x00009cdf      0x1ac ./Sources/MCU_drivers/Adc/io_adc.o
 .debug_macro   0x00009e8b       0xed ./Sources/MCU_drivers/Adc/io_adc_cnf.o
 .debug_macro   0x00009f78      0x152 ./Sources/HW_drivers/Sensors/Proximity/io_sens_ir.o
 .debug_macro   0x0000a0ca      0x182 ./Sources/HW_drivers/H-bridge/ti8833/io_hbr_cnf_ti8833.o
 .debug_macro   0x0000a24c      0x27d ./Sources/HW_drivers/H-bridge/ti8833/io_hbr_ti8833.o
 .debug_macro   0x0000a4c9       0xff ./Sources/Application/Speed_calc/app_robo_speed_calc.o
 .debug_macro   0x0000a5c8      0x16d ./Sources/Application/Path_planner/app_robo_path_planner.o
 .debug_macro   0x0000a735      0x1b1 ./Sources/Application/Distance_calc/app_robo_dist_calc.o
 .debug_macro   0x0000a8e6      0x16d ./Sources/Application/Car_movement/app_robo_car_movement.o
 .debug_macro   0x0000aa53      0x1e5 ./Sources/Application/Bluetooth/io_bluetooth.o
 .debug_macro   0x0000ac38      0x2f9 ./Sources/main.o
 .debug_macro   0x0000af31       0x7e ./Project_Settings/Startup_Code/system_MKL26Z4.o
 .debug_macro   0x0000afaf       0x4c ./Project_Settings/Startup_Code/system_MKL26Z4.o

.debug_line     0x00000000     0x7d9b
 .debug_line    0x00000000      0x2ec ./Sources/System/Scheduler/io_sch.o
 .debug_line    0x000002ec      0x792 ./Sources/System/Scheduler/io_sch_cnf.o
 .debug_line    0x00000a7e      0x538 ./Sources/System/Os/io_os.o
 .debug_line    0x00000fb6      0x2fa ./Sources/Other_functions/io_func.o
 .debug_line    0x000012b0      0x441 ./Sources/MCU_drivers/Wdt/io_wdt.o
 .debug_line    0x000016f1      0x715 ./Sources/MCU_drivers/Tpm/io_tpm.o
 .debug_line    0x00001e06      0x2d1 ./Sources/MCU_drivers/Tpm/io_tpm_cnf.o
 .debug_line    0x000020d7      0x5d0 ./Sources/MCU_drivers/Pcs/io_pcs.o
 .debug_line    0x000026a7      0x29a ./Sources/MCU_drivers/Pcs/io_pcs_cnf.o
 .debug_line    0x00002941      0x77f ./Sources/MCU_drivers/Int/io_int.o
 .debug_line    0x000030c0      0x3d9 ./Sources/MCU_drivers/Int/io_int_cnf.o
 .debug_line    0x00003499      0x33f ./Sources/MCU_drivers/Dio/io_dio.o
 .debug_line    0x000037d8      0x7ea ./Sources/MCU_drivers/Asy/io_asy.o
 .debug_line    0x00003fc2      0x461 ./Sources/MCU_drivers/Asy/io_asy_cnf.o
 .debug_line    0x00004423      0x496 ./Sources/MCU_drivers/Adc/io_adc.o
 .debug_line    0x000048b9      0x2c2 ./Sources/MCU_drivers/Adc/io_adc_cnf.o
 .debug_line    0x00004b7b      0x4cc ./Sources/HW_drivers/Sensors/Proximity/io_sens_ir.o
 .debug_line    0x00005047      0x3f5 ./Sources/HW_drivers/H-bridge/ti8833/io_hbr_cnf_ti8833.o
 .debug_line    0x0000543c      0x5c4 ./Sources/HW_drivers/H-bridge/ti8833/io_hbr_ti8833.o
 .debug_line    0x00005a00      0x359 ./Sources/Application/Speed_calc/app_robo_speed_calc.o
 .debug_line    0x00005d59      0x5da ./Sources/Application/Path_planner/app_robo_path_planner.o
 .debug_line    0x00006333      0x54f ./Sources/Application/Distance_calc/app_robo_dist_calc.o
 .debug_line    0x00006882      0x511 ./Sources/Application/Car_movement/app_robo_car_movement.o
 .debug_line    0x00006d93      0x5e8 ./Sources/Application/Bluetooth/io_bluetooth.o
 .debug_line    0x0000737b      0x6ec ./Sources/main.o
 .debug_line    0x00007a67       0x85 ./Project_Settings/Startup_Code/startup_MKL26Z4.o
 .debug_line    0x00007aec      0x2af ./Project_Settings/Startup_Code/system_MKL26Z4.o

.debug_str      0x00000000    0x2d00e
 .debug_str     0x00000000    0x20cfa ./Sources/System/Scheduler/io_sch.o
                              0x21095 (size before relaxing)
 .debug_str     0x00020cfa     0x80a3 ./Sources/System/Scheduler/io_sch_cnf.o
                              0x29102 (size before relaxing)
 .debug_str     0x00028d9d      0x1e1 ./Sources/System/Os/io_os.o
                              0x2711e (size before relaxing)
 .debug_str     0x00028f7e       0x9c ./Sources/Other_functions/io_func.o
                              0x21047 (size before relaxing)
 .debug_str     0x0002901a      0x147 ./Sources/MCU_drivers/Wdt/io_wdt.o
                              0x2702a (size before relaxing)
 .debug_str     0x00029161     0x1ba1 ./Sources/MCU_drivers/Tpm/io_tpm.o
                              0x290d7 (size before relaxing)
 .debug_str     0x0002ad02       0x49 ./Sources/MCU_drivers/Tpm/io_tpm_cnf.o
                              0x26341 (size before relaxing)
 .debug_str     0x0002ad4b      0x274 ./Sources/MCU_drivers/Pcs/io_pcs.o
                              0x2785a (size before relaxing)
 .debug_str     0x0002afbf       0x42 ./Sources/MCU_drivers/Pcs/io_pcs_cnf.o
                              0x24f7e (size before relaxing)
 .debug_str     0x0002b001      0x523 ./Sources/MCU_drivers/Int/io_int.o
                              0x2754b (size before relaxing)
 .debug_str     0x0002b524       0x47 ./Sources/MCU_drivers/Int/io_int_cnf.o
                              0x2710b (size before relaxing)
 .debug_str     0x0002b56b       0x85 ./Sources/MCU_drivers/Dio/io_dio.o
                              0x24fd2 (size before relaxing)
 .debug_str     0x0002b5f0      0x641 ./Sources/MCU_drivers/Asy/io_asy.o
                              0x270b4 (size before relaxing)
 .debug_str     0x0002bc31      0x123 ./Sources/MCU_drivers/Asy/io_asy_cnf.o
                              0x26cc7 (size before relaxing)
 .debug_str     0x0002bd54      0x30a ./Sources/MCU_drivers/Adc/io_adc.o
                              0x27805 (size before relaxing)
 .debug_str     0x0002c05e       0x54 ./Sources/MCU_drivers/Adc/io_adc_cnf.o
                              0x2164c (size before relaxing)
 .debug_str     0x0002c0b2      0x467 ./Sources/HW_drivers/Sensors/Proximity/io_sens_ir.o
                              0x26d7b (size before relaxing)
 .debug_str     0x0002c519      0x116 ./Sources/HW_drivers/H-bridge/ti8833/io_hbr_cnf_ti8833.o
                              0x2700d (size before relaxing)
 .debug_str     0x0002c62f       0xf8 ./Sources/HW_drivers/H-bridge/ti8833/io_hbr_ti8833.o
                              0x29969 (size before relaxing)
 .debug_str     0x0002c727       0xd5 ./Sources/Application/Speed_calc/app_robo_speed_calc.o
                              0x2282c (size before relaxing)
 .debug_str     0x0002c7fc      0x406 ./Sources/Application/Path_planner/app_robo_path_planner.o
                              0x22f87 (size before relaxing)
 .debug_str     0x0002cc02       0xea ./Sources/Application/Distance_calc/app_robo_dist_calc.o
                              0x260f1 (size before relaxing)
 .debug_str     0x0002ccec      0x1b7 ./Sources/Application/Car_movement/app_robo_car_movement.o
                              0x22cdb (size before relaxing)
 .debug_str     0x0002cea3       0x5e ./Sources/Application/Bluetooth/io_bluetooth.o
                              0x272c2 (size before relaxing)
 .debug_str     0x0002cf01       0x17 ./Sources/main.o
                              0x293f9 (size before relaxing)
 .debug_str     0x0002cf18       0xf6 ./Project_Settings/Startup_Code/system_MKL26Z4.o
                              0x20d42 (size before relaxing)

.comment        0x00000000       0x70
 .comment       0x00000000       0x70 ./Sources/System/Scheduler/io_sch.o
                                 0x71 (size before relaxing)
 .comment       0x00000000       0x71 ./Sources/System/Scheduler/io_sch_cnf.o
 .comment       0x00000000       0x71 ./Sources/System/Os/io_os.o
 .comment       0x00000000       0x71 ./Sources/Other_functions/io_func.o
 .comment       0x00000000       0x71 ./Sources/MCU_drivers/Wdt/io_wdt.o
 .comment       0x00000000       0x71 ./Sources/MCU_drivers/Tpm/io_tpm.o
 .comment       0x00000000       0x71 ./Sources/MCU_drivers/Tpm/io_tpm_cnf.o
 .comment       0x00000000       0x71 ./Sources/MCU_drivers/Pcs/io_pcs.o
 .comment       0x00000000       0x71 ./Sources/MCU_drivers/Pcs/io_pcs_cnf.o
 .comment       0x00000000       0x71 ./Sources/MCU_drivers/Int/io_int.o
 .comment       0x00000000       0x71 ./Sources/MCU_drivers/Int/io_int_cnf.o
 .comment       0x00000000       0x71 ./Sources/MCU_drivers/Dio/io_dio.o
 .comment       0x00000000       0x71 ./Sources/MCU_drivers/Asy/io_asy.o
 .comment       0x00000000       0x71 ./Sources/MCU_drivers/Asy/io_asy_cnf.o
 .comment       0x00000000       0x71 ./Sources/MCU_drivers/Adc/io_adc.o
 .comment       0x00000000       0x71 ./Sources/MCU_drivers/Adc/io_adc_cnf.o
 .comment       0x00000000       0x71 ./Sources/HW_drivers/Sensors/Proximity/io_sens_ir.o
 .comment       0x00000000       0x71 ./Sources/HW_drivers/H-bridge/ti8833/io_hbr_cnf_ti8833.o
 .comment       0x00000000       0x71 ./Sources/HW_drivers/H-bridge/ti8833/io_hbr_ti8833.o
 .comment       0x00000000       0x71 ./Sources/Application/Speed_calc/app_robo_speed_calc.o
 .comment       0x00000000       0x71 ./Sources/Application/Path_planner/app_robo_path_planner.o
 .comment       0x00000000       0x71 ./Sources/Application/Distance_calc/app_robo_dist_calc.o
 .comment       0x00000000       0x71 ./Sources/Application/Car_movement/app_robo_car_movement.o
 .comment       0x00000000       0x71 ./Sources/Application/Bluetooth/io_bluetooth.o
 .comment       0x00000000       0x71 ./Sources/main.o
 .comment       0x00000000       0x71 ./Project_Settings/Startup_Code/system_MKL26Z4.o

.debug_frame    0x00000000     0x1b6c
 .debug_frame   0x00000000       0x50 ./Sources/System/Scheduler/io_sch.o
 .debug_frame   0x00000050       0xd4 ./Sources/System/Scheduler/io_sch_cnf.o
 .debug_frame   0x00000124      0x10c ./Sources/System/Os/io_os.o
 .debug_frame   0x00000230       0xd0 ./Sources/Other_functions/io_func.o
 .debug_frame   0x00000300       0x80 ./Sources/MCU_drivers/Wdt/io_wdt.o
 .debug_frame   0x00000380      0x298 ./Sources/MCU_drivers/Tpm/io_tpm.o
 .debug_frame   0x00000618       0xb0 ./Sources/MCU_drivers/Pcs/io_pcs.o
 .debug_frame   0x000006c8      0x574 ./Sources/MCU_drivers/Int/io_int.o
 .debug_frame   0x00000c3c       0x88 ./Sources/MCU_drivers/Dio/io_dio.o
 .debug_frame   0x00000cc4      0x364 ./Sources/MCU_drivers/Asy/io_asy.o
 .debug_frame   0x00001028       0xf0 ./Sources/MCU_drivers/Asy/io_asy_cnf.o
 .debug_frame   0x00001118       0xcc ./Sources/MCU_drivers/Adc/io_adc.o
 .debug_frame   0x000011e4       0xf0 ./Sources/HW_drivers/Sensors/Proximity/io_sens_ir.o
 .debug_frame   0x000012d4       0x90 ./Sources/HW_drivers/H-bridge/ti8833/io_hbr_ti8833.o
 .debug_frame   0x00001364       0x6c ./Sources/Application/Speed_calc/app_robo_speed_calc.o
 .debug_frame   0x000013d0       0xd8 ./Sources/Application/Path_planner/app_robo_path_planner.o
 .debug_frame   0x000014a8       0xa0 ./Sources/Application/Distance_calc/app_robo_dist_calc.o
 .debug_frame   0x00001548      0x124 ./Sources/Application/Car_movement/app_robo_car_movement.o
 .debug_frame   0x0000166c       0x4c ./Sources/Application/Bluetooth/io_bluetooth.o
 .debug_frame   0x000016b8       0x2c ./Sources/main.o
 .debug_frame   0x000016e4       0x4c ./Project_Settings/Startup_Code/system_MKL26Z4.o
 .debug_frame   0x00001730       0x20 d:/programe/kinetis studio ide/toolchain/bin/../lib/gcc/arm-none-eabi/4.8.4/armv6-m\libgcc.a(_udivsi3.o)
 .debug_frame   0x00001750       0x20 d:/programe/kinetis studio ide/toolchain/bin/../lib/gcc/arm-none-eabi/4.8.4/armv6-m\libgcc.a(_divsi3.o)
 .debug_frame   0x00001770       0x2c d:/programe/kinetis studio ide/toolchain/bin/../lib/gcc/arm-none-eabi/4.8.4/armv6-m\libgcc.a(_fixunsdfsi.o)
 .debug_frame   0x0000179c       0x3c d:/programe/kinetis studio ide/toolchain/bin/../lib/gcc/arm-none-eabi/4.8.4/armv6-m\libgcc.a(divdf3.o)
 .debug_frame   0x000017d8       0x3c d:/programe/kinetis studio ide/toolchain/bin/../lib/gcc/arm-none-eabi/4.8.4/armv6-m\libgcc.a(muldf3.o)
 .debug_frame   0x00001814       0x3c d:/programe/kinetis studio ide/toolchain/bin/../lib/gcc/arm-none-eabi/4.8.4/armv6-m\libgcc.a(subdf3.o)
 .debug_frame   0x00001850       0x2c d:/programe/kinetis studio ide/toolchain/bin/../lib/gcc/arm-none-eabi/4.8.4/armv6-m\libgcc.a(fixdfsi.o)
 .debug_frame   0x0000187c       0x30 d:/programe/kinetis studio ide/toolchain/bin/../lib/gcc/arm-none-eabi/4.8.4/armv6-m\libgcc.a(floatsidf.o)
 .debug_frame   0x000018ac       0x28 d:/programe/kinetis studio ide/toolchain/bin/../lib/gcc/arm-none-eabi/4.8.4/armv6-m\libgcc.a(floatunsidf.o)
 .debug_frame   0x000018d4       0x3c d:/programe/kinetis studio ide/toolchain/bin/../lib/gcc/arm-none-eabi/4.8.4/armv6-m\libgcc.a(eqdf2.o)
 .debug_frame   0x00001910       0x38 d:/programe/kinetis studio ide/toolchain/bin/../lib/gcc/arm-none-eabi/4.8.4/armv6-m\libgcc.a(gedf2.o)
 .debug_frame   0x00001948       0x3c d:/programe/kinetis studio ide/toolchain/bin/../lib/gcc/arm-none-eabi/4.8.4/armv6-m\libgcc.a(ledf2.o)
 .debug_frame   0x00001984       0x28 d:/programe/kinetis studio ide/toolchain/bin/../lib/gcc/arm-none-eabi/4.8.4/../../../../arm-none-eabi/lib/armv6-m\libg_s.a(lib_a-calloc.o)
 .debug_frame   0x000019ac       0x28 d:/programe/kinetis studio ide/toolchain/bin/../lib/gcc/arm-none-eabi/4.8.4/../../../../arm-none-eabi/lib/armv6-m\libg_s.a(lib_a-exit.o)
 .debug_frame   0x000019d4       0x2c d:/programe/kinetis studio ide/toolchain/bin/../lib/gcc/arm-none-eabi/4.8.4/../../../../arm-none-eabi/lib/armv6-m\libg_s.a(lib_a-init.o)
 .debug_frame   0x00001a00       0x40 d:/programe/kinetis studio ide/toolchain/bin/../lib/gcc/arm-none-eabi/4.8.4/../../../../arm-none-eabi/lib/armv6-m\libg_s.a(lib_a-malloc.o)
 .debug_frame   0x00001a40       0x20 d:/programe/kinetis studio ide/toolchain/bin/../lib/gcc/arm-none-eabi/4.8.4/../../../../arm-none-eabi/lib/armv6-m\libg_s.a(lib_a-memset.o)
 .debug_frame   0x00001a60       0x2c d:/programe/kinetis studio ide/toolchain/bin/../lib/gcc/arm-none-eabi/4.8.4/../../../../arm-none-eabi/lib/armv6-m\libg_s.a(lib_a-nano-callocr.o)
 .debug_frame   0x00001a8c       0x2c d:/programe/kinetis studio ide/toolchain/bin/../lib/gcc/arm-none-eabi/4.8.4/../../../../arm-none-eabi/lib/armv6-m\libg_s.a(lib_a-nano-mallocr.o)
 .debug_frame   0x00001ab8       0x2c d:/programe/kinetis studio ide/toolchain/bin/../lib/gcc/arm-none-eabi/4.8.4/../../../../arm-none-eabi/lib/armv6-m\libg_s.a(lib_a-sbrkr.o)
 .debug_frame   0x00001ae4       0x48 d:/programe/kinetis studio ide/toolchain/bin/../lib/gcc/arm-none-eabi/4.8.4/../../../../arm-none-eabi/lib/armv6-m\libg_s.a(lib_a-reent.o)
 .debug_frame   0x00001b2c       0x20 d:/programe/kinetis studio ide/toolchain/bin/../lib/gcc/arm-none-eabi/4.8.4/../../../../arm-none-eabi/lib/armv6-m\libnosys.a(sbrk.o)
 .debug_frame   0x00001b4c       0x20 d:/programe/kinetis studio ide/toolchain/bin/../lib/gcc/arm-none-eabi/4.8.4/../../../../arm-none-eabi/lib/armv6-m\libnosys.a(_exit.o)
