Archive member included because of file (symbol)

d:/programe/kinetis studio ide/toolchain/bin/../lib/gcc/arm-none-eabi/4.8.4/armv6-m\libgcc.a(_udivsi3.o)
                              ./Sources/MCU_drivers/Tpm/io_tpm.o (__aeabi_uidiv)
d:/programe/kinetis studio ide/toolchain/bin/../lib/gcc/arm-none-eabi/4.8.4/armv6-m\libgcc.a(_divsi3.o)
                              ./Sources/HW_drivers/Sensors/Proximity/io_sens_ir.o (__aeabi_idiv)
d:/programe/kinetis studio ide/toolchain/bin/../lib/gcc/arm-none-eabi/4.8.4/armv6-m\libgcc.a(_dvmd_tls.o)
                              d:/programe/kinetis studio ide/toolchain/bin/../lib/gcc/arm-none-eabi/4.8.4/armv6-m\libgcc.a(_udivsi3.o) (__aeabi_idiv0)
d:/programe/kinetis studio ide/toolchain/bin/../lib/gcc/arm-none-eabi/4.8.4/armv6-m\libgcc.a(_arm_cmpsf2.o)
                              ./Sources/Other_functions/io_func.o (__aeabi_fcmplt)
d:/programe/kinetis studio ide/toolchain/bin/../lib/gcc/arm-none-eabi/4.8.4/armv6-m\libgcc.a(_fixunsdfsi.o)
                              ./Sources/MCU_drivers/Tpm/io_tpm.o (__aeabi_d2uiz)
d:/programe/kinetis studio ide/toolchain/bin/../lib/gcc/arm-none-eabi/4.8.4/armv6-m\libgcc.a(eqsf2.o)
                              d:/programe/kinetis studio ide/toolchain/bin/../lib/gcc/arm-none-eabi/4.8.4/armv6-m\libgcc.a(_arm_cmpsf2.o) (__eqsf2)
d:/programe/kinetis studio ide/toolchain/bin/../lib/gcc/arm-none-eabi/4.8.4/armv6-m\libgcc.a(gesf2.o)
                              d:/programe/kinetis studio ide/toolchain/bin/../lib/gcc/arm-none-eabi/4.8.4/armv6-m\libgcc.a(_arm_cmpsf2.o) (__gesf2)
d:/programe/kinetis studio ide/toolchain/bin/../lib/gcc/arm-none-eabi/4.8.4/armv6-m\libgcc.a(lesf2.o)
                              d:/programe/kinetis studio ide/toolchain/bin/../lib/gcc/arm-none-eabi/4.8.4/armv6-m\libgcc.a(_arm_cmpsf2.o) (__lesf2)
d:/programe/kinetis studio ide/toolchain/bin/../lib/gcc/arm-none-eabi/4.8.4/armv6-m\libgcc.a(divdf3.o)
                              ./Sources/MCU_drivers/Tpm/io_tpm.o (__aeabi_ddiv)
d:/programe/kinetis studio ide/toolchain/bin/../lib/gcc/arm-none-eabi/4.8.4/armv6-m\libgcc.a(muldf3.o)
                              ./Sources/MCU_drivers/Tpm/io_tpm.o (__aeabi_dmul)
d:/programe/kinetis studio ide/toolchain/bin/../lib/gcc/arm-none-eabi/4.8.4/armv6-m\libgcc.a(subdf3.o)
                              d:/programe/kinetis studio ide/toolchain/bin/../lib/gcc/arm-none-eabi/4.8.4/armv6-m\libgcc.a(_fixunsdfsi.o) (__aeabi_dsub)
d:/programe/kinetis studio ide/toolchain/bin/../lib/gcc/arm-none-eabi/4.8.4/armv6-m\libgcc.a(fixdfsi.o)
                              d:/programe/kinetis studio ide/toolchain/bin/../lib/gcc/arm-none-eabi/4.8.4/armv6-m\libgcc.a(_fixunsdfsi.o) (__aeabi_d2iz)
d:/programe/kinetis studio ide/toolchain/bin/../lib/gcc/arm-none-eabi/4.8.4/armv6-m\libgcc.a(floatsidf.o)
                              ./Sources/MCU_drivers/Tpm/io_tpm.o (__aeabi_i2d)
d:/programe/kinetis studio ide/toolchain/bin/../lib/gcc/arm-none-eabi/4.8.4/armv6-m\libgcc.a(floatunsidf.o)
                              ./Sources/MCU_drivers/Tpm/io_tpm.o (__aeabi_ui2d)
d:/programe/kinetis studio ide/toolchain/bin/../lib/gcc/arm-none-eabi/4.8.4/armv6-m\libgcc.a(_arm_cmpdf2.o)
                              d:/programe/kinetis studio ide/toolchain/bin/../lib/gcc/arm-none-eabi/4.8.4/armv6-m\libgcc.a(_fixunsdfsi.o) (__aeabi_dcmpge)
d:/programe/kinetis studio ide/toolchain/bin/../lib/gcc/arm-none-eabi/4.8.4/armv6-m\libgcc.a(_clzsi2.o)
                              d:/programe/kinetis studio ide/toolchain/bin/../lib/gcc/arm-none-eabi/4.8.4/armv6-m\libgcc.a(divdf3.o) (__clzsi2)
d:/programe/kinetis studio ide/toolchain/bin/../lib/gcc/arm-none-eabi/4.8.4/armv6-m\libgcc.a(eqdf2.o)
                              d:/programe/kinetis studio ide/toolchain/bin/../lib/gcc/arm-none-eabi/4.8.4/armv6-m\libgcc.a(_arm_cmpdf2.o) (__eqdf2)
d:/programe/kinetis studio ide/toolchain/bin/../lib/gcc/arm-none-eabi/4.8.4/armv6-m\libgcc.a(gedf2.o)
                              d:/programe/kinetis studio ide/toolchain/bin/../lib/gcc/arm-none-eabi/4.8.4/armv6-m\libgcc.a(_arm_cmpdf2.o) (__gedf2)
d:/programe/kinetis studio ide/toolchain/bin/../lib/gcc/arm-none-eabi/4.8.4/armv6-m\libgcc.a(ledf2.o)
                              d:/programe/kinetis studio ide/toolchain/bin/../lib/gcc/arm-none-eabi/4.8.4/armv6-m\libgcc.a(_arm_cmpdf2.o) (__ledf2)
d:/programe/kinetis studio ide/toolchain/bin/../lib/gcc/arm-none-eabi/4.8.4/../../../../arm-none-eabi/lib/armv6-m\libg_s.a(lib_a-calloc.o)
                              ./Sources/MCU_drivers/Tpm/io_tpm.o (calloc)
d:/programe/kinetis studio ide/toolchain/bin/../lib/gcc/arm-none-eabi/4.8.4/../../../../arm-none-eabi/lib/armv6-m\libg_s.a(lib_a-exit.o)
                              d:/programe/kinetis studio ide/toolchain/bin/../lib/gcc/arm-none-eabi/4.8.4/../../../../arm-none-eabi/lib/armv6-m/crt0.o (exit)
d:/programe/kinetis studio ide/toolchain/bin/../lib/gcc/arm-none-eabi/4.8.4/../../../../arm-none-eabi/lib/armv6-m\libg_s.a(lib_a-impure.o)
[...]
Memory Configuration

Name             Origin             Length             Attributes
m_interrupts     0x00000000         0x00000100         xr
m_flash_config   0x00000400         0x00000010         xr
m_text           0x00000410         0x0001fbf0         xr
m_data           0x1ffff000         0x00004000         rw
*default*        0x00000000         0xffffffff

Linker script and memory map

LOAD d:/programe/kinetis studio ide/toolchain/bin/../lib/gcc/arm-none-eabi/4.8.4/armv6-m/crti.o
LOAD d:/programe/kinetis studio ide/toolchain/bin/../lib/gcc/arm-none-eabi/4.8.4/armv6-m/crtbegin.o
LOAD d:/programe/kinetis studio ide/toolchain/bin/../lib/gcc/arm-none-eabi/4.8.4/../../../../arm-none-eabi/lib/armv6-m/crt0.o
LOAD ./Sources/System/Scheduler/io_sch.o
LOAD ./Sources/System/Scheduler/io_sch_cnf.o
LOAD ./Sources/System/Os/io_os.o
LOAD ./Sources/System/Error_handling/io_traps.o
LOAD ./Sources/Other_functions/io_func.o
LOAD ./Sources/MCU_drivers/Wdt/io_wdt.o
LOAD ./Sources/MCU_drivers/Tpm/io_tpm.o
LOAD ./Sources/MCU_drivers/Tpm/io_tpm_cnf.o
LOAD ./Sources/MCU_drivers/Timer/io_tim.o
LOAD ./Sources/MCU_drivers/Pcs/io_pcs.o
LOAD ./Sources/MCU_drivers/Pcs/io_pcs_cnf.o
LOAD ./Sources/MCU_drivers/Int/io_int.o
LOAD ./Sources/MCU_drivers/Int/io_int_cnf.o
LOAD ./Sources/MCU_drivers/I2c/io_i2c.o
LOAD ./Sources/MCU_drivers/I2c/io_i2c_cnf.o
LOAD ./Sources/MCU_drivers/Dio/io_dio.o
LOAD ./Sources/MCU_drivers/Asy/io_asy.o
LOAD ./Sources/MCU_drivers/Asy/io_asy_cnf.o
LOAD ./Sources/MCU_drivers/Adc/io_adc.o
LOAD ./Sources/MCU_drivers/Adc/io_adc_cnf.o
LOAD ./Sources/HW_drivers/Stepper_motor/io_smc.o
LOAD ./Sources/HW_drivers/Stepper_motor/io_smc_cnf.o
LOAD ./Sources/HW_drivers/Sensors/Proximity/io_sens_ir.o
LOAD ./Sources/HW_drivers/Sensors/Accel_Magnet/FX0S8700.o
LOAD ./Sources/HW_drivers/H-bridge/ti8833/io_hbr_cnf_ti8833.o
LOAD ./Sources/HW_drivers/H-bridge/ti8833/io_hbr_ti8833.o
LOAD ./Sources/Application/Speed_calc/app_robo_speed_calc.o
LOAD ./Sources/Application/Path_planner/app_robo_path_planner.o
LOAD ./Sources/Application/Distance_calc/app_robo_dist_calc.o
LOAD ./Sources/Application/Car_movement/app_robo_car_movement.o
LOAD ./Sources/Application/Bluetooth/io_bluetooth.o
LOAD ./Sources/main.o
LOAD ./Project_Settings/Startup_Code/startup_MKL26Z4.o
LOAD ./Project_Settings/Startup_Code/system_MKL26Z4.o
LOAD d:/programe/kinetis studio ide/toolchain/bin/../lib/gcc/arm-none-eabi/4.8.4/../../../../arm-none-eabi/lib/armv6-m\libstdc++_s.a
LOAD d:/programe/kinetis studio ide/toolchain/bin/../lib/gcc/arm-none-eabi/4.8.4/../../../../arm-none-eabi/lib/armv6-m\libm.a
START GROUP
LOAD d:/programe/kinetis studio ide/toolchain/bin/../lib/gcc/arm-none-eabi/4.8.4/armv6-m\libgcc.a
LOAD d:/programe/kinetis studio ide/toolchain/bin/../lib/gcc/arm-none-eabi/4.8.4/../../../../arm-none-eabi/lib/armv6-m\libg_s.a
LOAD d:/programe/kinetis studio ide/toolchain/bin/../lib/gcc/arm-none-eabi/4.8.4/../../../../arm-none-eabi/lib/armv6-m\libc_s.a
END GROUP
START GROUP
LOAD d:/programe/kinetis studio ide/toolchain/bin/../lib/gcc/arm-none-eabi/4.8.4/armv6-m\libgcc.a
LOAD d:/programe/kinetis studio ide/toolchain/bin/../lib/gcc/arm-none-eabi/4.8.4/../../../../arm-none-eabi/lib/armv6-m\libc_s.a
LOAD d:/programe/kinetis studio ide/toolchain/bin/../lib/gcc/arm-none-eabi/4.8.4/../../../../arm-none-eabi/lib/armv6-m\libnosys.a
END GROUP
START GROUP
LOAD d:/programe/kinetis studio ide/toolchain/bin/../lib/gcc/arm-none-eabi/4.8.4/armv6-m\libgcc.a
LOAD d:/programe/kinetis studio ide/toolchain/bin/../lib/gcc/arm-none-eabi/4.8.4/../../../../arm-none-eabi/lib/armv6-m\libc_s.a
LOAD d:/programe/kinetis studio ide/toolchain/bin/../lib/gcc/arm-none-eabi/4.8.4/../../../../arm-none-eabi/lib/armv6-m\libnosys.a
END GROUP
LOAD d:/programe/kinetis studio ide/toolchain/bin/../lib/gcc/arm-none-eabi/4.8.4/armv6-m/crtend.o
LOAD d:/programe/kinetis studio ide/toolchain/bin/../lib/gcc/arm-none-eabi/4.8.4/armv6-m/crtn.o
                0x00000400                HEAP_SIZE = DEFINED (__heap_size__)?__heap_size__:0x400
                0x00000400                STACK_SIZE = DEFINED (__stack_size__)?__stack_size__:0x400

.interrupts     0x00000000       0xc0
                0x00000000                __VECTOR_TABLE = .
                0x00000000                . = ALIGN (0x4)
 *(.isr_vector)
 .isr_vector    0x00000000       0xc0 ./Project_Settings/Startup_Code/startup_MKL26Z4.o
                0x00000000                __isr_vector
                0x000000c0                . = ALIGN (0x4)

.flash_config   0x00000400       0x10
                0x00000400                . = ALIGN (0x4)
 *(.FlashConfig)
 .FlashConfig   0x00000400       0x10 ./Project_Settings/Startup_Code/startup_MKL26Z4.o
                0x00000410                . = ALIGN (0x4)

.text           0x00000410     0x4ac8
                0x00000410                . = ALIGN (0x4)
 *(.text)
 .text          0x00000410       0x60 d:/programe/kinetis studio ide/toolchain/bin/../lib/gcc/arm-none-eabi/4.8.4/armv6-m/crtbegin.o
 .text          0x00000470       0x78 d:/programe/kinetis studio ide/toolchain/bin/../lib/gcc/arm-none-eabi/4.8.4/../../../../arm-none-eabi/lib/armv6-m/crt0.o
                0x00000470                _start
                0x00000470                _mainCRTStartup
 .text          0x000004e8       0x48 ./Project_Settings/Startup_Code/startup_MKL26Z4.o
                0x000004e8                Reset_Handler
                0x00000528                Reserved20_IRQHandler
                0x00000528                LLW_IRQHandler
                0x00000528                Reserved45_IRQHandler
                0x00000528                DefaultISR
 .text          0x00000530       0x9c d:/programe/kinetis studio ide/toolchain/bin/../lib/gcc/arm-none-eabi/4.8.4/armv6-m\libgcc.a(_udivsi3.o)
                0x00000530                __aeabi_uidiv
                0x00000530                __udivsi3
                0x000005b8                __aeabi_uidivmod
 .text          0x000005cc       0xc0 d:/programe/kinetis studio ide/toolchain/bin/../lib/gcc/arm-none-eabi/4.8.4/armv6-m\libgcc.a(_divsi3.o)
                0x000005cc                __divsi3
                0x000005cc                __aeabi_idiv
                0x00000678                __aeabi_idivmod
 .text          0x0000068c        0x4 d:/programe/kinetis studio ide/toolchain/bin/../lib/gcc/arm-none-eabi/4.8.4/armv6-m\libgcc.a(_dvmd_tls.o)
                0x0000068c                __aeabi_idiv0
                0x0000068c                __aeabi_ldiv0
 .text          0x00000690       0x40 d:/programe/kinetis studio ide/toolchain/bin/../lib/gcc/arm-none-eabi/4.8.4/armv6-m\libgcc.a(_fixunsdfsi.o)
                0x00000690                __aeabi_d2uiz
                0x00000690                __fixunsdfsi
 .text          0x000006d0      0x648 d:/programe/kinetis studio ide/toolchain/bin/../lib/gcc/arm-none-eabi/4.8.4/armv6-m\libgcc.a(divdf3.o)
                0x000006d0                __aeabi_ddiv
 .text          0x00000d18      0x520 d:/programe/kinetis studio ide/toolchain/bin/../lib/gcc/arm-none-eabi/4.8.4/armv6-m\libgcc.a(muldf3.o)
                0x00000d18                __aeabi_dmul
 .text          0x00001238      0x668 d:/programe/kinetis studio ide/toolchain/bin/../lib/gcc/arm-none-eabi/4.8.4/armv6-m\libgcc.a(subdf3.o)
                0x00001238                __aeabi_dsub
 .text          0x000018a0       0x68 d:/programe/kinetis studio ide/toolchain/bin/../lib/gcc/arm-none-eabi/4.8.4/armv6-m\libgcc.a(fixdfsi.o)
                0x000018a0                __aeabi_d2iz
 .text          0x00001908       0x7c d:/programe/kinetis studio ide/toolchain/bin/../lib/gcc/arm-none-eabi/4.8.4/armv6-m\libgcc.a(floatsidf.o)
                0x00001908                __aeabi_i2d
 .text          0x00001984       0x68 d:/programe/kinetis studio ide/toolchain/bin/../lib/gcc/arm-none-eabi/4.8.4/armv6-m\libgcc.a(floatunsidf.o)
                0x00001984                __aeabi_ui2d
 .text          0x000019ec       0x7c d:/programe/kinetis studio ide/toolchain/bin/../lib/gcc/arm-none-eabi/4.8.4/armv6-m\libgcc.a(_arm_cmpdf2.o)
                0x000019ec                __aeabi_cdrcmple
                0x000019fc                __aeabi_cdcmple
                0x000019fc                __aeabi_cdcmpeq
                0x00001a0c                __aeabi_dcmpeq
                0x00001a18                __aeabi_dcmplt
                0x00001a2c                __aeabi_dcmple
                0x00001a40                __aeabi_dcmpgt
                0x00001a54                __aeabi_dcmpge
 .text          0x00001a68       0x3c d:/programe/kinetis studio ide/toolchain/bin/../lib/gcc/arm-none-eabi/4.8.4/armv6-m\libgcc.a(_clzsi2.o)
                0x00001a68                __clzsi2
 .text          0x00001aa4       0x94 d:/programe/kinetis studio ide/toolchain/bin/../lib/gcc/arm-none-eabi/4.8.4/armv6-m\libgcc.a(eqdf2.o)
                0x00001aa4                __nedf2
                0x00001aa4                __eqdf2
 .text          0x00001b38       0xfc d:/programe/kinetis studio ide/toolchain/bin/../lib/gcc/arm-none-eabi/4.8.4/armv6-m\libgcc.a(gedf2.o)
                0x00001b38                __gedf2
                0x00001b38                __gtdf2
 .text          0x00001c34       0xfc d:/programe/kinetis studio ide/toolchain/bin/../lib/gcc/arm-none-eabi/4.8.4/armv6-m\libgcc.a(ledf2.o)
                0x00001c34                __ledf2
                0x00001c34                __ltdf2
 *(.text*)
 .text.Io_Sch_StartOs
                0x00001d30       0x9c ./Sources/System/Scheduler/io_sch.o
                0x00001d30                Io_Sch_StartOs
 .text.Io_Sch_PeriodicTask
                0x00001dcc       0x50 ./Sources/System/Scheduler/io_sch.o
                0x00001dcc                Io_Sch_PeriodicTask
 .text.Io_Sch_PrjHookTaskBackground
                0x00001e1c       0x1c ./Sources/System/Scheduler/io_sch_cnf.o
 .text.Io_Sch_PrjHookTask1ms
                0x00001e38       0x1c ./Sources/System/Scheduler/io_sch_cnf.o
 .text.Io_Sch_PrjHookTask10ms
                0x00001e54       0x20 ./Sources/System/Scheduler/io_sch_cnf.o
 .text.Io_Sch_PrjHookTask50ms
                0x00001e74       0x18 ./Sources/System/Scheduler/io_sch_cnf.o
 .text.Io_Sch_PrjHookTask100ms
                0x00001e8c       0x18 ./Sources/System/Scheduler/io_sch_cnf.o
 .text.Io_Sch_PrjHookTask1000ms
                0x00001ea4       0x18 ./Sources/System/Scheduler/io_sch_cnf.o
 .text.Io_Os_ForceReset
                0x00001ebc        0xc ./Sources/System/Os/io_os.o
 .text.Io_Os_Init
                0x00001ec8       0x50 ./Sources/System/Os/io_os.o
                0x00001ec8                Io_Os_Init
 .text.Io_Os_InsertTask
                0x00001f18       0xbc ./Sources/System/Os/io_os.o
                0x00001f18                Io_Os_InsertTask
 .text.Io_Os_PriorityHandler
                0x00001fd4       0xd8 ./Sources/System/Os/io_os.o
                0x00001fd4                Io_Os_PriorityHandler
 .text.Io_Os_PeriodicHandler
                0x000020ac       0xc8 ./Sources/System/Os/io_os.o
                0x000020ac                Io_Os_PeriodicHandler
 .text.Io_Func_ShlU32
                0x00002174       0x24 ./Sources/Other_functions/io_func.o
                0x00002174                Io_Func_ShlU32
 .text.Io_Func_ShrU32
                0x00002198       0x24 ./Sources/Other_functions/io_func.o
                0x00002198                Io_Func_ShrU32
 .text.Io_Wdt_Init
                0x000021bc       0x18 ./Sources/MCU_drivers/Wdt/io_wdt.o
                0x000021bc                Io_Wdt_Init
 .text.Io_Wdt_Service
                0x000021d4       0x28 ./Sources/MCU_drivers/Wdt/io_wdt.o
                0x000021d4                Io_Wdt_Service
 .text.Io_Tpm_Initialization
                0x000021fc      0x60c ./Sources/MCU_drivers/Tpm/io_tpm.o
                0x000021fc                Io_Tpm_Initialization
 .text.Io_Tpm_PwmChangeDutycycle
                0x00002808       0xb0 ./Sources/MCU_drivers/Tpm/io_tpm.o
                0x00002808                Io_Tpm_PwmChangeDutycycle
 .text.Io_Tpm_getTpm
                0x000028b8       0x50 ./Sources/MCU_drivers/Tpm/io_tpm.o
 .text.Io_Tpm_LimitDutycycle
                0x00002908       0x3c ./Sources/MCU_drivers/Tpm/io_tpm.o
 .text.Io_Tpm_LimitPeriod
                0x00002944       0x24 ./Sources/MCU_drivers/Tpm/io_tpm.o
 .text.Io_Tpm_ProcessPeriod
                0x00002968       0x80 ./Sources/MCU_drivers/Tpm/io_tpm.o
 .text.Io_Tpm_ProcessDutyCycle
                0x000029e8       0x38 ./Sources/MCU_drivers/Tpm/io_tpm.o
 .text.Io_Tpm_Porcess_InputCapture
                0x00002a20      0x140 ./Sources/MCU_drivers/Tpm/io_tpm.o
                0x00002a20                Io_Tpm_Porcess_InputCapture
 .text.Io_Tpm_Tpm0Isr
                0x00002b60      0x134 ./Sources/MCU_drivers/Tpm/io_tpm.o
                0x00002b60                Io_Tpm_Tpm0Isr
 .text.Io_Tpm_Tpm1Isr
                0x00002c94       0x98 ./Sources/MCU_drivers/Tpm/io_tpm.o
                0x00002c94                Io_Tpm_Tpm1Isr
 .text.Io_Tpm_Tpm2Isr
                0x00002d2c       0x9c ./Sources/MCU_drivers/Tpm/io_tpm.o
                0x00002d2c                Io_Tpm_Tpm2Isr
 .text.Io_Pcs_Initialization
                0x00002dc8      0x1c4 ./Sources/MCU_drivers/Pcs/io_pcs.o
                0x00002dc8                Io_Pcs_Initialization
 .text.Io_Pcs_GetPinInfo
                0x00002f8c       0xd0 ./Sources/MCU_drivers/Pcs/io_pcs.o
                0x00002f8c                Io_Pcs_GetPinInfo
 .text.Io_Int_EnableInterrupts
                0x0000305c       0x10 ./Sources/MCU_drivers/Int/io_int.o
                0x0000305c                Io_Int_EnableInterrupts
 .text.Io_Int_DisableInterrupts
                0x0000306c        0xc ./Sources/MCU_drivers/Int/io_int.o
                0x0000306c                Io_Int_DisableInterrupts
 .text.Io_Int_Initialization
                0x00003078      0x100 ./Sources/MCU_drivers/Int/io_int.o
                0x00003078                Io_Int_Initialization
 .text.Io_Int_NVIC_Enable
                0x00003178       0x28 ./Sources/MCU_drivers/Int/io_int.o
                0x00003178                Io_Int_NVIC_Enable
 .text.Io_Int_SetPriority
                0x000031a0       0xe8 ./Sources/MCU_drivers/Int/io_int.o
                0x000031a0                Io_Int_SetPriority
 .text.Io_Int_Enable_OS
                0x00003288       0x18 ./Sources/MCU_drivers/Int/io_int.o
                0x00003288                Io_Int_Enable_OS
 .text.Io_Int_NVIC_ClearPending
                0x000032a0       0x28 ./Sources/MCU_drivers/Int/io_int.o
                0x000032a0                Io_Int_NVIC_ClearPending
 .text.Io_Int_ProcessHandler
                0x000032c8       0x5c ./Sources/MCU_drivers/Int/io_int.o
                0x000032c8                Io_Int_ProcessHandler
 .text.Io_Int_Dummy
                0x00003324        0x8 ./Sources/MCU_drivers/Int/io_int.o
                0x00003324                Io_Int_Dummy
 .text.NMI_Handler
                0x0000332c       0x14 ./Sources/MCU_drivers/Int/io_int.o
                0x0000332c                NMI_Handler
 .text.HardFault_Handler
                0x00003340       0x14 ./Sources/MCU_drivers/Int/io_int.o
                0x00003340                HardFault_Handler
 .text.SVC_Handler
                0x00003354       0x14 ./Sources/MCU_drivers/Int/io_int.o
                0x00003354                SVC_Handler
 .text.PendSV_Handler
                0x00003368       0x14 ./Sources/MCU_drivers/Int/io_int.o
                0x00003368                PendSV_Handler
 .text.SysTick_Handler
                0x0000337c       0x14 ./Sources/MCU_drivers/Int/io_int.o
                0x0000337c                SysTick_Handler
 .text.DMA0_IRQHandler
                0x00003390       0x10 ./Sources/MCU_drivers/Int/io_int.o
                0x00003390                DMA0_IRQHandler
 .text.DMA1_IRQHandler
                0x000033a0       0x10 ./Sources/MCU_drivers/Int/io_int.o
                0x000033a0                DMA1_IRQHandler
 .text.DMA2_IRQHandler
                0x000033b0       0x10 ./Sources/MCU_drivers/Int/io_int.o
                0x000033b0                DMA2_IRQHandler
 .text.DMA3_IRQHandler
                0x000033c0       0x10 ./Sources/MCU_drivers/Int/io_int.o
                0x000033c0                DMA3_IRQHandler
 .text.FTFA_IRQHandler
                0x000033d0       0x10 ./Sources/MCU_drivers/Int/io_int.o
                0x000033d0                FTFA_IRQHandler
 .text.LVD_LVW_IRQHandler
                0x000033e0       0x10 ./Sources/MCU_drivers/Int/io_int.o
                0x000033e0                LVD_LVW_IRQHandler
 .text.I2C0_IRQHandler
                0x000033f0       0x10 ./Sources/MCU_drivers/Int/io_int.o
                0x000033f0                I2C0_IRQHandler
 .text.I2C1_IRQHandler
                0x00003400       0x10 ./Sources/MCU_drivers/Int/io_int.o
                0x00003400                I2C1_IRQHandler
 .text.SPI0_IRQHandler
                0x00003410       0x10 ./Sources/MCU_drivers/Int/io_int.o
                0x00003410                SPI0_IRQHandler
 .text.SPI1_IRQHandler
                0x00003420       0x10 ./Sources/MCU_drivers/Int/io_int.o
                0x00003420                SPI1_IRQHandler
 .text.UART0_IRQHandler
                0x00003430       0x10 ./Sources/MCU_drivers/Int/io_int.o
                0x00003430                UART0_IRQHandler
 .text.UART1_IRQHandler
                0x00003440       0x10 ./Sources/MCU_drivers/Int/io_int.o
                0x00003440                UART1_IRQHandler
 .text.UART2_IRQHandler
                0x00003450       0x10 ./Sources/MCU_drivers/Int/io_int.o
                0x00003450                UART2_IRQHandler
 .text.ADC0_IRQHandler
                0x00003460       0x10 ./Sources/MCU_drivers/Int/io_int.o
                0x00003460                ADC0_IRQHandler
 .text.CMP0_IRQHandler
                0x00003470       0x10 ./Sources/MCU_drivers/Int/io_int.o
                0x00003470                CMP0_IRQHandler
 .text.TPM0_IRQHandler
                0x00003480       0x10 ./Sources/MCU_drivers/Int/io_int.o
                0x00003480                TPM0_IRQHandler
 .text.TPM1_IRQHandler
                0x00003490       0x10 ./Sources/MCU_drivers/Int/io_int.o
                0x00003490                TPM1_IRQHandler
 .text.TPM2_IRQHandler
                0x000034a0       0x10 ./Sources/MCU_drivers/Int/io_int.o
                0x000034a0                TPM2_IRQHandler
 .text.RTC_IRQHandler
                0x000034b0       0x10 ./Sources/MCU_drivers/Int/io_int.o
                0x000034b0                RTC_IRQHandler
 .text.RTC_Seconds_IRQHandler
                0x000034c0       0x10 ./Sources/MCU_drivers/Int/io_int.o
                0x000034c0                RTC_Seconds_IRQHandler
 .text.PIT_IRQHandler
                0x000034d0       0x10 ./Sources/MCU_drivers/Int/io_int.o
                0x000034d0                PIT_IRQHandler
 .text.I2S0_IRQHandler
                0x000034e0       0x10 ./Sources/MCU_drivers/Int/io_int.o
                0x000034e0                I2S0_IRQHandler
 .text.USB0_IRQHandler
                0x000034f0       0x10 ./Sources/MCU_drivers/Int/io_int.o
                0x000034f0                USB0_IRQHandler
 .text.DAC0_IRQHandler
                0x00003500       0x10 ./Sources/MCU_drivers/Int/io_int.o
                0x00003500                DAC0_IRQHandler
 .text.TSI0_IRQHandler
                0x00003510       0x10 ./Sources/MCU_drivers/Int/io_int.o
                0x00003510                TSI0_IRQHandler
 .text.MCG_IRQHandler
                0x00003520       0x10 ./Sources/MCU_drivers/Int/io_int.o
                0x00003520                MCG_IRQHandler
 .text.LPTMR0_IRQHandler
                0x00003530       0x10 ./Sources/MCU_drivers/Int/io_int.o
                0x00003530                LPTMR0_IRQHandler
 .text.PORTA_IRQHandler
                0x00003540       0x10 ./Sources/MCU_drivers/Int/io_int.o
                0x00003540                PORTA_IRQHandler
 .text.PORTC_PORTD_IRQHandler
                0x00003550       0x10 ./Sources/MCU_drivers/Int/io_int.o
                0x00003550                PORTC_PORTD_IRQHandler
 .text.Io_I2c_Init
                0x00003560      0x100 ./Sources/MCU_drivers/I2c/io_i2c.o
                0x00003560                Io_I2c_Init
 .text.Io_Dio_SetPinLevel
                0x00003660       0x98 ./Sources/MCU_drivers/Dio/io_dio.o
                0x00003660                Io_Dio_SetPinLevel
 .text.Io_Dio_GetPinLevel
                0x000036f8       0xd0 ./Sources/MCU_drivers/Dio/io_dio.o
                0x000036f8                Io_Dio_GetPinLevel
 .text.Io_Asy_Initialization
                0x000037c8       0x64 ./Sources/MCU_drivers/Asy/io_asy.o
                0x000037c8                Io_Asy_Initialization
 .text.Io_Asy_Ch_Initialization
                0x0000382c      0x400 ./Sources/MCU_drivers/Asy/io_asy.o
                0x0000382c                Io_Asy_Ch_Initialization
 .text.Io_Asy_RxData
                0x00003c2c       0xfc ./Sources/MCU_drivers/Asy/io_asy.o
                0x00003c2c                Io_Asy_RxData
 .text.Io_Asy_SetBaudrate
                0x00003d28      0x12c ./Sources/MCU_drivers/Asy/io_asy.o
                0x00003d28                Io_Asy_SetBaudrate
 .text.Io_Asy_CalculateBaudrate
                0x00003e54       0x30 ./Sources/MCU_drivers/Asy/io_asy.o
                0x00003e54                Io_Asy_CalculateBaudrate
 .text.Io_Asy_Asy0_Isr
                0x00003e84       0x18 ./Sources/MCU_drivers/Asy/io_asy.o
                0x00003e84                Io_Asy_Asy0_Isr
 .text.Io_Asy_Asy1_Isr
                0x00003e9c       0x18 ./Sources/MCU_drivers/Asy/io_asy.o
                0x00003e9c                Io_Asy_Asy1_Isr
 .text.Io_Asy_Asy2_Isr
                0x00003eb4       0x18 ./Sources/MCU_drivers/Asy/io_asy.o
                0x00003eb4                Io_Asy_Asy2_Isr
 .text.ASY_TX_Signal
                0x00003ecc       0x14 ./Sources/MCU_drivers/Asy/io_asy_cnf.o
                0x00003ecc                ASY_TX_Signal
 .text.ASY_RX_Signal
                0x00003ee0       0x14 ./Sources/MCU_drivers/Asy/io_asy_cnf.o
                0x00003ee0                ASY_RX_Signal
 .text.ASY_ERR_Signal
                0x00003ef4       0x14 ./Sources/MCU_drivers/Asy/io_asy_cnf.o
                0x00003ef4                ASY_ERR_Signal
 .text.Io_Adc_Initialization
                0x00003f08       0xb0 ./Sources/MCU_drivers/Adc/io_adc.o
                0x00003f08                Io_Adc_Initialization
 .text.Io_Adc_Autoscan
                0x00003fb8       0x88 ./Sources/MCU_drivers/Adc/io_adc.o
                0x00003fb8                Io_Adc_Autoscan
 .text.Io_Adc_Isr
                0x00004040       0xd4 ./Sources/MCU_drivers/Adc/io_adc.o
                0x00004040                Io_Adc_Isr
 .text.Io_Sens_Initialization
                0x00004114      0x144 ./Sources/HW_drivers/Sensors/Proximity/io_sens_ir.o
                0x00004114                Io_Sens_Initialization
 .text.Io_Hbr_Drv8833_Initialization
                0x00004258       0x90 ./Sources/HW_drivers/H-bridge/ti8833/io_hbr_ti8833.o
                0x00004258                Io_Hbr_Drv8833_Initialization
 .text.Io_Hbr_Drv8833_Update
                0x000042e8      0x14c ./Sources/HW_drivers/H-bridge/ti8833/io_hbr_ti8833.o
                0x000042e8                Io_Hbr_Drv8833_Update
 .text.Io_Hbr_Drv8833_Set_State
                0x00004434      0x1f0 ./Sources/HW_drivers/H-bridge/ti8833/io_hbr_ti8833.o
                0x00004434                Io_Hbr_Drv8833_Set_State
 .text.Io_Hbr_Drv8833_Get_State
                0x00004624       0x4c ./Sources/HW_drivers/H-bridge/ti8833/io_hbr_ti8833.o
                0x00004624                Io_Hbr_Drv8833_Get_State
 .text.main     0x00004670       0xa0 ./Sources/main.o
                0x00004670                main
 .text.SystemInit
                0x00004710      0x1b0 ./Project_Settings/Startup_Code/system_MKL26Z4.o
                0x00004710                SystemInit
 .text.calloc   0x000048c0       0x18 d:/programe/kinetis studio ide/toolchain/bin/../lib/gcc/arm-none-eabi/4.8.4/../../../../arm-none-eabi/lib/armv6-m\libg_s.a(lib_a-calloc.o)
                0x000048c0                calloc
 .text.exit     0x000048d8       0x2c d:/programe/kinetis studio ide/toolchain/bin/../lib/gcc/arm-none-eabi/4.8.4/../../../../arm-none-eabi/lib/armv6-m\libg_s.a(lib_a-exit.o)
                0x000048d8                exit
 .text.__libc_init_array
                0x00004904       0x4c d:/programe/kinetis studio ide/toolchain/bin/../lib/gcc/arm-none-eabi/4.8.4/../../../../arm-none-eabi/lib/armv6-m\libg_s.a(lib_a-init.o)
                0x00004904                __libc_init_array
 .text.malloc   0x00004950       0x14 d:/programe/kinetis studio ide/toolchain/bin/../lib/gcc/arm-none-eabi/4.8.4/../../../../arm-none-eabi/lib/armv6-m\libg_s.a(lib_a-malloc.o)
                0x00004950                malloc
 .text.memset   0x00004964       0x10 d:/programe/kinetis studio ide/toolchain/bin/../lib/gcc/arm-none-eabi/4.8.4/../../../../arm-none-eabi/lib/armv6-m\libg_s.a(lib_a-memset.o)
                0x00004964                memset
 .text._calloc_r
                0x00004974       0x1c d:/programe/kinetis studio ide/toolchain/bin/../lib/gcc/arm-none-eabi/4.8.4/../../../../arm-none-eabi/lib/armv6-m\libg_s.a(lib_a-nano-callocr.o)
                0x00004974                _calloc_r
 .text._malloc_r
                0x00004990       0xa8 d:/programe/kinetis studio ide/toolchain/bin/../lib/gcc/arm-none-eabi/4.8.4/../../../../arm-none-eabi/lib/armv6-m\libg_s.a(lib_a-nano-mallocr.o)
                0x00004990                _malloc_r
 .text._sbrk_r  0x00004a38       0x24 d:/programe/kinetis studio ide/toolchain/bin/../lib/gcc/arm-none-eabi/4.8.4/../../../../arm-none-eabi/lib/armv6-m\libg_s.a(lib_a-sbrkr.o)
                0x00004a38                _sbrk_r
 .text._sbrk    0x00004a5c       0x34 d:/programe/kinetis studio ide/toolchain/bin/../lib/gcc/arm-none-eabi/4.8.4/../../../../arm-none-eabi/lib/armv6-m\libnosys.a(sbrk.o)
                0x00004a5c                _sbrk
 .text._exit    0x00004a90        0x4 d:/programe/kinetis studio ide/toolchain/bin/../lib/gcc/arm-none-eabi/4.8.4/../../../../arm-none-eabi/lib/armv6-m\libnosys.a(_exit.o)
                0x00004a90                _exit
 *(.rodata)
 .rodata        0x00004a94       0x40 d:/programe/kinetis studio ide/toolchain/bin/../lib/gcc/arm-none-eabi/4.8.4/armv6-m\libgcc.a(divdf3.o)
 .rodata        0x00004ad4       0x40 d:/programe/kinetis studio ide/toolchain/bin/../lib/gcc/arm-none-eabi/4.8.4/armv6-m\libgcc.a(muldf3.o)
 *(.rodata*)
 .rodata.Io_Sch_OsTasks
                0x00004b14       0x30 ./Sources/System/Scheduler/io_sch_cnf.o
                0x00004b14                Io_Sch_OsTasks
 .rodata.Io_Sch_OsConfig
                0x00004b44        0x8 ./Sources/System/Scheduler/io_sch_cnf.o
                0x00004b44                Io_Sch_OsConfig
 .rodata.Io_Tpm_Pwm_Ch_Cnf
                0x00004b4c       0x18 ./Sources/MCU_drivers/Tpm/io_tpm_cnf.o
                0x00004b4c                Io_Tpm_Pwm_Ch_Cnf
 .rodata.Io_Tpm_Dcm_Ch_Cnf
                0x00004b64       0x30 ./Sources/MCU_drivers/Tpm/io_tpm_cnf.o
                0x00004b64                Io_Tpm_Dcm_Ch_Cnf
 .rodata.Io_Tpm_Dev_Cnf
                0x00004b94       0x24 ./Sources/MCU_drivers/Tpm/io_tpm_cnf.o
                0x00004b94                Io_Tpm_Dev_Cnf
 .rodata.Io_Tpm_Cnf
                0x00004bb8       0x18 ./Sources/MCU_drivers/Tpm/io_tpm_cnf.o
                0x00004bb8                Io_Tpm_Cnf
 .rodata.Io_Pcs_PortTab
                0x00004bd0       0x14 ./Sources/MCU_drivers/Pcs/io_pcs.o
                0x00004bd0                Io_Pcs_PortTab
 .rodata.Io_Pcs_FGPIO
                0x00004be4       0x14 ./Sources/MCU_drivers/Pcs/io_pcs.o
                0x00004be4                Io_Pcs_FGPIO
 .rodata.Io_Pcs_GetPinInfo
                0x00004bf8       0x18 ./Sources/MCU_drivers/Pcs/io_pcs.o
 .rodata.Io_Pcs_PortCnf
                0x00004c10      0x18c ./Sources/MCU_drivers/Pcs/io_pcs_cnf.o
                0x00004c10                Io_Pcs_PortCnf
 .rodata.Io_Pcs_Cnf
                0x00004d9c        0x8 ./Sources/MCU_drivers/Pcs/io_pcs_cnf.o
                0x00004d9c                Io_Pcs_Cnf
 .rodata.Io_Int_InterruptCnf
                0x00004da4       0x40 ./Sources/MCU_drivers/Int/io_int_cnf.o
                0x00004da4                Io_Int_InterruptCnf
 .rodata.Io_Int_Cnf
                0x00004de4        0x8 ./Sources/MCU_drivers/Int/io_int_cnf.o
                0x00004de4                Io_Int_Cnf
 .rodata.Io_I2c_CnfDevice
                0x00004dec        0x8 ./Sources/MCU_drivers/I2c/io_i2c_cnf.o
                0x00004dec                Io_I2c_CnfDevice
 .rodata.Io_I2c_Cnf
                0x00004df4        0x8 ./Sources/MCU_drivers/I2c/io_i2c_cnf.o
                0x00004df4                Io_I2c_Cnf
 .rodata.Io_Dio_PortTab
                0x00004dfc       0x14 ./Sources/MCU_drivers/Dio/io_dio.o
                0x00004dfc                Io_Dio_PortTab
 .rodata.asy_tx_sig0
                0x00004e10        0x8 ./Sources/MCU_drivers/Asy/io_asy_cnf.o
                0x00004e10                asy_tx_sig0
 .rodata.asy_rx_sig0
                0x00004e18        0x8 ./Sources/MCU_drivers/Asy/io_asy_cnf.o
                0x00004e18                asy_rx_sig0
 .rodata.asy_err_sig0
                0x00004e20        0x8 ./Sources/MCU_drivers/Asy/io_asy_cnf.o
                0x00004e20                asy_err_sig0
 .rodata.asy_tx_sig1
                0x00004e28        0x8 ./Sources/MCU_drivers/Asy/io_asy_cnf.o
                0x00004e28                asy_tx_sig1
 .rodata.asy_rx_sig1
                0x00004e30        0x8 ./Sources/MCU_drivers/Asy/io_asy_cnf.o
                0x00004e30                asy_rx_sig1
 .rodata.asy_err_sig1
                0x00004e38        0x8 ./Sources/MCU_drivers/Asy/io_asy_cnf.o
                0x00004e38                asy_err_sig1
 .rodata.asy_channels
                0x00004e40       0x28 ./Sources/MCU_drivers/Asy/io_asy_cnf.o
                0x00004e40                asy_channels
 .rodata.config_asy_device
                0x00004e68        0x8 ./Sources/MCU_drivers/Asy/io_asy_cnf.o
                0x00004e68                config_asy_device
 .rodata.config_adc_autoscan_channels
                0x00004e70       0x10 ./Sources/MCU_drivers/Adc/io_adc_cnf.o
                0x00004e70                config_adc_autoscan_channels
 .rodata.config_adc_ptr
                0x00004e80        0x8 ./Sources/MCU_drivers/Adc/io_adc_cnf.o
                0x00004e80                config_adc_ptr
 .rodata.Io_Hbr_Drv8833_PortCnf
                0x00004e88       0x10 ./Sources/HW_drivers/H-bridge/ti8833/io_hbr_cnf_ti8833.o
                0x00004e88                Io_Hbr_Drv8833_PortCnf
 .rodata.Io_Hbr_Drv8833_Cnf
                0x00004e98        0x8 ./Sources/HW_drivers/H-bridge/ti8833/io_hbr_cnf_ti8833.o
                0x00004e98                Io_Hbr_Drv8833_Cnf
 .rodata.Io_Hbr_Drv8833_Set_State
                0x00004ea0       0x18 ./Sources/HW_drivers/H-bridge/ti8833/io_hbr_ti8833.o
 .rodata.str1.1
                0x00004eb8        0x2 d:/programe/kinetis studio ide/toolchain/bin/../lib/gcc/arm-none-eabi/4.8.4/../../../../arm-none-eabi/lib/armv6-m\libg_s.a(lib_a-impure.o)
 *fill*         0x00004eba        0x2 
 .rodata._global_impure_ptr
                0x00004ebc        0x4 d:/programe/kinetis studio ide/toolchain/bin/../lib/gcc/arm-none-eabi/4.8.4/../../../../arm-none-eabi/lib/armv6-m\libg_s.a(lib_a-impure.o)
                0x00004ebc                _global_impure_ptr
 *(.glue_7)
 .glue_7        0x00000000        0x0 linker stubs
 *(.glue_7t)
 .glue_7t       0x00000000        0x0 linker stubs
 *(.eh_frame)
 .eh_frame      0x00004ec0        0x0 d:/programe/kinetis studio ide/toolchain/bin/../lib/gcc/arm-none-eabi/4.8.4/armv6-m/crtbegin.o
 *(.init)
 .init          0x00004ec0        0x4 d:/programe/kinetis studio ide/toolchain/bin/../lib/gcc/arm-none-eabi/4.8.4/armv6-m/crti.o
                0x00004ec0                _init
 .init          0x00004ec4        0x8 d:/programe/kinetis studio ide/toolchain/bin/../lib/gcc/arm-none-eabi/4.8.4/armv6-m/crtn.o
 *(.fini)
 .fini          0x00004ecc        0x4 d:/programe/kinetis studio ide/toolchain/bin/../lib/gcc/arm-none-eabi/4.8.4/armv6-m/crti.o
                0x00004ecc                _fini
 .fini          0x00004ed0        0x8 d:/programe/kinetis studio ide/toolchain/bin/../lib/gcc/arm-none-eabi/4.8.4/armv6-m/crtn.o
                0x00004ed8                . = ALIGN (0x4)

.vfp11_veneer   0x00004ed8        0x0
 .vfp11_veneer  0x00000000        0x0 linker stubs

.v4_bx          0x00004ed8        0x0
 .v4_bx         0x00000000        0x0 linker stubs

.iplt           0x00004ed8        0x0
 .iplt          0x00000000        0x0 d:/programe/kinetis studio ide/toolchain/bin/../lib/gcc/arm-none-eabi/4.8.4/armv6-m/crtbegin.o

.ARM.extab
 *(.ARM.extab* .gnu.linkonce.armextab.*)

.ARM            0x00004ed8        0x8
                0x00004ed8                __exidx_start = .
 *(.ARM.exidx*)
 .ARM.exidx     0x00004ed8        0x8 d:/programe/kinetis studio ide/toolchain/bin/../lib/gcc/arm-none-eabi/4.8.4/../../../../arm-none-eabi/lib/armv6-m/crt0.o
                0x00004ee0                __exidx_end = .

.rel.dyn        0x00004ee0        0x0
 .rel.iplt      0x00000000        0x0 d:/programe/kinetis studio ide/toolchain/bin/../lib/gcc/arm-none-eabi/4.8.4/armv6-m/crtbegin.o

.ctors          0x00004ee0        0x0
                0x00004ee0                __CTOR_LIST__ = .
 *crtbegin.o(.ctors)
 *crtbegin?.o(.ctors)
 *(EXCLUDE_FILE(*crtend.o *crtend?.o) .ctors)
 *(SORT(.ctors.*))
 *(.ctors)
                0x00004ee0                __CTOR_END__ = .

.dtors          0x00004ee0        0x0
                0x00004ee0                __DTOR_LIST__ = .
 *crtbegin.o(.dtors)
 *crtbegin?.o(.dtors)
 *(EXCLUDE_FILE(*crtend.o *crtend?.o) .dtors)
 *(SORT(.dtors.*))
 *(.dtors)
                0x00004ee0                __DTOR_END__ = .

.preinit_array  0x00004ee0        0x0
                0x00004ee0                PROVIDE (__preinit_array_start, .)
 *(.preinit_array*)
                0x00004ee0                PROVIDE (__preinit_array_end, .)

.init_array     0x00004ee0        0x4
                0x00004ee0                PROVIDE (__init_array_start, .)
 *(SORT(.init_array.*))
 *(.init_array*)
 .init_array    0x00004ee0        0x4 d:/programe/kinetis studio ide/toolchain/bin/../lib/gcc/arm-none-eabi/4.8.4/armv6-m/crtbegin.o
                0x00004ee4                PROVIDE (__init_array_end, .)

.fini_array     0x00004ee4        0x4
                0x00004ee4                PROVIDE (__fini_array_start, .)
 *(SORT(.fini_array.*))
 *(.fini_array*)
 .fini_array    0x00004ee4        0x4 d:/programe/kinetis studio ide/toolchain/bin/../lib/gcc/arm-none-eabi/4.8.4/armv6-m/crtbegin.o
                0x00004ee8                PROVIDE (__fini_array_end, .)
                0x00004ee8                __etext = .
                0x00004ee8                __DATA_ROM = .

.mtb            0x1ffff000        0x0
                0x1ffff000                . = ALIGN (0x8)
                0x1ffff000                _mtb_start = .
 *(.mtb_buf)
                0x1ffff000                . = ALIGN (0x8)
                0x1ffff000                _mtb_end = .

.data           0x1ffff000       0x70 load address 0x00004ee8
                0x1ffff000                . = ALIGN (0x4)
                0x1ffff000                __DATA_RAM = .
                0x1ffff000                __data_start__ = .
 *(.data)
 *(.data*)
 .data.reception
                0x1ffff000        0x8 ./Sources/MCU_drivers/Asy/io_asy.o
                0x1ffff000                reception
 .data.impure_data
                0x1ffff008       0x60 d:/programe/kinetis studio ide/toolchain/bin/../lib/gcc/arm-none-eabi/4.8.4/../../../../arm-none-eabi/lib/armv6-m\libg_s.a(lib_a-impure.o)
 .data._impure_ptr
                0x1ffff068        0x4 d:/programe/kinetis studio ide/toolchain/bin/../lib/gcc/arm-none-eabi/4.8.4/../../../../arm-none-eabi/lib/armv6-m\libg_s.a(lib_a-impure.o)
                0x1ffff068                _impure_ptr
 *(.jcr*)
 .jcr           0x1ffff06c        0x0 d:/programe/kinetis studio ide/toolchain/bin/../lib/gcc/arm-none-eabi/4.8.4/armv6-m/crtbegin.o
 .jcr           0x1ffff06c        0x4 d:/programe/kinetis studio ide/toolchain/bin/../lib/gcc/arm-none-eabi/4.8.4/armv6-m/crtend.o
                0x1ffff070                . = ALIGN (0x4)
                0x1ffff070                __data_end__ = .
                0x00004f58                __DATA_END = (__DATA_ROM + (__data_end__ - __data_start__))

.igot.plt       0x1ffff070        0x0 load address 0x00004f58
 .igot.plt      0x00000000        0x0 d:/programe/kinetis studio ide/toolchain/bin/../lib/gcc/arm-none-eabi/4.8.4/armv6-m/crtbegin.o

.bss            0x1ffff070      0x7a0 load address 0x00004f58
                0x1ffff070                . = ALIGN (0x4)
                0x1ffff070                __START_BSS = .
                0x1ffff070                __bss_start__ = .
 *(.bss)
 .bss           0x1ffff070       0x1c d:/programe/kinetis studio ide/toolchain/bin/../lib/gcc/arm-none-eabi/4.8.4/armv6-m/crtbegin.o
 *(.bss*)
 .bss.__malloc_sbrk_start
                0x1ffff08c        0x4 d:/programe/kinetis studio ide/toolchain/bin/../lib/gcc/arm-none-eabi/4.8.4/../../../../arm-none-eabi/lib/armv6-m\libg_s.a(lib_a-nano-mallocr.o)
                0x1ffff08c                __malloc_sbrk_start
 .bss.__malloc_free_list
                0x1ffff090        0x4 d:/programe/kinetis studio ide/toolchain/bin/../lib/gcc/arm-none-eabi/4.8.4/../../../../arm-none-eabi/lib/armv6-m\libg_s.a(lib_a-nano-mallocr.o)
                0x1ffff090                __malloc_free_list
 .bss.heap_end.4246
                0x1ffff094        0x4 d:/programe/kinetis studio ide/toolchain/bin/../lib/gcc/arm-none-eabi/4.8.4/../../../../arm-none-eabi/lib/armv6-m\libnosys.a(sbrk.o)
 *(COMMON)
 COMMON         0x1ffff098       0x10 ./Sources/System/Scheduler/io_sch.o
                0x1ffff098                Io_Sch_OsCounter
                0x1ffff0a4                Io_Sch_OsConfigPtr
 COMMON         0x1ffff0a8       0x18 ./Sources/System/Scheduler/io_sch_cnf.o
                0x1ffff0a8                Io_Sch_TaskCounter50ms
                0x1ffff0ac                Io_Sch_TaskCounter10ms
                0x1ffff0b0                Io_Sch_TaskCounter100ms
                0x1ffff0b4                Io_Sch_TaskCounter1000ms
                0x1ffff0b8                Io_Sch_TaskCounter1ms
                0x1ffff0bc                Io_Sch_TaskCounter0ms
 COMMON         0x1ffff0c0      0x4ec ./Sources/System/Os/io_os.o
                0x1ffff0c0                Io_Os_PriorityQueues
                0x1ffff350                Io_Os_PeriodicQueueDepth
                0x1ffff354                Io_Os_PeriodicQueue
 COMMON         0x1ffff5ac       0x5d ./Sources/MCU_drivers/Tpm/io_tpm.o
                0x1ffff5ac                Io_Tpm_Tpm0Used
                0x1ffff5b0                Io_Tpm_Dcm_Channels
                0x1ffff5f8                Io_Tpm_Tpm2Used
                0x1ffff5fc                Io_Tpm_PwmChLastDutycycle
                0x1ffff600                Io_Tpm_Tpm1Used
                0x1ffff604                Io_Tpm_Cnf_Ptr
                0x1ffff608                Io_Tpm_Initialized
 *fill*         0x1ffff609        0x3 
 COMMON         0x1ffff60c        0x4 ./Sources/MCU_drivers/Pcs/io_pcs.o
                0x1ffff60c                Io_Pcs_CnfPtr
 COMMON         0x1ffff610       0xc4 ./Sources/MCU_drivers/Int/io_int.o
                0x1ffff610                Io_Int_CnfPtr
                0x1ffff614                array_of_handlers
 COMMON         0x1ffff6d4        0xc ./Sources/MCU_drivers/I2c/io_i2c.o
                0x1ffff6d4                error_log
                0x1ffff6d8                timeout
                0x1ffff6dc                Io_DeviceCnf_Ptr
 COMMON         0x1ffff6e0       0x78 ./Sources/MCU_drivers/Asy/io_asy.o
                0x1ffff6e0                basy_phy_to_log_ch
                0x1ffff6e4                Io_Asy_channel_table
                0x1ffff72c                io_asy_config_device_int
                0x1ffff730                tx_table
                0x1ffff740                Io_Asy_ch_info_ptr_int
                0x1ffff744                c
                0x1ffff748                rx_table
 COMMON         0x1ffff758       0x20 ./Sources/MCU_drivers/Adc/io_adc.o
                0x1ffff758                Io_Adc_Data_var
                0x1ffff770                Io_Adc_ConfigPtr
                0x1ffff774                Io_Adc_Data
 COMMON         0x1ffff778       0x8a ./Sources/HW_drivers/Sensors/Proximity/io_sens_ir.o
                0x1ffff778                Io_Sens_sensorRearDistanceMm
                0x1ffff77c                Io_Sens_sensorSamplesVectorRight
                0x1ffff790                Io_Sens_measurementmV
                0x1ffff794                Io_Sens_USONIC_sensorSamplesVectorRight
                0x1ffff79a                Io_Sens_sensorLeftDistanceCm
                0x1ffff79c                Io_Sens_sensorSamplesVectorFront
                0x1ffff7b0                Io_Sens_sensorRightDistanceCm
                0x1ffff7b2                Io_Sens_sensorRightDistanceMm
                0x1ffff7b4                Io_Sens_sensorSamplesVectorLeft
                0x1ffff7c8                Io_Sens_sensorSamplesVectorRear
                0x1ffff7dc                Io_Sens_sensorSamplesCounter
                0x1ffff7dd                Io_Sens_USONIC_sensorRearDistanceCm
                0x1ffff7de                Io_Sens_USONIC_sensorFrontDistanceCm
                0x1ffff7df                Io_Sens_USONIC_sensorRightDistanceCm
                0x1ffff7e0                Io_Sens_USONIC_sensorSamplesVectorLeft
                0x1ffff7e6                Io_Sens_sensorRearDistanceCm
                0x1ffff7e7                delay
                0x1ffff7e8                Io_Sens_sensorLeftDistanceMm
                0x1ffff7ea                Io_Sens_USONIC_sensorSamplesCounter
                0x1ffff7ec                Io_Sens_sensorFrontDistanceMm
                0x1ffff7f0                Io_Sens_USONIC_sensorSamplesVectorRear
                0x1ffff7f6                Io_Sens_USONIC_sensorLeftDistanceCm
                0x1ffff7f8                Io_Sens_measurementuS
                0x1ffff7fa                Io_Sens_sensorFrontDistanceCm
                0x1ffff7fc                Io_Sens_USONIC_sensorSamplesVectorFront
 *fill*         0x1ffff802        0x2 
 COMMON         0x1ffff804        0x8 ./Sources/HW_drivers/H-bridge/ti8833/io_hbr_ti8833.o
                0x1ffff804                hbr_drv8833_config
                0x1ffff808                hbr_drv8833_state
 COMMON         0x1ffff80c        0x4 d:/programe/kinetis studio ide/toolchain/bin/../lib/gcc/arm-none-eabi/4.8.4/../../../../arm-none-eabi/lib/armv6-m\libg_s.a(lib_a-reent.o)
                0x1ffff80c                errno
                0x1ffff810                . = ALIGN (0x4)
                0x1ffff810                __bss_end__ = .
                0x1ffff810                __END_BSS = .

.heap           0x1ffff810      0x400 load address 0x000056f8
                0x1ffff810                . = ALIGN (0x8)
                0x1ffff810                __end__ = .
                0x1ffff810                PROVIDE (end, .)
                0x1ffff810                __HeapBase = .
                0x1ffffc10                . = (. + HEAP_SIZE)
 *fill*         0x1ffff810      0x400 
                0x1ffffc10                __HeapLimit = .

.stack          0x1ffffc10      0x400 load address 0x00005af8
                0x1ffffc10                . = ALIGN (0x8)
                0x20000010                . = (. + STACK_SIZE)
 *fill*         0x1ffffc10      0x400 
                0x20003000                __StackTop = (ORIGIN (m_data) + 0x4000)
                0x20002c00                __StackLimit = (__StackTop - STACK_SIZE)
                0x20003000                PROVIDE (__stack, __StackTop)

.ARM.attributes
                0x00000000       0x28
 *(.ARM.attributes)
 .ARM.attributes
                0x00000000       0x1e d:/programe/kinetis studio ide/toolchain/bin/../lib/gcc/arm-none-eabi/4.8.4/armv6-m/crti.o
 .ARM.attributes
                0x0000001e       0x2c d:/programe/kinetis studio ide/toolchain/bin/../lib/gcc/arm-none-eabi/4.8.4/armv6-m/crtbegin.o
 .ARM.attributes
                0x0000004a       0x1b d:/programe/kinetis studio ide/toolchain/bin/../lib/gcc/arm-none-eabi/4.8.4/../../../../arm-none-eabi/lib/armv6-m/crt0.o
 .ARM.attributes
                0x00000065       0x32 ./Sources/System/Scheduler/io_sch.o
 .ARM.attributes
                0x00000097       0x32 ./Sources/System/Scheduler/io_sch_cnf.o
 .ARM.attributes
                0x000000c9       0x32 ./Sources/System/Os/io_os.o
 .ARM.attributes
                0x000000fb       0x32 ./Sources/Other_functions/io_func.o
 .ARM.attributes
                0x0000012d       0x32 ./Sources/MCU_drivers/Wdt/io_wdt.o
 .ARM.attributes
                0x0000015f       0x32 ./Sources/MCU_drivers/Tpm/io_tpm.o
 .ARM.attributes
                0x00000191       0x32 ./Sources/MCU_drivers/Tpm/io_tpm_cnf.o
 .ARM.attributes
                0x000001c3       0x32 ./Sources/MCU_drivers/Pcs/io_pcs.o
 .ARM.attributes
                0x000001f5       0x32 ./Sources/MCU_drivers/Pcs/io_pcs_cnf.o
 .ARM.attributes
                0x00000227       0x32 ./Sources/MCU_drivers/Int/io_int.o
 .ARM.attributes
                0x00000259       0x32 ./Sources/MCU_drivers/Int/io_int_cnf.o
 .ARM.attributes
                0x0000028b       0x32 ./Sources/MCU_drivers/I2c/io_i2c.o
 .ARM.attributes
                0x000002bd       0x32 ./Sources/MCU_drivers/I2c/io_i2c_cnf.o
 .ARM.attributes
                0x000002ef       0x32 ./Sources/MCU_drivers/Dio/io_dio.o
 .ARM.attributes
                0x00000321       0x32 ./Sources/MCU_drivers/Asy/io_asy.o
 .ARM.attributes
                0x00000353       0x32 ./Sources/MCU_drivers/Asy/io_asy_cnf.o
 .ARM.attributes
                0x00000385       0x32 ./Sources/MCU_drivers/Adc/io_adc.o
 .ARM.attributes
                0x000003b7       0x32 ./Sources/MCU_drivers/Adc/io_adc_cnf.o
 .ARM.attributes
                0x000003e9       0x32 ./Sources/HW_drivers/Sensors/Proximity/io_sens_ir.o
 .ARM.attributes
                0x0000041b       0x32 ./Sources/HW_drivers/H-bridge/ti8833/io_hbr_cnf_ti8833.o
 .ARM.attributes
                0x0000044d       0x32 ./Sources/HW_drivers/H-bridge/ti8833/io_hbr_ti8833.o
 .ARM.attributes
                0x0000047f       0x32 ./Sources/main.o
 .ARM.attributes
                0x000004b1       0x1b ./Project_Settings/Startup_Code/startup_MKL26Z4.o
 .ARM.attributes
                0x000004cc       0x32 ./Project_Settings/Startup_Code/system_MKL26Z4.o
 .ARM.attributes
                0x000004fe       0x1e d:/programe/kinetis studio ide/toolchain/bin/../lib/gcc/arm-none-eabi/4.8.4/armv6-m\libgcc.a(_udivsi3.o)
 .ARM.attributes
                0x0000051c       0x1e d:/programe/kinetis studio ide/toolchain/bin/../lib/gcc/arm-none-eabi/4.8.4/armv6-m\libgcc.a(_divsi3.o)
 .ARM.attributes
                0x0000053a       0x1e d:/programe/kinetis studio ide/toolchain/bin/../lib/gcc/arm-none-eabi/4.8.4/armv6-m\libgcc.a(_dvmd_tls.o)
 .ARM.attributes
                0x00000558       0x2c d:/programe/kinetis studio ide/toolchain/bin/../lib/gcc/arm-none-eabi/4.8.4/armv6-m\libgcc.a(_fixunsdfsi.o)
 .ARM.attributes
                0x00000584       0x2c d:/programe/kinetis studio ide/toolchain/bin/../lib/gcc/arm-none-eabi/4.8.4/armv6-m\libgcc.a(divdf3.o)
 .ARM.attributes
                0x000005b0       0x2c d:/programe/kinetis studio ide/toolchain/bin/../lib/gcc/arm-none-eabi/4.8.4/armv6-m\libgcc.a(muldf3.o)
 .ARM.attributes
                0x000005dc       0x2c d:/programe/kinetis studio ide/toolchain/bin/../lib/gcc/arm-none-eabi/4.8.4/armv6-m\libgcc.a(subdf3.o)
 .ARM.attributes
                0x00000608       0x2c d:/programe/kinetis studio ide/toolchain/bin/../lib/gcc/arm-none-eabi/4.8.4/armv6-m\libgcc.a(fixdfsi.o)
 .ARM.attributes
                0x00000634       0x2c d:/programe/kinetis studio ide/toolchain/bin/../lib/gcc/arm-none-eabi/4.8.4/armv6-m\libgcc.a(floatsidf.o)
 .ARM.attributes
                0x00000660       0x2c d:/programe/kinetis studio ide/toolchain/bin/../lib/gcc/arm-none-eabi/4.8.4/armv6-m\libgcc.a(floatunsidf.o)
 .ARM.attributes
                0x0000068c       0x1e d:/programe/kinetis studio ide/toolchain/bin/../lib/gcc/arm-none-eabi/4.8.4/armv6-m\libgcc.a(_arm_cmpdf2.o)
 .ARM.attributes
                0x000006aa       0x1e d:/programe/kinetis studio ide/toolchain/bin/../lib/gcc/arm-none-eabi/4.8.4/armv6-m\libgcc.a(_clzsi2.o)
 .ARM.attributes
                0x000006c8       0x2c d:/programe/kinetis studio ide/toolchain/bin/../lib/gcc/arm-none-eabi/4.8.4/armv6-m\libgcc.a(eqdf2.o)
 .ARM.attributes
                0x000006f4       0x2c d:/programe/kinetis studio ide/toolchain/bin/../lib/gcc/arm-none-eabi/4.8.4/armv6-m\libgcc.a(gedf2.o)
 .ARM.attributes
                0x00000720       0x2c d:/programe/kinetis studio ide/toolchain/bin/../lib/gcc/arm-none-eabi/4.8.4/armv6-m\libgcc.a(ledf2.o)
 .ARM.attributes
                0x0000074c       0x2c d:/programe/kinetis studio ide/toolchain/bin/../lib/gcc/arm-none-eabi/4.8.4/../../../../arm-none-eabi/lib/armv6-m\libg_s.a(lib_a-calloc.o)
 .ARM.attributes
                0x00000778       0x2c d:/programe/kinetis studio ide/toolchain/bin/../lib/gcc/arm-none-eabi/4.8.4/../../../../arm-none-eabi/lib/armv6-m\libg_s.a(lib_a-exit.o)
 .ARM.attributes
                0x000007a4       0x2c d:/programe/kinetis studio ide/toolchain/bin/../lib/gcc/arm-none-eabi/4.8.4/../../../../arm-none-eabi/lib/armv6-m\libg_s.a(lib_a-impure.o)
 .ARM.attributes
                0x000007d0       0x2c d:/programe/kinetis studio ide/toolchain/bin/../lib/gcc/arm-none-eabi/4.8.4/../../../../arm-none-eabi/lib/armv6-m\libg_s.a(lib_a-init.o)
 .ARM.attributes
                0x000007fc       0x2c d:/programe/kinetis studio ide/toolchain/bin/../lib/gcc/arm-none-eabi/4.8.4/../../../../arm-none-eabi/lib/armv6-m\libg_s.a(lib_a-malloc.o)
 .ARM.attributes
                0x00000828       0x2c d:/programe/kinetis studio ide/toolchain/bin/../lib/gcc/arm-none-eabi/4.8.4/../../../../arm-none-eabi/lib/armv6-m\libg_s.a(lib_a-memset.o)
 .ARM.attributes
                0x00000854       0x2c d:/programe/kinetis studio ide/toolchain/bin/../lib/gcc/arm-none-eabi/4.8.4/../../../../arm-none-eabi/lib/armv6-m\libg_s.a(lib_a-nano-callocr.o)
 .ARM.attributes
                0x00000880       0x2c d:/programe/kinetis studio ide/toolchain/bin/../lib/gcc/arm-none-eabi/4.8.4/../../../../arm-none-eabi/lib/armv6-m\libg_s.a(lib_a-nano-mallocr.o)
 .ARM.attributes
                0x000008ac       0x2c d:/programe/kinetis studio ide/toolchain/bin/../lib/gcc/arm-none-eabi/4.8.4/../../../../arm-none-eabi/lib/armv6-m\libg_s.a(lib_a-sbrkr.o)
 .ARM.attributes
                0x000008d8       0x2c d:/programe/kinetis studio ide/toolchain/bin/../lib/gcc/arm-none-eabi/4.8.4/../../../../arm-none-eabi/lib/armv6-m\libg_s.a(lib_a-reent.o)
 .ARM.attributes
                0x00000904       0x2c d:/programe/kinetis studio ide/toolchain/bin/../lib/gcc/arm-none-eabi/4.8.4/../../../../arm-none-eabi/lib/armv6-m\libnosys.a(sbrk.o)
 .ARM.attributes
                0x00000930       0x2c d:/programe/kinetis studio ide/toolchain/bin/../lib/gcc/arm-none-eabi/4.8.4/../../../../arm-none-eabi/lib/armv6-m\libnosys.a(_exit.o)
 .ARM.attributes
                0x0000095c       0x2c d:/programe/kinetis studio ide/toolchain/bin/../lib/gcc/arm-none-eabi/4.8.4/armv6-m/crtend.o
 .ARM.attributes
                0x00000988       0x1e d:/programe/kinetis studio ide/toolchain/bin/../lib/gcc/arm-none-eabi/4.8.4/armv6-m/crtn.o
                0x00000001                ASSERT ((__StackLimit >= __HeapLimit), region m_data overflowed with stack and heap)
OUTPUT(FRDM KL26Z platform.elf elf32-littlearm)

.debug_info     0x00000000     0x7127
 .debug_info    0x00000000      0x1ae ./Sources/System/Scheduler/io_sch.o
 .debug_info    0x000001ae      0x230 ./Sources/System/Scheduler/io_sch_cnf.o
 .debug_info    0x000003de      0x3b2 ./Sources/System/Os/io_os.o
 .debug_info    0x00000790      0x209 ./Sources/Other_functions/io_func.o
 .debug_info    0x00000999      0x2de ./Sources/MCU_drivers/Wdt/io_wdt.o
 .debug_info    0x00000c77      0xda2 ./Sources/MCU_drivers/Tpm/io_tpm.o
 .debug_info    0x00001a19      0x3dc ./Sources/MCU_drivers/Tpm/io_tpm_cnf.o
 .debug_info    0x00001df5      0x6ad ./Sources/MCU_drivers/Pcs/io_pcs.o
 .debug_info    0x000024a2      0x186 ./Sources/MCU_drivers/Pcs/io_pcs_cnf.o
 .debug_info    0x00002628      0x8b0 ./Sources/MCU_drivers/Int/io_int.o
 .debug_info    0x00002ed8      0x248 ./Sources/MCU_drivers/Int/io_int_cnf.o
 .debug_info    0x00003120      0x7ad ./Sources/MCU_drivers/I2c/io_i2c.o
 .debug_info    0x000038cd      0x213 ./Sources/MCU_drivers/I2c/io_i2c_cnf.o
 .debug_info    0x00003ae0      0x227 ./Sources/MCU_drivers/Dio/io_dio.o
 .debug_info    0x00003d07      0xe29 ./Sources/MCU_drivers/Asy/io_asy.o
 .debug_info    0x00004b30      0x64e ./Sources/MCU_drivers/Asy/io_asy_cnf.o
 .debug_info    0x0000517e      0x68f ./Sources/MCU_drivers/Adc/io_adc.o
 .debug_info    0x0000580d      0x14b ./Sources/MCU_drivers/Adc/io_adc_cnf.o
 .debug_info    0x00005958      0x43b ./Sources/HW_drivers/Sensors/Proximity/io_sens_ir.o
 .debug_info    0x00005d93      0x161 ./Sources/HW_drivers/H-bridge/ti8833/io_hbr_cnf_ti8833.o
 .debug_info    0x00005ef4      0x253 ./Sources/HW_drivers/H-bridge/ti8833/io_hbr_ti8833.o
 .debug_info    0x00006147      0x8db ./Sources/main.o
 .debug_info    0x00006a22       0xa0 ./Project_Settings/Startup_Code/startup_MKL26Z4.o
 .debug_info    0x00006ac2      0x665 ./Project_Settings/Startup_Code/system_MKL26Z4.o

.debug_abbrev   0x00000000     0x1b5f
 .debug_abbrev  0x00000000       0xe4 ./Sources/System/Scheduler/io_sch.o
 .debug_abbrev  0x000000e4       0xbe ./Sources/System/Scheduler/io_sch_cnf.o
 .debug_abbrev  0x000001a2      0x112 ./Sources/System/Os/io_os.o
 .debug_abbrev  0x000002b4       0xb9 ./Sources/Other_functions/io_func.o
 .debug_abbrev  0x0000036d       0xcb ./Sources/MCU_drivers/Wdt/io_wdt.o
 .debug_abbrev  0x00000438      0x230 ./Sources/MCU_drivers/Tpm/io_tpm.o
 .debug_abbrev  0x00000668       0xea ./Sources/MCU_drivers/Tpm/io_tpm_cnf.o
 .debug_abbrev  0x00000752      0x19b ./Sources/MCU_drivers/Pcs/io_pcs.o
 .debug_abbrev  0x000008ed       0x96 ./Sources/MCU_drivers/Pcs/io_pcs_cnf.o
 .debug_abbrev  0x00000983      0x1fe ./Sources/MCU_drivers/Int/io_int.o
 .debug_abbrev  0x00000b81       0xa6 ./Sources/MCU_drivers/Int/io_int_cnf.o
 .debug_abbrev  0x00000c27      0x1ec ./Sources/MCU_drivers/I2c/io_i2c.o
 .debug_abbrev  0x00000e13       0xd5 ./Sources/MCU_drivers/I2c/io_i2c_cnf.o
 .debug_abbrev  0x00000ee8      0x118 ./Sources/MCU_drivers/Dio/io_dio.o
 .debug_abbrev  0x00001000      0x2af ./Sources/MCU_drivers/Asy/io_asy.o
 .debug_abbrev  0x000012af      0x160 ./Sources/MCU_drivers/Asy/io_asy_cnf.o
 .debug_abbrev  0x0000140f      0x1e9 ./Sources/MCU_drivers/Adc/io_adc.o
 .debug_abbrev  0x000015f8       0x87 ./Sources/MCU_drivers/Adc/io_adc_cnf.o
 .debug_abbrev  0x0000167f      0x10e ./Sources/HW_drivers/Sensors/Proximity/io_sens_ir.o
 .debug_abbrev  0x0000178d       0x87 ./Sources/HW_drivers/H-bridge/ti8833/io_hbr_cnf_ti8833.o
 .debug_abbrev  0x00001814       0xdc ./Sources/HW_drivers/H-bridge/ti8833/io_hbr_ti8833.o
 .debug_abbrev  0x000018f0      0x13a ./Sources/main.o
 .debug_abbrev  0x00001a2a       0x14 ./Project_Settings/Startup_Code/startup_MKL26Z4.o
 .debug_abbrev  0x00001a3e      0x121 ./Project_Settings/Startup_Code/system_MKL26Z4.o

.debug_aranges  0x00000000      0x7c0
 .debug_aranges
                0x00000000       0x28 ./Sources/System/Scheduler/io_sch.o
 .debug_aranges
                0x00000028       0x48 ./Sources/System/Scheduler/io_sch_cnf.o
 .debug_aranges
                0x00000070       0x58 ./Sources/System/Os/io_os.o
 .debug_aranges
                0x000000c8       0x48 ./Sources/Other_functions/io_func.o
 .debug_aranges
                0x00000110       0x38 ./Sources/MCU_drivers/Wdt/io_wdt.o
 .debug_aranges
                0x00000148       0xb8 ./Sources/MCU_drivers/Tpm/io_tpm.o
 .debug_aranges
                0x00000200       0x18 ./Sources/MCU_drivers/Tpm/io_tpm_cnf.o
 .debug_aranges
                0x00000218       0x40 ./Sources/MCU_drivers/Pcs/io_pcs.o
 .debug_aranges
                0x00000258       0x18 ./Sources/MCU_drivers/Pcs/io_pcs_cnf.o
 .debug_aranges
                0x00000270      0x198 ./Sources/MCU_drivers/Int/io_int.o
 .debug_aranges
                0x00000408       0x18 ./Sources/MCU_drivers/Int/io_int_cnf.o
 .debug_aranges
                0x00000420       0xa8 ./Sources/MCU_drivers/I2c/io_i2c.o
 .debug_aranges
                0x000004c8       0x18 ./Sources/MCU_drivers/I2c/io_i2c_cnf.o
 .debug_aranges
                0x000004e0       0x38 ./Sources/MCU_drivers/Dio/io_dio.o
 .debug_aranges
                0x00000518       0xf0 ./Sources/MCU_drivers/Asy/io_asy.o
 .debug_aranges
                0x00000608       0x50 ./Sources/MCU_drivers/Asy/io_asy_cnf.o
 .debug_aranges
                0x00000658       0x48 ./Sources/MCU_drivers/Adc/io_adc.o
 .debug_aranges
                0x000006a0       0x18 ./Sources/MCU_drivers/Adc/io_adc_cnf.o
 .debug_aranges
                0x000006b8       0x50 ./Sources/HW_drivers/Sensors/Proximity/io_sens_ir.o
 .debug_aranges
                0x00000708       0x18 ./Sources/HW_drivers/H-bridge/ti8833/io_hbr_cnf_ti8833.o
 .debug_aranges
                0x00000720       0x38 ./Sources/HW_drivers/H-bridge/ti8833/io_hbr_ti8833.o
 .debug_aranges
                0x00000758       0x20 ./Sources/main.o
 .debug_aranges
                0x00000778       0x20 ./Project_Settings/Startup_Code/startup_MKL26Z4.o
 .debug_aranges
                0x00000798       0x28 ./Project_Settings/Startup_Code/system_MKL26Z4.o

.debug_ranges   0x00000000      0x600
 .debug_ranges  0x00000000       0x18 ./Sources/System/Scheduler/io_sch.o
 .debug_ranges  0x00000018       0x38 ./Sources/System/Scheduler/io_sch_cnf.o
 .debug_ranges  0x00000050       0x48 ./Sources/System/Os/io_os.o
 .debug_ranges  0x00000098       0x38 ./Sources/Other_functions/io_func.o
 .debug_ranges  0x000000d0       0x28 ./Sources/MCU_drivers/Wdt/io_wdt.o
 .debug_ranges  0x000000f8       0xa8 ./Sources/MCU_drivers/Tpm/io_tpm.o
 .debug_ranges  0x000001a0       0x30 ./Sources/MCU_drivers/Pcs/io_pcs.o
 .debug_ranges  0x000001d0      0x188 ./Sources/MCU_drivers/Int/io_int.o
 .debug_ranges  0x00000358       0x98 ./Sources/MCU_drivers/I2c/io_i2c.o
 .debug_ranges  0x000003f0       0x28 ./Sources/MCU_drivers/Dio/io_dio.o
 .debug_ranges  0x00000418       0xe0 ./Sources/MCU_drivers/Asy/io_asy.o
 .debug_ranges  0x000004f8       0x40 ./Sources/MCU_drivers/Asy/io_asy_cnf.o
 .debug_ranges  0x00000538       0x38 ./Sources/MCU_drivers/Adc/io_adc.o
 .debug_ranges  0x00000570       0x40 ./Sources/HW_drivers/Sensors/Proximity/io_sens_ir.o
 .debug_ranges  0x000005b0       0x28 ./Sources/HW_drivers/H-bridge/ti8833/io_hbr_ti8833.o
 .debug_ranges  0x000005d8       0x10 ./Sources/main.o
 .debug_ranges  0x000005e8       0x18 ./Project_Settings/Startup_Code/system_MKL26Z4.o

.debug_macro    0x00000000     0xab70
 .debug_macro   0x00000000       0xd5 ./Sources/System/Scheduler/io_sch.o
 .debug_macro   0x000000d5      0x802 ./Sources/System/Scheduler/io_sch.o
 .debug_macro   0x000008d7       0x16 ./Sources/System/Scheduler/io_sch.o
 .debug_macro   0x000008ed       0x16 ./Sources/System/Scheduler/io_sch.o
 .debug_macro   0x00000903       0x44 ./Sources/System/Scheduler/io_sch.o
 .debug_macro   0x00000947      0x209 ./Sources/System/Scheduler/io_sch.o
 .debug_macro   0x00000b50       0x3a ./Sources/System/Scheduler/io_sch.o
 .debug_macro   0x00000b8a       0x3a ./Sources/System/Scheduler/io_sch.o
 .debug_macro   0x00000bc4       0x1f ./Sources/System/Scheduler/io_sch.o
 .debug_macro   0x00000be3      0x250 ./Sources/System/Scheduler/io_sch.o
 .debug_macro   0x00000e33       0xd1 ./Sources/System/Scheduler/io_sch.o
 .debug_macro   0x00000f04     0x5e22 ./Sources/System/Scheduler/io_sch.o
 .debug_macro   0x00006d26       0x58 ./Sources/System/Scheduler/io_sch.o
 .debug_macro   0x00006d7e       0x52 ./Sources/System/Scheduler/io_sch.o
 .debug_macro   0x00006dd0       0x3a ./Sources/System/Scheduler/io_sch.o
 .debug_macro   0x00006e0a       0x82 ./Sources/System/Scheduler/io_sch.o
 .debug_macro   0x00006e8c      0x2e5 ./Sources/System/Scheduler/io_sch_cnf.o
 .debug_macro   0x00007171       0x34 ./Sources/System/Scheduler/io_sch_cnf.o
 .debug_macro   0x000071a5       0x10 ./Sources/System/Scheduler/io_sch_cnf.o
 .debug_macro   0x000071b5      0x136 ./Sources/System/Scheduler/io_sch_cnf.o
 .debug_macro   0x000072eb      0x2df ./Sources/System/Scheduler/io_sch_cnf.o
 .debug_macro   0x000075ca      0x539 ./Sources/System/Scheduler/io_sch_cnf.o
 .debug_macro   0x00007b03      0x23f ./Sources/System/Scheduler/io_sch_cnf.o
 .debug_macro   0x00007d42       0x2e ./Sources/System/Scheduler/io_sch_cnf.o
 .debug_macro   0x00007d70      0x196 ./Sources/System/Scheduler/io_sch_cnf.o
 .debug_macro   0x00007f06       0x16 ./Sources/System/Scheduler/io_sch_cnf.o
 .debug_macro   0x00007f1c       0x16 ./Sources/System/Scheduler/io_sch_cnf.o
 .debug_macro   0x00007f32       0xee ./Sources/System/Scheduler/io_sch_cnf.o
 .debug_macro   0x00008020      0x13d ./Sources/System/Scheduler/io_sch_cnf.o
 .debug_macro   0x0000815d       0x28 ./Sources/System/Scheduler/io_sch_cnf.o
 .debug_macro   0x00008185       0x40 ./Sources/System/Scheduler/io_sch_cnf.o
 .debug_macro   0x000081c5       0x1c ./Sources/System/Scheduler/io_sch_cnf.o
 .debug_macro   0x000081e1       0x2e ./Sources/System/Scheduler/io_sch_cnf.o
 .debug_macro   0x0000820f       0x6a ./Sources/System/Scheduler/io_sch_cnf.o
 .debug_macro   0x00008279       0x82 ./Sources/System/Scheduler/io_sch_cnf.o
 .debug_macro   0x000082fb       0x64 ./Sources/System/Scheduler/io_sch_cnf.o
 .debug_macro   0x0000835f       0x4c ./Sources/System/Scheduler/io_sch_cnf.o
 .debug_macro   0x000083ab       0x10 ./Sources/System/Scheduler/io_sch_cnf.o
 .debug_macro   0x000083bb       0x4c ./Sources/System/Scheduler/io_sch_cnf.o
 .debug_macro   0x00008407       0x16 ./Sources/System/Scheduler/io_sch_cnf.o
 .debug_macro   0x0000841d       0xbe ./Sources/System/Scheduler/io_sch_cnf.o
 .debug_macro   0x000084db      0x194 ./Sources/System/Os/io_os.o
 .debug_macro   0x0000866f       0xca ./Sources/Other_functions/io_func.o
 .debug_macro   0x00008739      0x190 ./Sources/MCU_drivers/Wdt/io_wdt.o
 .debug_macro   0x000088c9      0x227 ./Sources/MCU_drivers/Tpm/io_tpm.o
 .debug_macro   0x00008af0       0x58 ./Sources/MCU_drivers/Tpm/io_tpm.o
 .debug_macro   0x00008b48       0x35 ./Sources/MCU_drivers/Tpm/io_tpm.o
 .debug_macro   0x00008b7d       0xa3 ./Sources/MCU_drivers/Tpm/io_tpm.o
 .debug_macro   0x00008c20       0x16 ./Sources/MCU_drivers/Tpm/io_tpm.o
 .debug_macro   0x00008c36      0x10e ./Sources/MCU_drivers/Tpm/io_tpm.o
 .debug_macro   0x00008d44       0x7f ./Sources/MCU_drivers/Tpm/io_tpm.o
 .debug_macro   0x00008dc3       0x4a ./Sources/MCU_drivers/Tpm/io_tpm.o
 .debug_macro   0x00008e0d       0x52 ./Sources/MCU_drivers/Tpm/io_tpm.o
 .debug_macro   0x00008e5f       0x16 ./Sources/MCU_drivers/Tpm/io_tpm.o
 .debug_macro   0x00008e75       0x43 ./Sources/MCU_drivers/Tpm/io_tpm.o
 .debug_macro   0x00008eb8      0x180 ./Sources/MCU_drivers/Tpm/io_tpm.o
 .debug_macro   0x00009038       0x22 ./Sources/MCU_drivers/Tpm/io_tpm.o
 .debug_macro   0x0000905a      0x20f ./Sources/MCU_drivers/Tpm/io_tpm.o
 .debug_macro   0x00009269       0xfb ./Sources/MCU_drivers/Tpm/io_tpm_cnf.o
 .debug_macro   0x00009364      0x185 ./Sources/MCU_drivers/Pcs/io_pcs.o
 .debug_macro   0x000094e9       0xd9 ./Sources/MCU_drivers/Pcs/io_pcs_cnf.o
 .debug_macro   0x000095c2      0x17d ./Sources/MCU_drivers/Int/io_int.o
 .debug_macro   0x0000973f      0x17d ./Sources/MCU_drivers/Int/io_int_cnf.o
 .debug_macro   0x000098bc      0x18b ./Sources/MCU_drivers/I2c/io_i2c.o
 .debug_macro   0x00009a47      0x181 ./Sources/MCU_drivers/I2c/io_i2c_cnf.o
 .debug_macro   0x00009bc8       0xfa ./Sources/MCU_drivers/Dio/io_dio.o
 .debug_macro   0x00009cc2      0x194 ./Sources/MCU_drivers/Asy/io_asy.o
 .debug_macro   0x00009e56      0x16e ./Sources/MCU_drivers/Asy/io_asy_cnf.o
 .debug_macro   0x00009fc4      0x1ac ./Sources/MCU_drivers/Adc/io_adc.o
 .debug_macro   0x0000a170       0xed ./Sources/MCU_drivers/Adc/io_adc_cnf.o
 .debug_macro   0x0000a25d      0x152 ./Sources/HW_drivers/Sensors/Proximity/io_sens_ir.o
 .debug_macro   0x0000a3af      0x182 ./Sources/HW_drivers/H-bridge/ti8833/io_hbr_cnf_ti8833.o
 .debug_macro   0x0000a531      0x27d ./Sources/HW_drivers/H-bridge/ti8833/io_hbr_ti8833.o
 .debug_macro   0x0000a7ae      0x2f8 ./Sources/main.o
 .debug_macro   0x0000aaa6       0x7e ./Project_Settings/Startup_Code/system_MKL26Z4.o
 .debug_macro   0x0000ab24       0x4c ./Project_Settings/Startup_Code/system_MKL26Z4.o

.debug_line     0x00000000     0x6c62
 .debug_line    0x00000000      0x2ec ./Sources/System/Scheduler/io_sch.o
 .debug_line    0x000002ec      0x77b ./Sources/System/Scheduler/io_sch_cnf.o
 .debug_line    0x00000a67      0x538 ./Sources/System/Os/io_os.o
 .debug_line    0x00000f9f      0x2fa ./Sources/Other_functions/io_func.o
 .debug_line    0x00001299      0x441 ./Sources/MCU_drivers/Wdt/io_wdt.o
 .debug_line    0x000016da      0x715 ./Sources/MCU_drivers/Tpm/io_tpm.o
 .debug_line    0x00001def      0x2d1 ./Sources/MCU_drivers/Tpm/io_tpm_cnf.o
 .debug_line    0x000020c0      0x49b ./Sources/MCU_drivers/Pcs/io_pcs.o
 .debug_line    0x0000255b      0x29a ./Sources/MCU_drivers/Pcs/io_pcs_cnf.o
 .debug_line    0x000027f5      0x77f ./Sources/MCU_drivers/Int/io_int.o
 .debug_line    0x00002f74      0x3d9 ./Sources/MCU_drivers/Int/io_int_cnf.o
 .debug_line    0x0000334d      0x5b6 ./Sources/MCU_drivers/I2c/io_i2c.o
 .debug_line    0x00003903      0x3f0 ./Sources/MCU_drivers/I2c/io_i2c_cnf.o
 .debug_line    0x00003cf3      0x33f ./Sources/MCU_drivers/Dio/io_dio.o
 .debug_line    0x00004032      0x7ea ./Sources/MCU_drivers/Asy/io_asy.o
 .debug_line    0x0000481c      0x461 ./Sources/MCU_drivers/Asy/io_asy_cnf.o
 .debug_line    0x00004c7d      0x496 ./Sources/MCU_drivers/Adc/io_adc.o
 .debug_line    0x00005113      0x2c2 ./Sources/MCU_drivers/Adc/io_adc_cnf.o
 .debug_line    0x000053d5      0x4b6 ./Sources/HW_drivers/Sensors/Proximity/io_sens_ir.o
 .debug_line    0x0000588b      0x3f5 ./Sources/HW_drivers/H-bridge/ti8833/io_hbr_cnf_ti8833.o
 .debug_line    0x00005c80      0x5c4 ./Sources/HW_drivers/H-bridge/ti8833/io_hbr_ti8833.o
 .debug_line    0x00006244      0x6ea ./Sources/main.o
 .debug_line    0x0000692e       0x85 ./Project_Settings/Startup_Code/startup_MKL26Z4.o
 .debug_line    0x000069b3      0x2af ./Project_Settings/Startup_Code/system_MKL26Z4.o

.debug_str      0x00000000    0x2cc56
 .debug_str     0x00000000    0x20d01 ./Sources/System/Scheduler/io_sch.o
                              0x2109c (size before relaxing)
 .debug_str     0x00020d01     0x82c4 ./Sources/System/Scheduler/io_sch_cnf.o
                              0x2932a (size before relaxing)
 .debug_str     0x00028fc5      0x1e6 ./Sources/System/Os/io_os.o
                              0x27125 (size before relaxing)
 .debug_str     0x000291ab       0x9c ./Sources/Other_functions/io_func.o
                              0x2104e (size before relaxing)
 .debug_str     0x00029247      0x147 ./Sources/MCU_drivers/Wdt/io_wdt.o
                              0x27031 (size before relaxing)
 .debug_str     0x0002938e     0x1b99 ./Sources/MCU_drivers/Tpm/io_tpm.o
                              0x290de (size before relaxing)
 .debug_str     0x0002af27       0x49 ./Sources/MCU_drivers/Tpm/io_tpm_cnf.o
                              0x26348 (size before relaxing)
 .debug_str     0x0002af70      0x1e4 ./Sources/MCU_drivers/Pcs/io_pcs.o
                              0x27176 (size before relaxing)
 .debug_str     0x0002b154       0x42 ./Sources/MCU_drivers/Pcs/io_pcs_cnf.o
                              0x24f85 (size before relaxing)
 .debug_str     0x0002b196      0x523 ./Sources/MCU_drivers/Int/io_int.o
                              0x27552 (size before relaxing)
 .debug_str     0x0002b6b9       0x47 ./Sources/MCU_drivers/Int/io_int_cnf.o
                              0x27112 (size before relaxing)
 .debug_str     0x0002b700      0x237 ./Sources/MCU_drivers/I2c/io_i2c.o
                              0x26cb9 (size before relaxing)
 .debug_str     0x0002b937       0x39 ./Sources/MCU_drivers/I2c/io_i2c_cnf.o
                              0x26a4b (size before relaxing)
 .debug_str     0x0002b970       0x85 ./Sources/MCU_drivers/Dio/io_dio.o
                              0x24fd9 (size before relaxing)
 .debug_str     0x0002b9f5      0x641 ./Sources/MCU_drivers/Asy/io_asy.o
                              0x270bb (size before relaxing)
 .debug_str     0x0002c036      0x123 ./Sources/MCU_drivers/Asy/io_asy_cnf.o
                              0x26cce (size before relaxing)
 .debug_str     0x0002c159      0x30a ./Sources/MCU_drivers/Adc/io_adc.o
                              0x2780c (size before relaxing)
 .debug_str     0x0002c463       0x54 ./Sources/MCU_drivers/Adc/io_adc_cnf.o
                              0x21653 (size before relaxing)
 .debug_str     0x0002c4b7      0x484 ./Sources/HW_drivers/Sensors/Proximity/io_sens_ir.o
                              0x26d82 (size before relaxing)
 .debug_str     0x0002c93b      0x116 ./Sources/HW_drivers/H-bridge/ti8833/io_hbr_cnf_ti8833.o
                              0x27014 (size before relaxing)
 .debug_str     0x0002ca51       0xf8 ./Sources/HW_drivers/H-bridge/ti8833/io_hbr_ti8833.o
                              0x29970 (size before relaxing)
 .debug_str     0x0002cb49       0x17 ./Sources/main.o
                              0x29725 (size before relaxing)
 .debug_str     0x0002cb60       0xf6 ./Project_Settings/Startup_Code/system_MKL26Z4.o
                              0x20d49 (size before relaxing)

.comment        0x00000000       0x70
 .comment       0x00000000       0x70 ./Sources/System/Scheduler/io_sch.o
                                 0x71 (size before relaxing)
 .comment       0x00000000       0x71 ./Sources/System/Scheduler/io_sch_cnf.o
 .comment       0x00000000       0x71 ./Sources/System/Os/io_os.o
 .comment       0x00000000       0x71 ./Sources/Other_functions/io_func.o
 .comment       0x00000000       0x71 ./Sources/MCU_drivers/Wdt/io_wdt.o
 .comment       0x00000000       0x71 ./Sources/MCU_drivers/Tpm/io_tpm.o
 .comment       0x00000000       0x71 ./Sources/MCU_drivers/Tpm/io_tpm_cnf.o
 .comment       0x00000000       0x71 ./Sources/MCU_drivers/Pcs/io_pcs.o
 .comment       0x00000000       0x71 ./Sources/MCU_drivers/Pcs/io_pcs_cnf.o
 .comment       0x00000000       0x71 ./Sources/MCU_drivers/Int/io_int.o
 .comment       0x00000000       0x71 ./Sources/MCU_drivers/Int/io_int_cnf.o
 .comment       0x00000000       0x71 ./Sources/MCU_drivers/I2c/io_i2c.o
 .comment       0x00000000       0x71 ./Sources/MCU_drivers/I2c/io_i2c_cnf.o
 .comment       0x00000000       0x71 ./Sources/MCU_drivers/Dio/io_dio.o
 .comment       0x00000000       0x71 ./Sources/MCU_drivers/Asy/io_asy.o
 .comment       0x00000000       0x71 ./Sources/MCU_drivers/Asy/io_asy_cnf.o
 .comment       0x00000000       0x71 ./Sources/MCU_drivers/Adc/io_adc.o
 .comment       0x00000000       0x71 ./Sources/MCU_drivers/Adc/io_adc_cnf.o
 .comment       0x00000000       0x71 ./Sources/HW_drivers/Sensors/Proximity/io_sens_ir.o
 .comment       0x00000000       0x71 ./Sources/HW_drivers/H-bridge/ti8833/io_hbr_cnf_ti8833.o
 .comment       0x00000000       0x71 ./Sources/HW_drivers/H-bridge/ti8833/io_hbr_ti8833.o
 .comment       0x00000000       0x71 ./Sources/main.o
 .comment       0x00000000       0x71 ./Project_Settings/Startup_Code/system_MKL26Z4.o

.debug_frame    0x00000000     0x1a48
 .debug_frame   0x00000000       0x50 ./Sources/System/Scheduler/io_sch.o
 .debug_frame   0x00000050       0xb8 ./Sources/System/Scheduler/io_sch_cnf.o
 .debug_frame   0x00000108      0x10c ./Sources/System/Os/io_os.o
 .debug_frame   0x00000214       0xd0 ./Sources/Other_functions/io_func.o
 .debug_frame   0x000002e4       0x80 ./Sources/MCU_drivers/Wdt/io_wdt.o
 .debug_frame   0x00000364      0x298 ./Sources/MCU_drivers/Tpm/io_tpm.o
 .debug_frame   0x000005fc       0xb0 ./Sources/MCU_drivers/Pcs/io_pcs.o
 .debug_frame   0x000006ac      0x574 ./Sources/MCU_drivers/Int/io_int.o
 .debug_frame   0x00000c20      0x24c ./Sources/MCU_drivers/I2c/io_i2c.o
 .debug_frame   0x00000e6c       0x88 ./Sources/MCU_drivers/Dio/io_dio.o
 .debug_frame   0x00000ef4      0x364 ./Sources/MCU_drivers/Asy/io_asy.o
 .debug_frame   0x00001258       0xf0 ./Sources/MCU_drivers/Asy/io_asy_cnf.o
 .debug_frame   0x00001348       0xcc ./Sources/MCU_drivers/Adc/io_adc.o
 .debug_frame   0x00001414       0xf0 ./Sources/HW_drivers/Sensors/Proximity/io_sens_ir.o
 .debug_frame   0x00001504       0x90 ./Sources/HW_drivers/H-bridge/ti8833/io_hbr_ti8833.o
 .debug_frame   0x00001594       0x2c ./Sources/main.o
 .debug_frame   0x000015c0       0x4c ./Project_Settings/Startup_Code/system_MKL26Z4.o
 .debug_frame   0x0000160c       0x20 d:/programe/kinetis studio ide/toolchain/bin/../lib/gcc/arm-none-eabi/4.8.4/armv6-m\libgcc.a(_udivsi3.o)
 .debug_frame   0x0000162c       0x20 d:/programe/kinetis studio ide/toolchain/bin/../lib/gcc/arm-none-eabi/4.8.4/armv6-m\libgcc.a(_divsi3.o)
 .debug_frame   0x0000164c       0x2c d:/programe/kinetis studio ide/toolchain/bin/../lib/gcc/arm-none-eabi/4.8.4/armv6-m\libgcc.a(_fixunsdfsi.o)
 .debug_frame   0x00001678       0x3c d:/programe/kinetis studio ide/toolchain/bin/../lib/gcc/arm-none-eabi/4.8.4/armv6-m\libgcc.a(divdf3.o)
 .debug_frame   0x000016b4       0x3c d:/programe/kinetis studio ide/toolchain/bin/../lib/gcc/arm-none-eabi/4.8.4/armv6-m\libgcc.a(muldf3.o)
 .debug_frame   0x000016f0       0x3c d:/programe/kinetis studio ide/toolchain/bin/../lib/gcc/arm-none-eabi/4.8.4/armv6-m\libgcc.a(subdf3.o)
 .debug_frame   0x0000172c       0x2c d:/programe/kinetis studio ide/toolchain/bin/../lib/gcc/arm-none-eabi/4.8.4/armv6-m\libgcc.a(fixdfsi.o)
 .debug_frame   0x00001758       0x30 d:/programe/kinetis studio ide/toolchain/bin/../lib/gcc/arm-none-eabi/4.8.4/armv6-m\libgcc.a(floatsidf.o)
 .debug_frame   0x00001788       0x28 d:/programe/kinetis studio ide/toolchain/bin/../lib/gcc/arm-none-eabi/4.8.4/armv6-m\libgcc.a(floatunsidf.o)
 .debug_frame   0x000017b0       0x3c d:/programe/kinetis studio ide/toolchain/bin/../lib/gcc/arm-none-eabi/4.8.4/armv6-m\libgcc.a(eqdf2.o)
 .debug_frame   0x000017ec       0x38 d:/programe/kinetis studio ide/toolchain/bin/../lib/gcc/arm-none-eabi/4.8.4/armv6-m\libgcc.a(gedf2.o)
 .debug_frame   0x00001824       0x3c d:/programe/kinetis studio ide/toolchain/bin/../lib/gcc/arm-none-eabi/4.8.4/armv6-m\libgcc.a(ledf2.o)
 .debug_frame   0x00001860       0x28 d:/programe/kinetis studio ide/toolchain/bin/../lib/gcc/arm-none-eabi/4.8.4/../../../../arm-none-eabi/lib/armv6-m\libg_s.a(lib_a-calloc.o)
 .debug_frame   0x00001888       0x28 d:/programe/kinetis studio ide/toolchain/bin/../lib/gcc/arm-none-eabi/4.8.4/../../../../arm-none-eabi/lib/armv6-m\libg_s.a(lib_a-exit.o)
 .debug_frame   0x000018b0       0x2c d:/programe/kinetis studio ide/toolchain/bin/../lib/gcc/arm-none-eabi/4.8.4/../../../../arm-none-eabi/lib/armv6-m\libg_s.a(lib_a-init.o)
 .debug_frame   0x000018dc       0x40 d:/programe/kinetis studio ide/toolchain/bin/../lib/gcc/arm-none-eabi/4.8.4/../../../../arm-none-eabi/lib/armv6-m\libg_s.a(lib_a-malloc.o)
 .debug_frame   0x0000191c       0x20 d:/programe/kinetis studio ide/toolchain/bin/../lib/gcc/arm-none-eabi/4.8.4/../../../../arm-none-eabi/lib/armv6-m\libg_s.a(lib_a-memset.o)
 .debug_frame   0x0000193c       0x2c d:/programe/kinetis studio ide/toolchain/bin/../lib/gcc/arm-none-eabi/4.8.4/../../../../arm-none-eabi/lib/armv6-m\libg_s.a(lib_a-nano-callocr.o)
 .debug_frame   0x00001968       0x2c d:/programe/kinetis studio ide/toolchain/bin/../lib/gcc/arm-none-eabi/4.8.4/../../../../arm-none-eabi/lib/armv6-m\libg_s.a(lib_a-nano-mallocr.o)
 .debug_frame   0x00001994       0x2c d:/programe/kinetis studio ide/toolchain/bin/../lib/gcc/arm-none-eabi/4.8.4/../../../../arm-none-eabi/lib/armv6-m\libg_s.a(lib_a-sbrkr.o)
 .debug_frame   0x000019c0       0x48 d:/programe/kinetis studio ide/toolchain/bin/../lib/gcc/arm-none-eabi/4.8.4/../../../../arm-none-eabi/lib/armv6-m\libg_s.a(lib_a-reent.o)
 .debug_frame   0x00001a08       0x20 d:/programe/kinetis studio ide/toolchain/bin/../lib/gcc/arm-none-eabi/4.8.4/../../../../arm-none-eabi/lib/armv6-m\libnosys.a(sbrk.o)
 .debug_frame   0x00001a28       0x20 d:/programe/kinetis studio ide/toolchain/bin/../lib/gcc/arm-none-eabi/4.8.4/../../../../arm-none-eabi/lib/armv6-m\libnosys.a(_exit.o)
